85.7.62.78 - - [17/Apr/2016:07:32:51 -0400] "GET /images/theme_images/mike1/favicon.ico HTTP/1.1" 200 1435 "http://www.journalism.columbia.edu/more_scholarships" "Mozilla/5.0 (Macintosh; Intel Mac OS X 10_11_1) AppleWebKit/537.36 (KHTML, like Gecko) Chrome/49.0.2623.110 Safari/537.36"
144.76.14.47 - - [17/Apr/2016:07:33:13 -0400] "GET / HTTP/1.1" 200 5999 "-" "Mozilla/5.0 (Windows; U; Windows NT 6.0; en-GB; rv:1.0; trendictionbot0.5.0; trendiction search; http://www.trendiction.de/bot; please let us know of any problems; web at trendiction.com) Gecko/20071127 Firefox/3.0.0.11"
197.179.158.75 - - [17/Apr/2016:07:33:18 -0400] "GET /system/documents/968/original/Balbi_John_2015.pdf HTTP/1.1" 200 664663 "https://www.google.com" "Mozilla/5.0 (Windows NT 6.1; rv:45.0) Gecko/20100101 Firefox/45.0"
197.179.158.75 - - [17/Apr/2016:07:33:20 -0400] "GET /system/documents/968/original/Balbi_John_2015.pdf HTTP/1.1" 206 65850 "https://www.google.com" "Mozilla/5.0 (Windows NT 6.1; rv:45.0) Gecko/20100101 Firefox/45.0"
128.59.40.117 - - [17/Apr/2016:07:33:21 -0400] "GET /robots.txt HTTP/1.0" 200 469 "-" "gsa-crawler (Enterprise; T4-BWMXW7XQDYSQL; search-admin@columbia.edu)"
197.179.158.75 - - [17/Apr/2016:07:33:22 -0400] "GET /system/documents/968/original/Balbi_John_2015.pdf HTTP/1.1" 206 65856 "https://www.google.com" "Mozilla/5.0 (Windows NT 6.1; rv:45.0) Gecko/20100101 Firefox/45.0"
66.17.112.201 - - [17/Apr/2016:07:33:25 -0400] "GET /profile/37-howard-french/ HTTP/1.1" 200 4596 "http://www.journalism.columbia.edu/page/10" "Mozilla/5.0 (Macintosh; Intel Mac OS X 10.11; rv:45.0) Gecko/20100101 Firefox/45.0"
197.179.158.75 - - [17/Apr/2016:07:33:26 -0400] "GET /favicon.ico HTTP/1.1" 404 898 "-" "Mozilla/5.0 (Windows NT 6.1; rv:45.0) Gecko/20100101 Firefox/45.0"
197.179.158.75 - - [17/Apr/2016:07:33:26 -0400] "GET /favicon.ico HTTP/1.1" 404 898 "-" "Mozilla/5.0 (Windows NT 6.1; rv:45.0) Gecko/20100101 Firefox/45.0"
213.143.49.176 - - [17/Apr/2016:07:33:36 -0400] "GET /system/photos/3494/default/FINAL-Admissions-2.gif?1389479910 HTTP/1.1" 200 134770 "http://www.journalism.columbia.edu/page/8-training-programs/8" "Mozilla/5.0 (Linux; Android 4.4.4; Orange Fova Build/KTU84P) AppleWebKit/537.36 (KHTML, like Gecko) Version/4.0 Chrome/33.0.0.0 Mobile Safari/537.36"
213.143.49.176 - - [17/Apr/2016:07:33:37 -0400] "GET /images/theme_images/mike1/line4.png HTTP/1.1" 200 454 "http://www.journalism.columbia.edu/page/8-training-programs/8" "Mozilla/5.0 (Linux; Android 4.4.4; Orange Fova Build/KTU84P) AppleWebKit/537.36 (KHTML, like Gecko) Version/4.0 Chrome/33.0.0.0 Mobile Safari/537.36"
151.80.31.104 - - [17/Apr/2016:07:33:43 -0400] "GET /feed/195.rss HTTP/1.1" 200 650 "-" "Mozilla/5.0 (compatible; AhrefsBot/5.1; +http://ahrefs.com/robot/)"
123.125.71.40 - - [17/Apr/2016:07:34:05 -0400] "GET /page/171-berger-award/172 HTTP/1.1" 200 6221 "-" "Mozilla/5.0 (compatible; Baiduspider/2.0; +http://www.baidu.com/search/spider.html)"
108.168.196.54 - - [17/Apr/2016:07:34:07 -0400] "GET /page/1254-meet-the-2016-2017-knight-bagehot-fellows/1117 HTTP/1.1" 200 26888 "-" "Mozilla/5.0 (compatible; Wazzup1.0.8427; http://50.22.201.16/Wazzup)"
54.183.147.184 - - [17/Apr/2016:07:34:08 -0400] "HEAD /system/photos/3256/original/deitsch_.jpg?1376325513 HTTP/1.1" 200 284 "-" "python-requests/2.3.0 CPython/3.4.2 Linux/3.10.42-52.145.amzn1.x86_64"
108.168.196.54 - - [17/Apr/2016:07:34:08 -0400] "GET /javascripts/theme_scripts/mike1/jquery.ui.tumblr.rss.js HTTP/1.1" 200 5778 "-" "Mozilla/5.0 (compatible; Wazzup1.0.3733; http://50.22.201.16/Wazzup)"
108.168.196.54 - - [17/Apr/2016:07:34:08 -0400] "GET /javascripts/theme_scripts/mike1/jquery.tablesorter.min.js HTTP/1.1" 200 16813 "-" "Mozilla/5.0 (compatible; Wazzup1.0.9931; http://50.22.201.16/Wazzup)"
108.168.196.54 - - [17/Apr/2016:07:34:08 -0400] "GET /javascripts/theme_scripts/mike1/main.js HTTP/1.1" 200 3430 "-" "Mozilla/5.0 (compatible; Wazzup1.0.7992; http://50.22.201.16/Wazzup)"
108.168.196.54 - - [17/Apr/2016:07:34:08 -0400] "GET /javascripts/theme_scripts/mike1/moment.min.js HTTP/1.1" 200 25793 "-" "Mozilla/5.0 (compatible; Wazzup1.0.392; http://50.22.201.16/Wazzup)"
108.168.196.54 - - [17/Apr/2016:07:34:08 -0400] "GET /javascripts/theme_scripts/mike1/underscore-min.js HTTP/1.1" 200 14651 "-" "Mozilla/5.0 (compatible; Wazzup1.0.2070; http://50.22.201.16/Wazzup)"
108.168.196.54 - - [17/Apr/2016:07:34:09 -0400] "GET /javascripts/theme_scripts/mike1/clndr.min.js HTTP/1.1" 200 16204 "-" "Mozilla/5.0 (compatible; Wazzup1.0.7736; http://50.22.201.16/Wazzup)"
108.168.196.54 - - [17/Apr/2016:07:34:10 -0400] "GET /stylesheets/theme_stylesheets/mike1/flexslider.css HTTP/1.1" 200 4135 "-" "Mozilla/5.0 (compatible; Wazzup1.0.4177; http://50.22.201.16/Wazzup)"
108.168.196.54 - - [17/Apr/2016:07:34:11 -0400] "GET /feed/1250.rss HTTP/1.1" 200 877 "-" "Mozilla/5.0 (compatible; Wazzup1.0.2070; http://50.22.201.16/Wazzup)"
69.162.124.235 - - [17/Apr/2016:07:34:19 -0400] "HEAD / HTTP/1.1" 301 281 "-" "Mozilla/5.0+(compatible; UptimeRobot/2.0; http://www.uptimerobot.com/)"
95.233.46.247 - - [17/Apr/2016:07:34:20 -0400] "GET /profile/428-mark-hansen/10 HTTP/1.1" 200 4339 "https://www.google.com/" "Mozilla/5.0 (Macintosh; Intel Mac OS X 10_10_5) AppleWebKit/601.5.17 (KHTML, like Gecko) Version/9.1 Safari/601.5.17"
95.233.46.247 - - [17/Apr/2016:07:34:21 -0400] "GET /stylesheets/theme_stylesheets/mike1/colorbox.css HTTP/1.1" 200 1754 "http://www.journalism.columbia.edu/profile/428-mark-hansen/10" "Mozilla/5.0 (Macintosh; Intel Mac OS X 10_10_5) AppleWebKit/601.5.17 (KHTML, like Gecko) Version/9.1 Safari/601.5.17"
95.233.46.247 - - [17/Apr/2016:07:34:21 -0400] "GET /javascripts/theme_scripts/mike1/jquery.flexslider.js HTTP/1.1" 200 11424 "http://www.journalism.columbia.edu/profile/428-mark-hansen/10" "Mozilla/5.0 (Macintosh; Intel Mac OS X 10_10_5) AppleWebKit/601.5.17 (KHTML, like Gecko) Version/9.1 Safari/601.5.17"
95.233.46.247 - - [17/Apr/2016:07:34:21 -0400] "GET /javascripts/theme_scripts/mike1/jquery.js HTTP/1.1" 200 33752 "http://www.journalism.columbia.edu/profile/428-mark-hansen/10" "Mozilla/5.0 (Macintosh; Intel Mac OS X 10_10_5) AppleWebKit/601.5.17 (KHTML, like Gecko) Version/9.1 Safari/601.5.17"
95.233.46.247 - - [17/Apr/2016:07:34:21 -0400] "GET /javascripts/theme_scripts/mike1/main.js HTTP/1.1" 200 1418 "http://www.journalism.columbia.edu/profile/428-mark-hansen/10" "Mozilla/5.0 (Macintosh; Intel Mac OS X 10_10_5) AppleWebKit/601.5.17 (KHTML, like Gecko) Version/9.1 Safari/601.5.17"
95.233.46.247 - - [17/Apr/2016:07:34:21 -0400] "GET /javascripts/theme_scripts/mike1/underscore-min.js HTTP/1.1" 200 5285 "http://www.journalism.columbia.edu/profile/428-mark-hansen/10" "Mozilla/5.0 (Macintosh; Intel Mac OS X 10_10_5) AppleWebKit/601.5.17 (KHTML, like Gecko) Version/9.1 Safari/601.5.17"
95.233.46.247 - - [17/Apr/2016:07:34:21 -0400] "GET /javascripts/theme_scripts/mike1/moment.min.js HTTP/1.1" 200 9509 "http://www.journalism.columbia.edu/profile/428-mark-hansen/10" "Mozilla/5.0 (Macintosh; Intel Mac OS X 10_10_5) AppleWebKit/601.5.17 (KHTML, like Gecko) Version/9.1 Safari/601.5.17"
95.233.46.247 - - [17/Apr/2016:07:34:22 -0400] "GET /system/photos/3545/original/hansen.jpg?1392670367 HTTP/1.1" 200 12049 "http://www.journalism.columbia.edu/profile/428-mark-hansen/10" "Mozilla/5.0 (Macintosh; Intel Mac OS X 10_10_5) AppleWebKit/601.5.17 (KHTML, like Gecko) Version/9.1 Safari/601.5.17"
95.233.46.247 - - [17/Apr/2016:07:34:22 -0400] "GET /images/theme_images/mike1/header-bg.png HTTP/1.1" 200 8213 "http://www.journalism.columbia.edu/profile/428-mark-hansen/10" "Mozilla/5.0 (Macintosh; Intel Mac OS X 10_10_5) AppleWebKit/601.5.17 (KHTML, like Gecko) Version/9.1 Safari/601.5.17"
95.233.46.247 - - [17/Apr/2016:07:34:22 -0400] "GET /images/theme_images/mike1/logo.png HTTP/1.1" 200 13780 "http://www.journalism.columbia.edu/profile/428-mark-hansen/10" "Mozilla/5.0 (Macintosh; Intel Mac OS X 10_10_5) AppleWebKit/601.5.17 (KHTML, like Gecko) Version/9.1 Safari/601.5.17"
95.233.46.247 - - [17/Apr/2016:07:34:23 -0400] "GET /fonts/theme_fonts/mike1/newsgothicmtbold-webfont.woff HTTP/1.1" 200 44085 "http://www.journalism.columbia.edu/profile/428-mark-hansen/10" "Mozilla/5.0 (Macintosh; Intel Mac OS X 10_10_5) AppleWebKit/601.5.17 (KHTML, like Gecko) Version/9.1 Safari/601.5.17"
95.233.46.247 - - [17/Apr/2016:07:34:23 -0400] "GET /images/theme_images/mike1//colorbox/border1.png HTTP/1.1" 200 1313 "http://www.journalism.columbia.edu/profile/428-mark-hansen/10" "Mozilla/5.0 (Macintosh; Intel Mac OS X 10_10_5) AppleWebKit/601.5.17 (KHTML, like Gecko) Version/9.1 Safari/601.5.17"
95.233.46.247 - - [17/Apr/2016:07:34:23 -0400] "GET /images/theme_images/mike1//colorbox/border2.png HTTP/1.1" 200 424 "http://www.journalism.columbia.edu/profile/428-mark-hansen/10" "Mozilla/5.0 (Macintosh; Intel Mac OS X 10_10_5) AppleWebKit/601.5.17 (KHTML, like Gecko) Version/9.1 Safari/601.5.17"
95.233.46.247 - - [17/Apr/2016:07:34:23 -0400] "GET /images/theme_images/mike1/apply-button-bg.png HTTP/1.1" 200 7681 "http://www.journalism.columbia.edu/profile/428-mark-hansen/10" "Mozilla/5.0 (Macintosh; Intel Mac OS X 10_10_5) AppleWebKit/601.5.17 (KHTML, like Gecko) Version/9.1 Safari/601.5.17"
129.34.20.23 - - [17/Apr/2016:07:34:23 -0400] "GET /stylesheets/theme_stylesheets/mike1/colorbox.css HTTP/1.1" 200 1754 "http://www.journalism.columbia.edu/profile/428-mark-hansen/10" "Mozilla/5.0 (Macintosh; Intel Mac OS X 10_10_5) AppleWebKit/601.4.4 (KHTML, like Gecko) Version/9.0.3 Safari/601.4.4"
129.34.20.23 - - [17/Apr/2016:07:34:23 -0400] "GET /stylesheets/theme_stylesheets/mike1/flexslider.css HTTP/1.1" 200 1675 "http://www.journalism.columbia.edu/profile/428-mark-hansen/10" "Mozilla/5.0 (Macintosh; Intel Mac OS X 10_10_5) AppleWebKit/601.4.4 (KHTML, like Gecko) Version/9.0.3 Safari/601.4.4"
129.34.20.23 - - [17/Apr/2016:07:34:23 -0400] "GET /javascripts/theme_scripts/mike1/jquery.js HTTP/1.1" 200 33752 "http://www.journalism.columbia.edu/profile/428-mark-hansen/10" "Mozilla/5.0 (Macintosh; Intel Mac OS X 10_10_5) AppleWebKit/601.4.4 (KHTML, like Gecko) Version/9.0.3 Safari/601.4.4"
129.34.20.23 - - [17/Apr/2016:07:34:23 -0400] "GET /javascripts/theme_scripts/mike1/main.js HTTP/1.1" 200 1418 "http://www.journalism.columbia.edu/profile/428-mark-hansen/10" "Mozilla/5.0 (Macintosh; Intel Mac OS X 10_10_5) AppleWebKit/601.4.4 (KHTML, like Gecko) Version/9.0.3 Safari/601.4.4"
129.34.20.23 - - [17/Apr/2016:07:34:23 -0400] "GET /javascripts/theme_scripts/mike1/jquery.tablesorter.min.js HTTP/1.1" 200 5162 "http://www.journalism.columbia.edu/profile/428-mark-hansen/10" "Mozilla/5.0 (Macintosh; Intel Mac OS X 10_10_5) AppleWebKit/601.4.4 (KHTML, like Gecko) Version/9.0.3 Safari/601.4.4"
129.34.20.23 - - [17/Apr/2016:07:34:23 -0400] "GET /javascripts/theme_scripts/mike1/moment.min.js HTTP/1.1" 200 9509 "http://www.journalism.columbia.edu/profile/428-mark-hansen/10" "Mozilla/5.0 (Macintosh; Intel Mac OS X 10_10_5) AppleWebKit/601.4.4 (KHTML, like Gecko) Version/9.0.3 Safari/601.4.4"
129.34.20.23 - - [17/Apr/2016:07:34:24 -0400] "GET /system/photos/3545/original/hansen.jpg?1392670367 HTTP/1.1" 200 12049 "http://www.journalism.columbia.edu/profile/428-mark-hansen/10" "Mozilla/5.0 (Macintosh; Intel Mac OS X 10_10_5) AppleWebKit/601.4.4 (KHTML, like Gecko) Version/9.0.3 Safari/601.4.4"
129.34.20.23 - - [17/Apr/2016:07:34:24 -0400] "GET /images/theme_images/mike1/header-bg.png HTTP/1.1" 200 8213 "http://www.journalism.columbia.edu/profile/428-mark-hansen/10" "Mozilla/5.0 (Macintosh; Intel Mac OS X 10_10_5) AppleWebKit/601.4.4 (KHTML, like Gecko) Version/9.0.3 Safari/601.4.4"
129.34.20.23 - - [17/Apr/2016:07:34:24 -0400] "GET /images/theme_images/mike1/line4.png HTTP/1.1" 200 454 "http://www.journalism.columbia.edu/profile/428-mark-hansen/10" "Mozilla/5.0 (Macintosh; Intel Mac OS X 10_10_5) AppleWebKit/601.4.4 (KHTML, like Gecko) Version/9.0.3 Safari/601.4.4"
129.34.20.23 - - [17/Apr/2016:07:34:24 -0400] "GET /images/theme_images/mike1/apply-button-bg.png HTTP/1.1" 200 7681 "http://www.journalism.columbia.edu/profile/428-mark-hansen/10" "Mozilla/5.0 (Macintosh; Intel Mac OS X 10_10_5) AppleWebKit/601.4.4 (KHTML, like Gecko) Version/9.0.3 Safari/601.4.4"
95.233.46.247 - - [17/Apr/2016:07:34:24 -0400] "GET /images/theme_images/mike1/favicon.ico HTTP/1.1" 200 1435 "http://www.journalism.columbia.edu/profile/428-mark-hansen/10" "Mozilla/5.0 (Macintosh; Intel Mac OS X 10_10_5) AppleWebKit/601.5.17 (KHTML, like Gecko) Version/9.1 Safari/601.5.17"
129.34.20.23 - - [17/Apr/2016:07:34:24 -0400] "GET /images/theme_images/mike1//colorbox/border2.png HTTP/1.1" 200 424 "http://www.journalism.columbia.edu/profile/428-mark-hansen/10" "Mozilla/5.0 (Macintosh; Intel Mac OS X 10_10_5) AppleWebKit/601.4.4 (KHTML, like Gecko) Version/9.0.3 Safari/601.4.4"
129.34.20.23 - - [17/Apr/2016:07:34:24 -0400] "GET /fonts/theme_fonts/mike1/newsgothiccondensed-webfont.woff HTTP/1.1" 200 23377 "http://www.journalism.columbia.edu/profile/428-mark-hansen/10" "Mozilla/5.0 (Macintosh; Intel Mac OS X 10_10_5) AppleWebKit/601.4.4 (KHTML, like Gecko) Version/9.0.3 Safari/601.4.4"
114.245.189.8 - - [17/Apr/2016:07:34:33 -0400] "GET /page/249-application-procedure-knight-bagehot-fellowship/250 HTTP/1.1" 200 7413 "-" "Mozilla/5.0 (Macintosh; Intel Mac OS X 10_10_3) AppleWebKit/600.6.3 (KHTML, like Gecko) Version/8.0.6 Safari/600.6.3"
114.245.189.8 - - [17/Apr/2016:07:34:36 -0400] "GET /page/249-application-procedure-knight-bagehot-fellowship/250 HTTP/1.1" 200 7413 "-" "Mozilla/5.0 (iPhone; CPU iPhone OS 8_1 like Mac OS X) AppleWebKit/600.1.4 (KHTML, like Gecko) Version/8.0 Mobile/12B410 Safari/600.1.4"
114.245.189.8 - - [17/Apr/2016:07:34:37 -0400] "GET /apple-touch-icon-precomposed.png HTTP/1.1" 404 898 "-" "com.apple.WebKit.WebContent/10600.6.3 CFNetwork/720.3.13 Darwin/14.3.0 (x86_64)"
68.180.231.24 - - [17/Apr/2016:07:34:39 -0400] "GET /profile/6-kate-grossman-97/3 HTTP/1.1" 304 211 "-" "Mozilla/5.0 (compatible; Yahoo! Slurp; http://help.yahoo.com/help/us/ysearch/slurp)"
68.180.231.24 - - [17/Apr/2016:07:35:09 -0400] "GET /feed/137.rss HTTP/1.1" 304 211 "-" "Mozilla/5.0 (compatible; Yahoo! Slurp; http://help.yahoo.com/help/us/ysearch/slurp)"
198.74.60.112 - - [17/Apr/2016:07:35:30 -0400] "GET /feed/301.rss HTTP/1.1" 200 62822 "-" "Tiny Tiny RSS/15.7 (89bea94) (http://tt-rss.org/)"
46.20.45.18 - - [17/Apr/2016:07:35:41 -0400] "GET / HTTP/1.1" 200 5999 "-" "Pingdom.com_bot_version_1.4_(http://www.pingdom.com/)"
207.46.13.74 - - [17/Apr/2016:07:35:45 -0400] "GET /cs/ContentServer/jrn/1165270069757/JRN_Profile_C/1165270095819/JRNFacultyDetail.htm HTTP/1.1" 303 546 "-" "Mozilla/5.0 (compatible; bingbot/2.0; +http://www.bing.com/bingbot.htm)"
128.59.40.117 - - [17/Apr/2016:07:35:49 -0400] "GET /event/1523 HTTP/1.0" 200 4133 "-" "gsa-crawler (Enterprise; T4-BWMXW7XQDYSQL; search-admin@columbia.edu)"
207.46.13.74 - - [17/Apr/2016:07:35:55 -0400] "GET /site_map HTTP/1.1" 200 5212 "-" "Mozilla/5.0 (compatible; bingbot/2.0; +http://www.bing.com/bingbot.htm)"
95.136.95.43 - - [17/Apr/2016:07:36:02 -0400] "GET / HTTP/1.1" 200 5999 "https://www.google.pt/" "Mozilla/5.0 (iPad; CPU OS 7_0_2 like Mac OS X) AppleWebKit/537.51.1 (KHTML, like Gecko) Version/7.0 Mobile/11A501 Safari/9537.53"
95.136.95.43 - - [17/Apr/2016:07:36:02 -0400] "GET /stylesheets/theme_stylesheets/mike1/colorbox.css HTTP/1.1" 200 1754 "http://www.journalism.columbia.edu/" "Mozilla/5.0 (iPad; CPU OS 7_0_2 like Mac OS X) AppleWebKit/537.51.1 (KHTML, like Gecko) Version/7.0 Mobile/11A501 Safari/9537.53"
66.249.92.29 - - [17/Apr/2016:07:36:03 -0400] "GET /feed/72.rss HTTP/1.1" 200 632 "-" "Feedfetcher-Google; (+http://www.google.com/feedfetcher.html; 1 subscribers; feed-id=14681528092489586480)"
95.136.95.43 - - [17/Apr/2016:07:36:03 -0400] "GET /javascripts/theme_scripts/mike1/jquery.flexslider.js HTTP/1.1" 200 11424 "http://www.journalism.columbia.edu/" "Mozilla/5.0 (iPad; CPU OS 7_0_2 like Mac OS X) AppleWebKit/537.51.1 (KHTML, like Gecko) Version/7.0 Mobile/11A501 Safari/9537.53"
95.136.95.43 - - [17/Apr/2016:07:36:03 -0400] "GET /javascripts/theme_scripts/mike1/jquery.colorbox.js HTTP/1.1" 200 4590 "http://www.journalism.columbia.edu/" "Mozilla/5.0 (iPad; CPU OS 7_0_2 like Mac OS X) AppleWebKit/537.51.1 (KHTML, like Gecko) Version/7.0 Mobile/11A501 Safari/9537.53"
95.136.95.43 - - [17/Apr/2016:07:36:03 -0400] "GET /javascripts/theme_scripts/mike1/main.js HTTP/1.1" 200 1418 "http://www.journalism.columbia.edu/" "Mozilla/5.0 (iPad; CPU OS 7_0_2 like Mac OS X) AppleWebKit/537.51.1 (KHTML, like Gecko) Version/7.0 Mobile/11A501 Safari/9537.53"
95.136.95.43 - - [17/Apr/2016:07:36:03 -0400] "GET /javascripts/theme_scripts/mike1/clndr.min.js HTTP/1.1" 200 3752 "http://www.journalism.columbia.edu/" "Mozilla/5.0 (iPad; CPU OS 7_0_2 like Mac OS X) AppleWebKit/537.51.1 (KHTML, like Gecko) Version/7.0 Mobile/11A501 Safari/9537.53"
95.136.95.43 - - [17/Apr/2016:07:36:03 -0400] "GET /system/photos/4584/default/towcenter_report2016.jpg?1460661625 HTTP/1.1" 200 163280 "http://www.journalism.columbia.edu/" "Mozilla/5.0 (iPad; CPU OS 7_0_2 like Mac OS X) AppleWebKit/537.51.1 (KHTML, like Gecko) Version/7.0 Mobile/11A501 Safari/9537.53"
95.136.95.43 - - [17/Apr/2016:07:36:04 -0400] "GET /system/photos/3200/default/TowCenter-Horizontal-v5.gif?1375202845 HTTP/1.1" 200 5670 "http://www.journalism.columbia.edu/" "Mozilla/5.0 (iPad; CPU OS 7_0_2 like Mac OS X) AppleWebKit/537.51.1 (KHTML, like Gecko) Version/7.0 Mobile/11A501 Safari/9537.53"
95.136.95.43 - - [17/Apr/2016:07:36:03 -0400] "GET /system/photos/4558/default/careerexpo2016.jpg?1460148883 HTTP/1.1" 200 212783 "http://www.journalism.columbia.edu/" "Mozilla/5.0 (iPad; CPU OS 7_0_2 like Mac OS X) AppleWebKit/537.51.1 (KHTML, like Gecko) Version/7.0 Mobile/11A501 Safari/9537.53"
95.136.95.43 - - [17/Apr/2016:07:36:04 -0400] "GET /fonts/theme_fonts/mike1/newsgothiccondensed-webfont.woff HTTP/1.1" 200 23377 "http://www.journalism.columbia.edu/" "Mozilla/5.0 (iPad; CPU OS 7_0_2 like Mac OS X) AppleWebKit/537.51.1 (KHTML, like Gecko) Version/7.0 Mobile/11A501 Safari/9537.53"
95.136.95.43 - - [17/Apr/2016:07:36:03 -0400] "GET /system/photos/4580/default/tobenkin_hp.jpg?1460236876 HTTP/1.1" 200 264333 "http://www.journalism.columbia.edu/" "Mozilla/5.0 (iPad; CPU OS 7_0_2 like Mac OS X) AppleWebKit/537.51.1 (KHTML, like Gecko) Version/7.0 Mobile/11A501 Safari/9537.53"
95.136.95.43 - - [17/Apr/2016:07:36:04 -0400] "GET /fonts/theme_fonts/mike1/newsgothicmt-webfont.woff HTTP/1.1" 200 42745 "http://www.journalism.columbia.edu/" "Mozilla/5.0 (iPad; CPU OS 7_0_2 like Mac OS X) AppleWebKit/537.51.1 (KHTML, like Gecko) Version/7.0 Mobile/11A501 Safari/9537.53"
95.136.95.43 - - [17/Apr/2016:07:36:04 -0400] "GET /images/theme_images/mike1/line1.png HTTP/1.1" 200 451 "http://www.journalism.columbia.edu/" "Mozilla/5.0 (iPad; CPU OS 7_0_2 like Mac OS X) AppleWebKit/537.51.1 (KHTML, like Gecko) Version/7.0 Mobile/11A501 Safari/9537.53"
95.136.95.43 - - [17/Apr/2016:07:36:04 -0400] "GET /images/theme_images/mike1/banners/The_New_York_World.jpg HTTP/1.1" 200 4822 "http://www.journalism.columbia.edu/" "Mozilla/5.0 (iPad; CPU OS 7_0_2 like Mac OS X) AppleWebKit/537.51.1 (KHTML, like Gecko) Version/7.0 Mobile/11A501 Safari/9537.53"
95.136.95.43 - - [17/Apr/2016:07:36:05 -0400] "GET /images/theme_images/mike1/logo.png HTTP/1.1" 200 13780 "http://www.journalism.columbia.edu/" "Mozilla/5.0 (iPad; CPU OS 7_0_2 like Mac OS X) AppleWebKit/537.51.1 (KHTML, like Gecko) Version/7.0 Mobile/11A501 Safari/9537.53"
95.136.95.43 - - [17/Apr/2016:07:36:05 -0400] "GET /images/theme_images/mike1/social_icons/soc_lt_insta.png HTTP/1.1" 200 11218 "http://www.journalism.columbia.edu/" "Mozilla/5.0 (iPad; CPU OS 7_0_2 like Mac OS X) AppleWebKit/537.51.1 (KHTML, like Gecko) Version/7.0 Mobile/11A501 Safari/9537.53"
95.136.95.43 - - [17/Apr/2016:07:36:05 -0400] "GET /images/theme_images/mike1/logo-footer.png HTTP/1.1" 200 1311 "http://www.journalism.columbia.edu/" "Mozilla/5.0 (iPad; CPU OS 7_0_2 like Mac OS X) AppleWebKit/537.51.1 (KHTML, like Gecko) Version/7.0 Mobile/11A501 Safari/9537.53"
95.136.95.43 - - [17/Apr/2016:07:36:05 -0400] "GET /images/theme_images/mike1/social_icons/soc_lt_yt.png HTTP/1.1" 200 11218 "http://www.journalism.columbia.edu/" "Mozilla/5.0 (iPad; CPU OS 7_0_2 like Mac OS X) AppleWebKit/537.51.1 (KHTML, like Gecko) Version/7.0 Mobile/11A501 Safari/9537.53"
95.136.95.43 - - [17/Apr/2016:07:36:05 -0400] "GET /images/theme_images/mike1/social_icons/soc_lt_fb.png HTTP/1.1" 200 11218 "http://www.journalism.columbia.edu/" "Mozilla/5.0 (iPad; CPU OS 7_0_2 like Mac OS X) AppleWebKit/537.51.1 (KHTML, like Gecko) Version/7.0 Mobile/11A501 Safari/9537.53"
95.136.95.43 - - [17/Apr/2016:07:36:05 -0400] "GET /images/theme_images/mike1/apply-button-bg.png HTTP/1.1" 200 7681 "http://www.journalism.columbia.edu/" "Mozilla/5.0 (iPad; CPU OS 7_0_2 like Mac OS X) AppleWebKit/537.51.1 (KHTML, like Gecko) Version/7.0 Mobile/11A501 Safari/9537.53"
95.136.95.43 - - [17/Apr/2016:07:36:03 -0400] "GET /system/photos/3394/default/mobile-hp-image-1.jpg?1431445080 HTTP/1.1" 200 1318426 "http://www.journalism.columbia.edu/" "Mozilla/5.0 (iPad; CPU OS 7_0_2 like Mac OS X) AppleWebKit/537.51.1 (KHTML, like Gecko) Version/7.0 Mobile/11A501 Safari/9537.53"
66.249.66.28 - - [17/Apr/2016:07:36:11 -0400] "GET /profile/331-joan-konner/ HTTP/1.1" 200 3897 "-" "Mozilla/5.0 (compatible; Googlebot/2.1; +http://www.google.com/bot.html)"
95.136.95.43 - - [17/Apr/2016:07:36:14 -0400] "GET /images/theme_images/mike1/line4.png HTTP/1.1" 200 454 "http://www.journalism.columbia.edu/page/4-prospective-students/4" "Mozilla/5.0 (iPad; CPU OS 7_0_2 like Mac OS X) AppleWebKit/537.51.1 (KHTML, like Gecko) Version/7.0 Mobile/11A501 Safari/9537.53"
68.180.231.24 - - [17/Apr/2016:07:36:25 -0400] "GET /page/1098/4?utm_source=data&utm_medium=email&utm_campaign=sc HTTP/1.1" 304 211 "-" "Mozilla/5.0 (compatible; Yahoo! Slurp; http://help.yahoo.com/help/us/ysearch/slurp)"
86.106.17.210 - - [17/Apr/2016:07:36:30 -0400] "GET /page/1-about-the-school/1 HTTP/1.0" 200 21033 "-" "Mozilla/5.0 (Windows NT 6.1) AppleWebKit/537.36 (KHTML, like Gecko) Chrome/41.0.2228.0 Safari/537.36"
95.136.95.43 - - [17/Apr/2016:07:36:45 -0400] "GET /page/1097/4 HTTP/1.1" 200 4884 "http://www.journalism.columbia.edu/page/4-prospective-students/4" "Mozilla/5.0 (iPad; CPU OS 7_0_2 like Mac OS X) AppleWebKit/537.51.1 (KHTML, like Gecko) Version/7.0 Mobile/11A501 Safari/9537.53"
100.1.205.12 - - [17/Apr/2016:07:36:56 -0400] "GET /stylesheets/theme_stylesheets/mike1/style.css HTTP/1.1" 200 10239 "http://www.journalism.columbia.edu/cjsaw16" "Mozilla/5.0 (iPad; CPU OS 8_3 like Mac OS X) AppleWebKit/600.1.4 (KHTML, like Gecko) Version/8.0 Mobile/12F69 Safari/600.1.4"
100.1.205.12 - - [17/Apr/2016:07:36:56 -0400] "GET /javascripts/theme_scripts/mike1/jquery.ui.tumblr.rss.js HTTP/1.1" 200 1986 "http://www.journalism.columbia.edu/cjsaw16" "Mozilla/5.0 (iPad; CPU OS 8_3 like Mac OS X) AppleWebKit/600.1.4 (KHTML, like Gecko) Version/8.0 Mobile/12F69 Safari/600.1.4"
100.1.205.12 - - [17/Apr/2016:07:36:56 -0400] "GET /javascripts/theme_scripts/mike1/jquery.tablesorter.min.js HTTP/1.1" 200 5162 "http://www.journalism.columbia.edu/cjsaw16" "Mozilla/5.0 (iPad; CPU OS 8_3 like Mac OS X) AppleWebKit/600.1.4 (KHTML, like Gecko) Version/8.0 Mobile/12F69 Safari/600.1.4"
100.1.205.12 - - [17/Apr/2016:07:36:56 -0400] "GET /javascripts/theme_scripts/mike1/jquery.flexslider.js HTTP/1.1" 200 11424 "http://www.journalism.columbia.edu/cjsaw16" "Mozilla/5.0 (iPad; CPU OS 8_3 like Mac OS X) AppleWebKit/600.1.4 (KHTML, like Gecko) Version/8.0 Mobile/12F69 Safari/600.1.4"
100.1.205.12 - - [17/Apr/2016:07:36:56 -0400] "GET /javascripts/theme_scripts/mike1/moment.min.js HTTP/1.1" 200 9509 "http://www.journalism.columbia.edu/cjsaw16" "Mozilla/5.0 (iPad; CPU OS 8_3 like Mac OS X) AppleWebKit/600.1.4 (KHTML, like Gecko) Version/8.0 Mobile/12F69 Safari/600.1.4"
100.1.205.12 - - [17/Apr/2016:07:36:56 -0400] "GET /images/theme_images/mike1/logo-horizontal-2.png HTTP/1.1" 200 45180 "http://www.journalism.columbia.edu/cjsaw16" "Mozilla/5.0 (iPad; CPU OS 8_3 like Mac OS X) AppleWebKit/600.1.4 (KHTML, like Gecko) Version/8.0 Mobile/12F69 Safari/600.1.4"
100.1.205.12 - - [17/Apr/2016:07:36:57 -0400] "GET /javascripts/theme_scripts/mike1/underscore-min.js HTTP/1.1" 200 5285 "http://www.journalism.columbia.edu/cjsaw16" "Mozilla/5.0 (iPad; CPU OS 8_3 like Mac OS X) AppleWebKit/600.1.4 (KHTML, like Gecko) Version/8.0 Mobile/12F69 Safari/600.1.4"
52.37.147.174 - - [17/Apr/2016:07:36:56 -0400] "GET /feed/301.rss HTTP/1.1" 200 287364 "-" "Ruby"
100.1.205.12 - - [17/Apr/2016:07:36:59 -0400] "GET /images/theme_images/mike1/header-bg.png HTTP/1.1" 200 8213 "http://www.journalism.columbia.edu/cjsaw16" "Mozilla/5.0 (iPad; CPU OS 8_3 like Mac OS X) AppleWebKit/600.1.4 (KHTML, like Gecko) Version/8.0 Mobile/12F69 Safari/600.1.4"
100.1.205.12 - - [17/Apr/2016:07:36:59 -0400] "GET /images/theme_images/mike1/logo.png HTTP/1.1" 200 13780 "http://www.journalism.columbia.edu/cjsaw16" "Mozilla/5.0 (iPad; CPU OS 8_3 like Mac OS X) AppleWebKit/600.1.4 (KHTML, like Gecko) Version/8.0 Mobile/12F69 Safari/600.1.4"
100.1.205.12 - - [17/Apr/2016:07:36:59 -0400] "GET /images/theme_images/mike1/arrow1.png HTTP/1.1" 200 557 "http://www.journalism.columbia.edu/cjsaw16" "Mozilla/5.0 (iPad; CPU OS 8_3 like Mac OS X) AppleWebKit/600.1.4 (KHTML, like Gecko) Version/8.0 Mobile/12F69 Safari/600.1.4"
100.1.205.12 - - [17/Apr/2016:07:36:59 -0400] "GET /images/theme_images/mike1/apply-button-bg.png HTTP/1.1" 200 7681 "http://www.journalism.columbia.edu/cjsaw16" "Mozilla/5.0 (iPad; CPU OS 8_3 like Mac OS X) AppleWebKit/600.1.4 (KHTML, like Gecko) Version/8.0 Mobile/12F69 Safari/600.1.4"
100.1.205.12 - - [17/Apr/2016:07:37:00 -0400] "GET /images/theme_images/mike1//colorbox/border2.png HTTP/1.1" 200 424 "http://www.journalism.columbia.edu/cjsaw16" "Mozilla/5.0 (iPad; CPU OS 8_3 like Mac OS X) AppleWebKit/600.1.4 (KHTML, like Gecko) Version/8.0 Mobile/12F69 Safari/600.1.4"
100.1.205.12 - - [17/Apr/2016:07:37:00 -0400] "GET /fonts/theme_fonts/mike1/newsgothicmtbold-webfont.woff HTTP/1.1" 200 44085 "http://www.journalism.columbia.edu/cjsaw16" "Mozilla/5.0 (iPad; CPU OS 8_3 like Mac OS X) AppleWebKit/600.1.4 (KHTML, like Gecko) Version/8.0 Mobile/12F69 Safari/600.1.4"
50.202.217.173 - - [17/Apr/2016:07:37:00 -0400] "GET /stylesheets/theme_stylesheets/mike1/colorbox.css HTTP/1.1" 200 1754 "http://www.journalism.columbia.edu/page/11-current-students/11" "Mozilla/5.0 (Macintosh; Intel Mac OS X 10_9_5) AppleWebKit/537.36 (KHTML, like Gecko) Chrome/49.0.2623.110 Safari/537.36"
50.202.217.173 - - [17/Apr/2016:07:37:00 -0400] "GET /stylesheets/theme_stylesheets/mike1/style.css HTTP/1.1" 200 10239 "http://www.journalism.columbia.edu/page/11-current-students/11" "Mozilla/5.0 (Macintosh; Intel Mac OS X 10_9_5) AppleWebKit/537.36 (KHTML, like Gecko) Chrome/49.0.2623.110 Safari/537.36"
50.202.217.173 - - [17/Apr/2016:07:37:00 -0400] "GET /javascripts/theme_scripts/mike1/jquery.colorbox.js HTTP/1.1" 200 4590 "http://www.journalism.columbia.edu/page/11-current-students/11" "Mozilla/5.0 (Macintosh; Intel Mac OS X 10_9_5) AppleWebKit/537.36 (KHTML, like Gecko) Chrome/49.0.2623.110 Safari/537.36"
50.202.217.173 - - [17/Apr/2016:07:37:00 -0400] "GET /javascripts/theme_scripts/mike1/jquery.ui.tumblr.rss.js HTTP/1.1" 200 1986 "http://www.journalism.columbia.edu/page/11-current-students/11" "Mozilla/5.0 (Macintosh; Intel Mac OS X 10_9_5) AppleWebKit/537.36 (KHTML, like Gecko) Chrome/49.0.2623.110 Safari/537.36"
50.202.217.173 - - [17/Apr/2016:07:37:00 -0400] "GET /javascripts/theme_scripts/mike1/main.js HTTP/1.1" 200 1418 "http://www.journalism.columbia.edu/page/11-current-students/11" "Mozilla/5.0 (Macintosh; Intel Mac OS X 10_9_5) AppleWebKit/537.36 (KHTML, like Gecko) Chrome/49.0.2623.110 Safari/537.36"
50.202.217.173 - - [17/Apr/2016:07:37:00 -0400] "GET /javascripts/theme_scripts/mike1/underscore-min.js HTTP/1.1" 200 5285 "http://www.journalism.columbia.edu/page/11-current-students/11" "Mozilla/5.0 (Macintosh; Intel Mac OS X 10_9_5) AppleWebKit/537.36 (KHTML, like Gecko) Chrome/49.0.2623.110 Safari/537.36"
50.202.217.173 - - [17/Apr/2016:07:37:00 -0400] "GET /images/theme_images/mike1/logo-horizontal-2.png HTTP/1.1" 200 45180 "http://www.journalism.columbia.edu/page/11-current-students/11" "Mozilla/5.0 (Macintosh; Intel Mac OS X 10_9_5) AppleWebKit/537.36 (KHTML, like Gecko) Chrome/49.0.2623.110 Safari/537.36"
50.202.217.173 - - [17/Apr/2016:07:37:01 -0400] "GET /system/photos/3740/default/currentstudents_univ.jpg?1407522881 HTTP/1.1" 200 132460 "http://www.journalism.columbia.edu/page/11-current-students/11" "Mozilla/5.0 (Macintosh; Intel Mac OS X 10_9_5) AppleWebKit/537.36 (KHTML, like Gecko) Chrome/49.0.2623.110 Safari/537.36"
50.202.217.173 - - [17/Apr/2016:07:37:01 -0400] "GET /system/photos/3738/default/currentstudents_jschool.jpg?1407522722 HTTP/1.1" 200 94836 "http://www.journalism.columbia.edu/page/11-current-students/11" "Mozilla/5.0 (Macintosh; Intel Mac OS X 10_9_5) AppleWebKit/537.36 (KHTML, like Gecko) Chrome/49.0.2623.110 Safari/537.36"
50.202.217.173 - - [17/Apr/2016:07:37:01 -0400] "GET /system/photos/3743/default/currentstudents_jschool.jpg?1407523259 HTTP/1.1" 200 98568 "http://www.journalism.columbia.edu/page/11-current-students/11" "Mozilla/5.0 (Macintosh; Intel Mac OS X 10_9_5) AppleWebKit/537.36 (KHTML, like Gecko) Chrome/49.0.2623.110 Safari/537.36"
50.202.217.173 - - [17/Apr/2016:07:37:01 -0400] "GET /images/theme_images/mike1/icon-donate.png HTTP/1.1" 200 1622 "http://www.journalism.columbia.edu/stylesheets/theme_stylesheets/mike1/style.css" "Mozilla/5.0 (Macintosh; Intel Mac OS X 10_9_5) AppleWebKit/537.36 (KHTML, like Gecko) Chrome/49.0.2623.110 Safari/537.36"
50.202.217.173 - - [17/Apr/2016:07:37:01 -0400] "GET /fonts/theme_fonts/mike1/newsgothiccondensed-webfont.woff HTTP/1.1" 200 23377 "http://www.journalism.columbia.edu/stylesheets/theme_stylesheets/mike1/style.css" "Mozilla/5.0 (Macintosh; Intel Mac OS X 10_9_5) AppleWebKit/537.36 (KHTML, like Gecko) Chrome/49.0.2623.110 Safari/537.36"
50.202.217.173 - - [17/Apr/2016:07:37:01 -0400] "GET /images/theme_images/mike1/line4.png HTTP/1.1" 200 454 "http://www.journalism.columbia.edu/stylesheets/theme_stylesheets/mike1/style.css" "Mozilla/5.0 (Macintosh; Intel Mac OS X 10_9_5) AppleWebKit/537.36 (KHTML, like Gecko) Chrome/49.0.2623.110 Safari/537.36"
50.202.217.173 - - [17/Apr/2016:07:37:01 -0400] "GET /images/theme_images/mike1/apply-button-bg.png HTTP/1.1" 200 7681 "http://www.journalism.columbia.edu/stylesheets/theme_stylesheets/mike1/style.css" "Mozilla/5.0 (Macintosh; Intel Mac OS X 10_9_5) AppleWebKit/537.36 (KHTML, like Gecko) Chrome/49.0.2623.110 Safari/537.36"
50.202.217.173 - - [17/Apr/2016:07:37:01 -0400] "GET /images/theme_images/mike1//colorbox/border1.png HTTP/1.1" 200 1313 "http://www.journalism.columbia.edu/stylesheets/theme_stylesheets/mike1/colorbox.css" "Mozilla/5.0 (Macintosh; Intel Mac OS X 10_9_5) AppleWebKit/537.36 (KHTML, like Gecko) Chrome/49.0.2623.110 Safari/537.36"
95.136.95.43 - - [17/Apr/2016:07:37:03 -0400] "GET /page/85-master-of-science-degree/85 HTTP/1.1" 200 5980 "http://www.journalism.columbia.edu/page/1097/4" "Mozilla/5.0 (iPad; CPU OS 7_0_2 like Mac OS X) AppleWebKit/537.51.1 (KHTML, like Gecko) Version/7.0 Mobile/11A501 Safari/9537.53"
67.87.36.10 - - [17/Apr/2016:07:37:05 -0400] "GET / HTTP/1.1" 200 5999 "-" "Mozilla/5.0 (iPhone; CPU iPhone OS 9_3_1 like Mac OS X) AppleWebKit/601.1.46 (KHTML, like Gecko) Version/9.0 Mobile/13E238 Safari/601.1"
66.249.66.53 - - [17/Apr/2016:07:37:16 -0400] "GET /javascripts/theme_scripts/jquery.masonry.js?1444072995 HTTP/1.1" 200 2983 "http://b.dupont.org/site_map" "Mozilla/5.0 (compatible; Googlebot/2.1; +http://www.google.com/bot.html)"
54.183.147.184 - - [17/Apr/2016:07:37:39 -0400] "HEAD /system/photos/2938/default/TurnerCowlesSMALL.jpg?1361897553 HTTP/1.1" 200 285 "-" "python-requests/2.3.0 CPython/3.4.2 Linux/3.10.42-52.145.amzn1.x86_64"
128.59.40.117 - - [17/Apr/2016:07:37:45 -0400] "GET /page/1216-overview/1076 HTTP/1.0" 200 5170 "-" "gsa-crawler (Enterprise; T4-BWMXW7XQDYSQL; search-admin@columbia.edu)"
127.0.0.1, 17.133.3.101 - - [17/Apr/2016:07:37:53 -0400] "GET /feed/169.rss HTTP/1.1" 200 664 "-" "AppleNewsBot"
71.244.157.123 - - [17/Apr/2016:07:37:58 -0400] "GET /stylesheets/theme_stylesheets/mike1/colorbox.css HTTP/1.1" 200 1754 "http://www.journalism.columbia.edu/profile/32-june-cross/10" "Mozilla/5.0 (iPhone; CPU iPhone OS 9_3_1 like Mac OS X) AppleWebKit/601.1.46 (KHTML, like Gecko) Version/9.0 Mobile/13E238 Safari/601.1"
71.244.157.123 - - [17/Apr/2016:07:37:58 -0400] "GET /stylesheets/theme_stylesheets/mike1/style.css HTTP/1.1" 200 10239 "http://www.journalism.columbia.edu/profile/32-june-cross/10" "Mozilla/5.0 (iPhone; CPU iPhone OS 9_3_1 like Mac OS X) AppleWebKit/601.1.46 (KHTML, like Gecko) Version/9.0 Mobile/13E238 Safari/601.1"
71.244.157.123 - - [17/Apr/2016:07:37:58 -0400] "GET /javascripts/theme_scripts/mike1/jquery.colorbox.js HTTP/1.1" 200 4590 "http://www.journalism.columbia.edu/profile/32-june-cross/10" "Mozilla/5.0 (iPhone; CPU iPhone OS 9_3_1 like Mac OS X) AppleWebKit/601.1.46 (KHTML, like Gecko) Version/9.0 Mobile/13E238 Safari/601.1"
71.244.157.123 - - [17/Apr/2016:07:37:58 -0400] "GET /javascripts/theme_scripts/mike1/jquery.ui.tumblr.rss.js HTTP/1.1" 200 1986 "http://www.journalism.columbia.edu/profile/32-june-cross/10" "Mozilla/5.0 (iPhone; CPU iPhone OS 9_3_1 like Mac OS X) AppleWebKit/601.1.46 (KHTML, like Gecko) Version/9.0 Mobile/13E238 Safari/601.1"
71.244.157.123 - - [17/Apr/2016:07:37:58 -0400] "GET /javascripts/theme_scripts/mike1/underscore-min.js HTTP/1.1" 200 5285 "http://www.journalism.columbia.edu/profile/32-june-cross/10" "Mozilla/5.0 (iPhone; CPU iPhone OS 9_3_1 like Mac OS X) AppleWebKit/601.1.46 (KHTML, like Gecko) Version/9.0 Mobile/13E238 Safari/601.1"
71.244.157.123 - - [17/Apr/2016:07:37:58 -0400] "GET /javascripts/theme_scripts/mike1/clndr.min.js HTTP/1.1" 200 3752 "http://www.journalism.columbia.edu/profile/32-june-cross/10" "Mozilla/5.0 (iPhone; CPU iPhone OS 9_3_1 like Mac OS X) AppleWebKit/601.1.46 (KHTML, like Gecko) Version/9.0 Mobile/13E238 Safari/601.1"
71.244.157.123 - - [17/Apr/2016:07:37:58 -0400] "GET /system/photos/2059/original/JCross_112811.jpg?1322510850 HTTP/1.1" 200 16820 "http://www.journalism.columbia.edu/profile/32-june-cross/10" "Mozilla/5.0 (iPhone; CPU iPhone OS 9_3_1 like Mac OS X) AppleWebKit/601.1.46 (KHTML, like Gecko) Version/9.0 Mobile/13E238 Safari/601.1"
71.244.157.123 - - [17/Apr/2016:07:37:58 -0400] "GET /images/theme_images/mike1/line4.png HTTP/1.1" 200 454 "http://www.journalism.columbia.edu/profile/32-june-cross/10" "Mozilla/5.0 (iPhone; CPU iPhone OS 9_3_1 like Mac OS X) AppleWebKit/601.1.46 (KHTML, like Gecko) Version/9.0 Mobile/13E238 Safari/601.1"
71.244.157.123 - - [17/Apr/2016:07:37:58 -0400] "GET /images/theme_images/mike1/logo-footer.png HTTP/1.1" 200 1311 "http://www.journalism.columbia.edu/profile/32-june-cross/10" "Mozilla/5.0 (iPhone; CPU iPhone OS 9_3_1 like Mac OS X) AppleWebKit/601.1.46 (KHTML, like Gecko) Version/9.0 Mobile/13E238 Safari/601.1"
71.244.157.123 - - [17/Apr/2016:07:37:58 -0400] "GET /images/theme_images/mike1/apply-button-bg.png HTTP/1.1" 200 7681 "http://www.journalism.columbia.edu/profile/32-june-cross/10" "Mozilla/5.0 (iPhone; CPU iPhone OS 9_3_1 like Mac OS X) AppleWebKit/601.1.46 (KHTML, like Gecko) Version/9.0 Mobile/13E238 Safari/601.1"
71.244.157.123 - - [17/Apr/2016:07:37:58 -0400] "GET /fonts/theme_fonts/mike1/newsgothicmtbold-webfont.woff HTTP/1.1" 200 44085 "http://www.journalism.columbia.edu/profile/32-june-cross/10" "Mozilla/5.0 (iPhone; CPU iPhone OS 9_3_1 like Mac OS X) AppleWebKit/601.1.46 (KHTML, like Gecko) Version/9.0 Mobile/13E238 Safari/601.1"
71.244.157.123 - - [17/Apr/2016:07:37:58 -0400] "GET /images/theme_images/mike1//colorbox/border2.png HTTP/1.1" 200 424 "http://www.journalism.columbia.edu/profile/32-june-cross/10" "Mozilla/5.0 (iPhone; CPU iPhone OS 9_3_1 like Mac OS X) AppleWebKit/601.1.46 (KHTML, like Gecko) Version/9.0 Mobile/13E238 Safari/601.1"
128.59.40.117 - - [17/Apr/2016:07:38:07 -0400] "GET /cs/ContentServer/jrn/1165270051346/page/1175295297393/JRNHomePage.htm HTTP/1.0" 200 6095 "-" "gsa-crawler (Enterprise; T4-BWMXW7XQDYSQL; search-admin@columbia.edu)"
95.136.95.43 - - [17/Apr/2016:07:38:24 -0400] "GET /page/275-dual-degree-programs/278 HTTP/1.1" 200 6462 "http://www.journalism.columbia.edu/page/85-master-of-science-degree/85" "Mozilla/5.0 (iPad; CPU OS 7_0_2 like Mac OS X) AppleWebKit/537.51.1 (KHTML, like Gecko) Version/7.0 Mobile/11A501 Safari/9537.53"
66.249.66.28 - - [17/Apr/2016:07:38:31 -0400] "GET /page/169-the-2016-j-anthony-lukas-prize-project-awards-shortlist/9 HTTP/1.1" 200 7864 "-" "Mozilla/5.0 (compatible; Googlebot/2.1; +http://www.google.com/bot.html)"
202.9.41.135 - - [17/Apr/2016:07:38:36 -0400] "GET /system/photos/3226/default/Jschool_red_01_.gif?1375368881 HTTP/1.1" 200 321744 "https://www.google.mn/" "Mozilla/5.0 (Windows NT 6.1) AppleWebKit/537.36 (KHTML, like Gecko) Chrome/49.0.2623.112 Safari/537.36"
79.178.151.171 - - [17/Apr/2016:07:38:45 -0400] "GET /system/photos/2990/original/Coronel_Sheila.gif?1365706240 HTTP/1.1" 200 98208 "https://www.google.co.il/" "Mozilla/5.0 (Macintosh; Intel Mac OS X 10_10_3) AppleWebKit/537.36 (KHTML, like Gecko) Chrome/49.0.2623.112 Safari/537.36"
180.76.15.134 - - [17/Apr/2016:07:38:59 -0400] "GET /system/documents/841/original/may_2014.pdf HTTP/1.1" 301 605 "-" "Mozilla/5.0 (compatible; Baiduspider/2.0; +http://www.baidu.com/search/spider.html)"
24.61.15.17 - - [17/Apr/2016:07:39:00 -0400] "GET /page/473-alumni-awards-2011/152 HTTP/1.1" 200 4665 "https://www.google.com/" "Mozilla/5.0 (Macintosh; Intel Mac OS X 10_11_3) AppleWebKit/601.4.4 (KHTML, like Gecko) Version/9.0.3 Safari/601.4.4"
24.61.15.17 - - [17/Apr/2016:07:39:01 -0400] "GET /javascripts/theme_scripts/mike1/jquery.flexslider.js HTTP/1.1" 200 11424 "http://www.journalism.columbia.edu/page/473-alumni-awards-2011/152" "Mozilla/5.0 (Macintosh; Intel Mac OS X 10_11_3) AppleWebKit/601.4.4 (KHTML, like Gecko) Version/9.0.3 Safari/601.4.4"
24.61.15.17 - - [17/Apr/2016:07:39:01 -0400] "GET /javascripts/theme_scripts/mike1/jquery.colorbox.js HTTP/1.1" 200 4590 "http://www.journalism.columbia.edu/page/473-alumni-awards-2011/152" "Mozilla/5.0 (Macintosh; Intel Mac OS X 10_11_3) AppleWebKit/601.4.4 (KHTML, like Gecko) Version/9.0.3 Safari/601.4.4"
24.61.15.17 - - [17/Apr/2016:07:39:01 -0400] "GET /javascripts/theme_scripts/mike1/jquery.tablesorter.min.js HTTP/1.1" 200 5162 "http://www.journalism.columbia.edu/page/473-alumni-awards-2011/152" "Mozilla/5.0 (Macintosh; Intel Mac OS X 10_11_3) AppleWebKit/601.4.4 (KHTML, like Gecko) Version/9.0.3 Safari/601.4.4"
24.61.15.17 - - [17/Apr/2016:07:39:01 -0400] "GET /javascripts/theme_scripts/mike1/clndr.min.js HTTP/1.1" 200 3752 "http://www.journalism.columbia.edu/page/473-alumni-awards-2011/152" "Mozilla/5.0 (Macintosh; Intel Mac OS X 10_11_3) AppleWebKit/601.4.4 (KHTML, like Gecko) Version/9.0.3 Safari/601.4.4"
24.61.15.17 - - [17/Apr/2016:07:39:01 -0400] "GET /images/theme_images/mike1/logo.png HTTP/1.1" 200 13780 "http://www.journalism.columbia.edu/page/473-alumni-awards-2011/152" "Mozilla/5.0 (Macintosh; Intel Mac OS X 10_11_3) AppleWebKit/601.4.4 (KHTML, like Gecko) Version/9.0.3 Safari/601.4.4"
24.61.15.17 - - [17/Apr/2016:07:39:01 -0400] "GET /images/theme_images/mike1/arrow1.png HTTP/1.1" 200 557 "http://www.journalism.columbia.edu/page/473-alumni-awards-2011/152" "Mozilla/5.0 (Macintosh; Intel Mac OS X 10_11_3) AppleWebKit/601.4.4 (KHTML, like Gecko) Version/9.0.3 Safari/601.4.4"
24.61.15.17 - - [17/Apr/2016:07:39:01 -0400] "GET /images/theme_images/mike1/icon-donate.png HTTP/1.1" 200 1622 "http://www.journalism.columbia.edu/page/473-alumni-awards-2011/152" "Mozilla/5.0 (Macintosh; Intel Mac OS X 10_11_3) AppleWebKit/601.4.4 (KHTML, like Gecko) Version/9.0.3 Safari/601.4.4"
24.61.15.17 - - [17/Apr/2016:07:39:01 -0400] "GET /fonts/theme_fonts/mike1/newsgothiccondensed-webfont.woff HTTP/1.1" 200 23377 "http://www.journalism.columbia.edu/page/473-alumni-awards-2011/152" "Mozilla/5.0 (Macintosh; Intel Mac OS X 10_11_3) AppleWebKit/601.4.4 (KHTML, like Gecko) Version/9.0.3 Safari/601.4.4"
24.61.15.17 - - [17/Apr/2016:07:39:01 -0400] "GET /images/theme_images/mike1/logo-footer.png HTTP/1.1" 200 1311 "http://www.journalism.columbia.edu/page/473-alumni-awards-2011/152" "Mozilla/5.0 (Macintosh; Intel Mac OS X 10_11_3) AppleWebKit/601.4.4 (KHTML, like Gecko) Version/9.0.3 Safari/601.4.4"
207.46.13.74 - - [17/Apr/2016:07:39:03 -0400] "GET /cs/ContentServer/jrn/1165270114892/page/1165270114875/JRNSimplePage2.htm HTTP/1.1" 303 546 "-" "Mozilla/5.0 (compatible; bingbot/2.0; +http://www.bing.com/bingbot.htm)"
180.76.15.161 - - [17/Apr/2016:07:39:17 -0400] "GET /news/464 HTTP/1.1" 200 5055 "-" "Mozilla/5.0 (compatible; Baiduspider/2.0; +http://www.baidu.com/search/spider.html)"
69.162.124.235 - - [17/Apr/2016:07:39:19 -0400] "HEAD / HTTP/1.1" 301 281 "-" "Mozilla/5.0+(compatible; UptimeRobot/2.0; http://www.uptimerobot.com/)"
69.162.124.235 - - [17/Apr/2016:07:39:19 -0400] "GET / HTTP/1.1" 200 5999 "-" "Mozilla/5.0+(compatible; UptimeRobot/2.0; http://www.uptimerobot.com/)"
184.38.213.170 - - [17/Apr/2016:07:39:26 -0400] "GET /system/photos/4278/default/graduation_speakers.jpg?1430325991 HTTP/1.1" 200 72528 "https://www.google.com/" "Mozilla/5.0 (Windows NT 10.0; WOW64) AppleWebKit/537.36 (KHTML, like Gecko) Chrome/49.0.2623.112 Safari/537.36"
198.71.226.42 - - [17/Apr/2016:07:39:44 -0400] "GET /blog/wp-admin/ HTTP/1.1" 301 618 "-" "-"
51.255.65.85 - - [17/Apr/2016:07:39:50 -0400] "GET /page/417-carmen-aristegui-flores/9 HTTP/1.1" 200 5872 "-" "Mozilla/5.0 (compatible; AhrefsBot/5.1; +http://ahrefs.com/robot/)"
24.61.15.17 - - [17/Apr/2016:07:39:52 -0400] "GET /system/photos/4509/default/aw16header.jpg HTTP/1.1" 200 271925 "http://www.journalism.columbia.edu/page/12-alumni-and-friends/12" "Mozilla/5.0 (Macintosh; Intel Mac OS X 10_11_3) AppleWebKit/601.4.4 (KHTML, like Gecko) Version/9.0.3 Safari/601.4.4"
66.249.66.188 - - [17/Apr/2016:07:39:53 -0400] "GET /stylesheets/theme_stylesheets/mike1/flexslider.css HTTP/1.1" 200 1675 "http://madaline.dupont.org/page/10/10?tags=RELIGION" "Mozilla/5.0 (compatible; Googlebot/2.1; +http://www.google.com/bot.html)"
66.249.66.185 - - [17/Apr/2016:07:39:54 -0400] "GET /stylesheets/theme_stylesheets/mike1/colorbox.css HTTP/1.1" 200 1754 "http://madaline.dupont.org/profile/147" "Mozilla/5.0 (compatible; Googlebot/2.1; +http://www.google.com/bot.html)"
66.249.66.185 - - [17/Apr/2016:07:39:55 -0400] "GET /stylesheets/theme_stylesheets/mike1/colorbox.css HTTP/1.1" 200 1754 "http://madaline.dupont.org/page/10/10?tags=RELIGION" "Mozilla/5.0 (compatible; Googlebot/2.1; +http://www.google.com/bot.html)"
107.77.70.54 - - [17/Apr/2016:07:39:59 -0400] "GET /profile/39-ari-goldman/10 HTTP/1.1" 200 4482 "https://www.google.com/" "Mozilla/5.0 (iPhone; CPU iPhone OS 9_0_2 like Mac OS X) AppleWebKit/601.1.46 (KHTML, like Gecko) Version/9.0 Mobile/13A452 Safari/601.1"
107.77.70.54 - - [17/Apr/2016:07:40:00 -0400] "GET /javascripts/theme_scripts/mike1/jquery.colorbox.js HTTP/1.1" 200 4590 "http://www.journalism.columbia.edu/profile/39-ari-goldman/10" "Mozilla/5.0 (iPhone; CPU iPhone OS 9_0_2 like Mac OS X) AppleWebKit/601.1.46 (KHTML, like Gecko) Version/9.0 Mobile/13A452 Safari/601.1"
107.77.70.54 - - [17/Apr/2016:07:40:00 -0400] "GET /stylesheets/theme_stylesheets/mike1/style.css HTTP/1.1" 200 10239 "http://www.journalism.columbia.edu/profile/39-ari-goldman/10" "Mozilla/5.0 (iPhone; CPU iPhone OS 9_0_2 like Mac OS X) AppleWebKit/601.1.46 (KHTML, like Gecko) Version/9.0 Mobile/13A452 Safari/601.1"
107.77.70.54 - - [17/Apr/2016:07:40:00 -0400] "GET /stylesheets/theme_stylesheets/mike1/colorbox.css HTTP/1.1" 200 1754 "http://www.journalism.columbia.edu/profile/39-ari-goldman/10" "Mozilla/5.0 (iPhone; CPU iPhone OS 9_0_2 like Mac OS X) AppleWebKit/601.1.46 (KHTML, like Gecko) Version/9.0 Mobile/13A452 Safari/601.1"
107.77.70.54 - - [17/Apr/2016:07:40:00 -0400] "GET /javascripts/theme_scripts/mike1/underscore-min.js HTTP/1.1" 200 5285 "http://www.journalism.columbia.edu/profile/39-ari-goldman/10" "Mozilla/5.0 (iPhone; CPU iPhone OS 9_0_2 like Mac OS X) AppleWebKit/601.1.46 (KHTML, like Gecko) Version/9.0 Mobile/13A452 Safari/601.1"
107.77.70.54 - - [17/Apr/2016:07:40:00 -0400] "GET /javascripts/theme_scripts/mike1/main.js HTTP/1.1" 200 1418 "http://www.journalism.columbia.edu/profile/39-ari-goldman/10" "Mozilla/5.0 (iPhone; CPU iPhone OS 9_0_2 like Mac OS X) AppleWebKit/601.1.46 (KHTML, like Gecko) Version/9.0 Mobile/13A452 Safari/601.1"
107.77.70.54 - - [17/Apr/2016:07:40:00 -0400] "GET /javascripts/theme_scripts/mike1/clndr.min.js HTTP/1.1" 200 3752 "http://www.journalism.columbia.edu/profile/39-ari-goldman/10" "Mozilla/5.0 (iPhone; CPU iPhone OS 9_0_2 like Mac OS X) AppleWebKit/601.1.46 (KHTML, like Gecko) Version/9.0 Mobile/13A452 Safari/601.1"
107.77.70.54 - - [17/Apr/2016:07:40:00 -0400] "GET /images/theme_images/mike1/logo-horizontal-2.png HTTP/1.1" 200 45180 "http://www.journalism.columbia.edu/profile/39-ari-goldman/10" "Mozilla/5.0 (iPhone; CPU iPhone OS 9_0_2 like Mac OS X) AppleWebKit/601.1.46 (KHTML, like Gecko) Version/9.0 Mobile/13A452 Safari/601.1"
107.77.70.54 - - [17/Apr/2016:07:40:00 -0400] "GET /images/theme_images/mike1/line4.png HTTP/1.1" 200 454 "http://www.journalism.columbia.edu/profile/39-ari-goldman/10" "Mozilla/5.0 (iPhone; CPU iPhone OS 9_0_2 like Mac OS X) AppleWebKit/601.1.46 (KHTML, like Gecko) Version/9.0 Mobile/13A452 Safari/601.1"
107.77.70.54 - - [17/Apr/2016:07:40:00 -0400] "GET /images/theme_images/mike1/icon-donate.png HTTP/1.1" 200 1622 "http://www.journalism.columbia.edu/profile/39-ari-goldman/10" "Mozilla/5.0 (iPhone; CPU iPhone OS 9_0_2 like Mac OS X) AppleWebKit/601.1.46 (KHTML, like Gecko) Version/9.0 Mobile/13A452 Safari/601.1"
107.77.70.54 - - [17/Apr/2016:07:40:00 -0400] "GET /images/theme_images/mike1//colorbox/border2.png HTTP/1.1" 200 424 "http://www.journalism.columbia.edu/profile/39-ari-goldman/10" "Mozilla/5.0 (iPhone; CPU iPhone OS 9_0_2 like Mac OS X) AppleWebKit/601.1.46 (KHTML, like Gecko) Version/9.0 Mobile/13A452 Safari/601.1"
107.77.70.54 - - [17/Apr/2016:07:40:00 -0400] "GET /fonts/theme_fonts/mike1/newsgothiccondensed-webfont.woff HTTP/1.1" 200 23377 "http://www.journalism.columbia.edu/profile/39-ari-goldman/10" "Mozilla/5.0 (iPhone; CPU iPhone OS 9_0_2 like Mac OS X) AppleWebKit/601.1.46 (KHTML, like Gecko) Version/9.0 Mobile/13A452 Safari/601.1"
66.249.66.78 - - [17/Apr/2016:07:40:01 -0400] "GET /robots.txt HTTP/1.1" 200 469 "-" "Mozilla/5.0 (compatible; Googlebot/2.1; +http://www.google.com/bot.html)"
66.249.66.78 - - [17/Apr/2016:07:40:01 -0400] "GET /stylesheets/theme_stylesheets/mike1/colorbox.css HTTP/1.1" 200 1754 "http://www.dupont.eclof.dupont.org/page/449-2001-lukas-prize-winners/188" "Mozilla/5.0 (compatible; Googlebot/2.1; +http://www.google.com/bot.html)"
180.76.15.5 - - [17/Apr/2016:07:40:04 -0400] "GET /page/277-contacts/281 HTTP/1.1" 200 10801 "-" "Mozilla/5.0 (compatible; Baiduspider/2.0; +http://www.baidu.com/search/spider.html)"
75.106.17.188 - - [17/Apr/2016:07:40:33 -0400] "GET /publishing HTTP/1.1" 200 6873 "https://www.google.com/" "Mozilla/5.0 (Macintosh; Intel Mac OS X 10_7_5) AppleWebKit/537.36 (KHTML, like Gecko) Chrome/49.0.2623.112 Safari/537.36"
75.106.17.188 - - [17/Apr/2016:07:40:34 -0400] "GET /system/photos/2215/default/FB_Web_New_New.jpg?1326137407 HTTP/1.1" 200 4839 "http://www.journalism.columbia.edu/publishing" "Mozilla/5.0 (Macintosh; Intel Mac OS X 10_7_5) AppleWebKit/537.36 (KHTML, like Gecko) Chrome/49.0.2623.112 Safari/537.36"
75.106.17.188 - - [17/Apr/2016:07:40:34 -0400] "GET /javascripts/theme_scripts/mike1/moment.min.js HTTP/1.1" 200 9509 "http://www.journalism.columbia.edu/publishing" "Mozilla/5.0 (Macintosh; Intel Mac OS X 10_7_5) AppleWebKit/537.36 (KHTML, like Gecko) Chrome/49.0.2623.112 Safari/537.36"
75.106.17.188 - - [17/Apr/2016:07:40:34 -0400] "GET /javascripts/theme_scripts/mike1/main.js HTTP/1.1" 200 1418 "http://www.journalism.columbia.edu/publishing" "Mozilla/5.0 (Macintosh; Intel Mac OS X 10_7_5) AppleWebKit/537.36 (KHTML, like Gecko) Chrome/49.0.2623.112 Safari/537.36"
75.106.17.188 - - [17/Apr/2016:07:40:34 -0400] "GET /javascripts/theme_scripts/mike1/clndr.min.js HTTP/1.1" 200 3752 "http://www.journalism.columbia.edu/publishing" "Mozilla/5.0 (Macintosh; Intel Mac OS X 10_7_5) AppleWebKit/537.36 (KHTML, like Gecko) Chrome/49.0.2623.112 Safari/537.36"
75.106.17.188 - - [17/Apr/2016:07:40:34 -0400] "GET /system/photos/2219/default/LinkedIn.jpg?1326139570 HTTP/1.1" 200 6988 "http://www.journalism.columbia.edu/publishing" "Mozilla/5.0 (Macintosh; Intel Mac OS X 10_7_5) AppleWebKit/537.36 (KHTML, like Gecko) Chrome/49.0.2623.112 Safari/537.36"
75.106.17.188 - - [17/Apr/2016:07:40:34 -0400] "GET /system/photos/4358/default/bannercpc2.jpg?1438631256 HTTP/1.1" 200 238206 "http://www.journalism.columbia.edu/publishing" "Mozilla/5.0 (Macintosh; Intel Mac OS X 10_7_5) AppleWebKit/537.36 (KHTML, like Gecko) Chrome/49.0.2623.112 Safari/537.36"
75.106.17.188 - - [17/Apr/2016:07:40:34 -0400] "GET /stylesheets/theme_stylesheets/mike1/colorbox.css HTTP/1.1" 200 1754 "http://www.journalism.columbia.edu/publishing" "Mozilla/5.0 (Macintosh; Intel Mac OS X 10_7_5) AppleWebKit/537.36 (KHTML, like Gecko) Chrome/49.0.2623.112 Safari/537.36"
75.106.17.188 - - [17/Apr/2016:07:40:34 -0400] "GET /javascripts/theme_scripts/mike1/jquery.tablesorter.min.js HTTP/1.1" 200 5162 "http://www.journalism.columbia.edu/publishing" "Mozilla/5.0 (Macintosh; Intel Mac OS X 10_7_5) AppleWebKit/537.36 (KHTML, like Gecko) Chrome/49.0.2623.112 Safari/537.36"
