128.59.40.117 - - [17/Apr/2016:06:27:25 -0400] "GET /robots.txt HTTP/1.0" 200 469 "-" "gsa-crawler (Enterprise; T4-BWMXW7XQDYSQL; search-admin@columbia.edu)"
194.71.161.156 - - [17/Apr/2016:06:27:25 -0400] "GET /feed/170.rss HTTP/1.1" 200 640 "-" "Barbarossa Spider/Nutch-1.8"
69.30.213.18 - - [17/Apr/2016:06:27:18 -0400] "GET /page/1249-metropolis-of-science-launches/748 HTTP/1.0" 200 5173 "-" "Mozilla/5.0 (compatible; MJ12bot/v1.4.5; http://www.majestic12.co.uk/bot.php?+)"
- - - [17/Apr/2016:06:27:18 -0400] "HEAD /page/1/1 HTTP/1.1" 200 377 "-" "-"
69.30.213.18 - - [17/Apr/2016:06:27:33 -0400] "GET /page/1253-columbia-journalism-partners-on-panama-papers/748 HTTP/1.0" 200 5061 "-" "Mozilla/5.0 (compatible; MJ12bot/v1.4.5; http://www.majestic12.co.uk/bot.php?+)"
69.30.213.18 - - [17/Apr/2016:06:27:38 -0400] "GET /page/18-technology-guide-2016-17/15 HTTP/1.0" 200 4210 "-" "Mozilla/5.0 (compatible; MJ12bot/v1.4.5; http://www.majestic12.co.uk/bot.php?+)"
69.30.213.18 - - [17/Apr/2016:06:27:40 -0400] "GET /page/18-technology-guide-2016-17/17 HTTP/1.0" 200 4148 "-" "Mozilla/5.0 (compatible; MJ12bot/v1.4.5; http://www.majestic12.co.uk/bot.php?+)"
207.46.13.74 - - [17/Apr/2016:06:27:43 -0400] "GET /page/277-contacts/145?printing=true HTTP/1.1" 200 11495 "-" "Mozilla/5.0 (compatible; bingbot/2.0; +http://www.bing.com/bingbot.htm)"
100.1.205.12 - - [17/Apr/2016:06:27:45 -0400] "GET /page/967-for-alumni/773 HTTP/1.1" 200 6204 "https://www.google.com/" "Mozilla/5.0 (iPhone; CPU iPhone OS 9_2 like Mac OS X) AppleWebKit/601.1.46 (KHTML, like Gecko) Version/9.0 Mobile/13C75 Safari/601.1"
100.1.205.12 - - [17/Apr/2016:06:27:46 -0400] "GET /stylesheets/theme_stylesheets/mike1/colorbox.css HTTP/1.1" 200 1754 "http://www.journalism.columbia.edu/page/967-for-alumni/773" "Mozilla/5.0 (iPhone; CPU iPhone OS 9_2 like Mac OS X) AppleWebKit/601.1.46 (KHTML, like Gecko) Version/9.0 Mobile/13C75 Safari/601.1"
100.1.205.12 - - [17/Apr/2016:06:27:47 -0400] "GET /fonts/theme_fonts/mike1/newsgothicmtbold-webfont.woff HTTP/1.1" 200 44085 "http://www.journalism.columbia.edu/page/967-for-alumni/773" "Mozilla/5.0 (iPhone; CPU iPhone OS 9_2 like Mac OS X) AppleWebKit/601.1.46 (KHTML, like Gecko) Version/9.0 Mobile/13C75 Safari/601.1"
207.46.13.69 - - [17/Apr/2016:06:27:47 -0400] "GET /photo/2296/11 HTTP/1.1" 200 4156 "-" "Mozilla/5.0 (compatible; bingbot/2.0; +http://www.bing.com/bingbot.htm)"
69.30.213.18 - - [17/Apr/2016:06:27:47 -0400] "GET /news/68/ HTTP/1.0" 200 17808 "-" "Mozilla/5.0 (compatible; MJ12bot/v1.4.5; http://www.majestic12.co.uk/bot.php?+)"
69.30.213.18 - - [17/Apr/2016:06:27:51 -0400] "GET /page/203-doctor-of-philosophy-in-communications/204 HTTP/1.0" 200 6680 "-" "Mozilla/5.0 (compatible; MJ12bot/v1.4.5; http://www.majestic12.co.uk/bot.php?+)"
128.59.40.117 - - [17/Apr/2016:06:27:52 -0400] "GET /page/1214-a-conversation-with-lester-holt/14 HTTP/1.0" 200 4404 "-" "gsa-crawler (Enterprise; T4-BWMXW7XQDYSQL; search-admin@columbia.edu)"
128.59.40.117 - - [17/Apr/2016:06:27:53 -0400] "GET /cs/ContentServer/jrn/1165270051346/page/1175295297393/JRNHomePage.htm HTTP/1.0" 200 6095 "-" "gsa-crawler (Enterprise; T4-BWMXW7XQDYSQL; search-admin@columbia.edu)"
69.30.213.18 - - [17/Apr/2016:06:27:57 -0400] "GET /page/22-rss-feeds/22 HTTP/1.0" 200 5530 "-" "Mozilla/5.0 (compatible; MJ12bot/v1.4.5; http://www.majestic12.co.uk/bot.php?+)"
69.30.213.18 - - [17/Apr/2016:06:28:04 -0400] "GET /page/249-required-application-materials-for-knight-bagehot-fellowship-in-economics-and-business-journalism/250 HTTP/1.0" 200 7413 "-" "Mozilla/5.0 (compatible; MJ12bot/v1.4.5; http://www.majestic12.co.uk/bot.php?+)"
194.71.161.156 - - [17/Apr/2016:06:28:06 -0400] "GET /event/1394/14 HTTP/1.1" 200 4741 "-" "Barbarossa Spider/Nutch-1.8"
194.71.161.156 - - [17/Apr/2016:06:28:11 -0400] "GET /page/183-chancellor-award-nominations/184 HTTP/1.1" 200 5923 "-" "Barbarossa Spider/Nutch-1.8"
69.30.213.18 - - [17/Apr/2016:06:28:13 -0400] "GET /page/29-tech-discounts/29 HTTP/1.0" 200 4776 "-" "Mozilla/5.0 (compatible; MJ12bot/v1.4.5; http://www.majestic12.co.uk/bot.php?+)"
69.30.213.18 - - [17/Apr/2016:06:28:16 -0400] "GET /page/30-computer-labs/30 HTTP/1.0" 200 5119 "-" "Mozilla/5.0 (compatible; MJ12bot/v1.4.5; http://www.majestic12.co.uk/bot.php?+)"
69.30.213.18 - - [17/Apr/2016:06:28:18 -0400] "GET /page/31-computer-and-e-mail-accounts/31 HTTP/1.0" 200 5696 "-" "Mozilla/5.0 (compatible; MJ12bot/v1.4.5; http://www.majestic12.co.uk/bot.php?+)"
69.30.213.18 - - [17/Apr/2016:06:28:20 -0400] "GET /page/32-computer-faq/32 HTTP/1.0" 200 5060 "-" "Mozilla/5.0 (compatible; MJ12bot/v1.4.5; http://www.majestic12.co.uk/bot.php?+)"
69.30.213.18 - - [17/Apr/2016:06:28:23 -0400] "GET /page/34-file-management/34 HTTP/1.0" 200 5125 "-" "Mozilla/5.0 (compatible; MJ12bot/v1.4.5; http://www.majestic12.co.uk/bot.php?+)"
69.30.213.18 - - [17/Apr/2016:06:28:24 -0400] "GET /profile/34-john-dinges/ HTTP/1.0" 200 4449 "-" "Mozilla/5.0 (compatible; MJ12bot/v1.4.5; http://www.majestic12.co.uk/bot.php?+)"
116.235.146.3 - - [17/Apr/2016:06:28:28 -0400] "GET /profile/66-james-stewart/10?from=singlemessage&isappinstalled=0 HTTP/1.1" 200 4538 "-" "Mozilla/5.0 (iPhone; CPU iPhone OS 9_2 like Mac OS X) AppleWebKit/601.1.46 (KHTML, like Gecko) Mobile/13C75 MicroMessenger/6.2.6 NetType/WIFI Language/zh_CN"
116.235.146.3 - - [17/Apr/2016:06:28:29 -0400] "GET /stylesheets/theme_stylesheets/mike1/style.css HTTP/1.1" 200 10239 "http://www.journalism.columbia.edu/profile/66-james-stewart/10?from=singlemessage&isappinstalled=0" "Mozilla/5.0 (iPhone; CPU iPhone OS 9_2 like Mac OS X) AppleWebKit/601.1.46 (KHTML, like Gecko) Mobile/13C75 MicroMessenger/6.2.6 NetType/WIFI Language/zh_CN"
116.235.146.3 - - [17/Apr/2016:06:28:29 -0400] "GET /stylesheets/theme_stylesheets/mike1/flexslider.css HTTP/1.1" 200 1675 "http://www.journalism.columbia.edu/profile/66-james-stewart/10?from=singlemessage&isappinstalled=0" "Mozilla/5.0 (iPhone; CPU iPhone OS 9_2 like Mac OS X) AppleWebKit/601.1.46 (KHTML, like Gecko) Mobile/13C75 MicroMessenger/6.2.6 NetType/WIFI Language/zh_CN"
194.187.168.214 - - [17/Apr/2016:06:28:28 -0400] "GET /page/89-the-master-s-project/89 HTTP/1.0" 200 8408 "-" "Mozilla/5.0 (compatible; Qwantify/2.2w; +https://www.qwant.com/)/*"
116.235.146.3 - - [17/Apr/2016:06:28:29 -0400] "GET /javascripts/theme_scripts/mike1/jquery.flexslider.js HTTP/1.1" 200 11424 "http://www.journalism.columbia.edu/profile/66-james-stewart/10?from=singlemessage&isappinstalled=0" "Mozilla/5.0 (iPhone; CPU iPhone OS 9_2 like Mac OS X) AppleWebKit/601.1.46 (KHTML, like Gecko) Mobile/13C75 MicroMessenger/6.2.6 NetType/WIFI Language/zh_CN"
116.235.146.3 - - [17/Apr/2016:06:28:29 -0400] "GET /javascripts/theme_scripts/mike1/jquery.ui.tumblr.rss.js HTTP/1.1" 200 1986 "http://www.journalism.columbia.edu/profile/66-james-stewart/10?from=singlemessage&isappinstalled=0" "Mozilla/5.0 (iPhone; CPU iPhone OS 9_2 like Mac OS X) AppleWebKit/601.1.46 (KHTML, like Gecko) Mobile/13C75 MicroMessenger/6.2.6 NetType/WIFI Language/zh_CN"
116.235.146.3 - - [17/Apr/2016:06:28:29 -0400] "GET /javascripts/theme_scripts/mike1/jquery.colorbox.js HTTP/1.1" 200 4590 "http://www.journalism.columbia.edu/profile/66-james-stewart/10?from=singlemessage&isappinstalled=0" "Mozilla/5.0 (iPhone; CPU iPhone OS 9_2 like Mac OS X) AppleWebKit/601.1.46 (KHTML, like Gecko) Mobile/13C75 MicroMessenger/6.2.6 NetType/WIFI Language/zh_CN"
116.235.146.3 - - [17/Apr/2016:06:28:29 -0400] "GET /javascripts/theme_scripts/mike1/moment.min.js HTTP/1.1" 200 9509 "http://www.journalism.columbia.edu/profile/66-james-stewart/10?from=singlemessage&isappinstalled=0" "Mozilla/5.0 (iPhone; CPU iPhone OS 9_2 like Mac OS X) AppleWebKit/601.1.46 (KHTML, like Gecko) Mobile/13C75 MicroMessenger/6.2.6 NetType/WIFI Language/zh_CN"
116.235.146.3 - - [17/Apr/2016:06:28:30 -0400] "GET /javascripts/theme_scripts/mike1/clndr.min.js HTTP/1.1" 200 3752 "http://www.journalism.columbia.edu/profile/66-james-stewart/10?from=singlemessage&isappinstalled=0" "Mozilla/5.0 (iPhone; CPU iPhone OS 9_2 like Mac OS X) AppleWebKit/601.1.46 (KHTML, like Gecko) Mobile/13C75 MicroMessenger/6.2.6 NetType/WIFI Language/zh_CN"
116.235.146.3 - - [17/Apr/2016:06:28:30 -0400] "GET /images/theme_images/mike1/logo-horizontal-2.png HTTP/1.1" 200 45180 "http://www.journalism.columbia.edu/profile/66-james-stewart/10?from=singlemessage&isappinstalled=0" "Mozilla/5.0 (iPhone; CPU iPhone OS 9_2 like Mac OS X) AppleWebKit/601.1.46 (KHTML, like Gecko) Mobile/13C75 MicroMessenger/6.2.6 NetType/WIFI Language/zh_CN"
116.235.146.3 - - [17/Apr/2016:06:28:30 -0400] "GET /images/theme_images/mike1/line4.png HTTP/1.1" 200 454 "http://www.journalism.columbia.edu/profile/66-james-stewart/10?from=singlemessage&isappinstalled=0" "Mozilla/5.0 (iPhone; CPU iPhone OS 9_2 like Mac OS X) AppleWebKit/601.1.46 (KHTML, like Gecko) Mobile/13C75 MicroMessenger/6.2.6 NetType/WIFI Language/zh_CN"
69.30.213.18 - - [17/Apr/2016:06:28:30 -0400] "GET /robots.txt HTTP/1.0" 200 482 "-" "Mozilla/5.0 (compatible; MJ12bot/v1.4.5; http://www.majestic12.co.uk/bot.php?+)"
180.76.15.157 - - [17/Apr/2016:06:28:30 -0400] "GET /feed/1180.rss HTTP/1.1" 200 657 "-" "Mozilla/5.0 (compatible; Baiduspider/2.0; +http://www.baidu.com/search/spider.html)"
116.235.146.3 - - [17/Apr/2016:06:28:31 -0400] "GET /fonts/theme_fonts/mike1/newsgothiccondensed-webfont.woff HTTP/1.1" 200 23377 "http://www.journalism.columbia.edu/profile/66-james-stewart/10?from=singlemessage&isappinstalled=0" "Mozilla/5.0 (iPhone; CPU iPhone OS 9_2 like Mac OS X) AppleWebKit/601.1.46 (KHTML, like Gecko) Mobile/13C75 MicroMessenger/6.2.6 NetType/WIFI Language/zh_CN"
116.235.146.3 - - [17/Apr/2016:06:28:31 -0400] "GET /images/theme_images/mike1//colorbox/border1.png HTTP/1.1" 200 1313 "http://www.journalism.columbia.edu/profile/66-james-stewart/10?from=singlemessage&isappinstalled=0" "Mozilla/5.0 (iPhone; CPU iPhone OS 9_2 like Mac OS X) AppleWebKit/601.1.46 (KHTML, like Gecko) Mobile/13C75 MicroMessenger/6.2.6 NetType/WIFI Language/zh_CN"
116.235.146.3 - - [17/Apr/2016:06:28:31 -0400] "GET /images/theme_images/mike1//colorbox/border2.png HTTP/1.1" 200 424 "http://www.journalism.columbia.edu/profile/66-james-stewart/10?from=singlemessage&isappinstalled=0" "Mozilla/5.0 (iPhone; CPU iPhone OS 9_2 like Mac OS X) AppleWebKit/601.1.46 (KHTML, like Gecko) Mobile/13C75 MicroMessenger/6.2.6 NetType/WIFI Language/zh_CN"
188.40.112.210 - - [17/Apr/2016:06:28:31 -0400] "GET /news/613 HTTP/1.1" 200 16842 "-" "Mozilla/5.0 (Macintosh; Intel Mac OS X 10_7_5) AppleWebKit/537.36 (KHTML, like Gecko) Chrome/27.0.1453.93 Safari/537.36"
5.9.94.207 - - [17/Apr/2016:06:28:31 -0400] "GET /news/613 HTTP/1.1" 200 16842 "-" "Mozilla/5.0 (X11; U; Linux i686; en-US; rv:1.9.1.16) Gecko/20120421 Gecko Firefox/11.0"
5.9.94.207 - - [17/Apr/2016:06:28:31 -0400] "GET /archive/301/2012/2 HTTP/1.1" 200 23632 "-" "Mozilla/5.0 (Windows NT 5.1) AppleWebKit/537.36 (KHTML, like Gecko) Chrome/27.0.1453.94 Safari/537.36"
194.71.161.156 - - [17/Apr/2016:06:28:33 -0400] "GET /event/1361/14 HTTP/1.1" 200 5526 "-" "Barbarossa Spider/Nutch-1.8"
77.245.58.28 - - [17/Apr/2016:06:28:33 -0400] "GET / HTTP/1.0" 200 21065 "-" "Mozilla/4.0 (compatible; MSIE 8.0; Windows NT 5.1; Trident/4.0)"
69.30.213.18 - - [17/Apr/2016:06:28:34 -0400] "GET /dupont HTTP/1.0" 200 58848 "-" "Mozilla/5.0 (compatible; MJ12bot/v1.4.5; http://www.majestic12.co.uk/bot.php?+)"
194.71.161.156 - - [17/Apr/2016:06:28:41 -0400] "GET /event/1389/14 HTTP/1.1" 200 4472 "-" "Barbarossa Spider/Nutch-1.8"
207.46.13.74 - - [17/Apr/2016:06:28:49 -0400] "GET /photo/1298/629 HTTP/1.1" 404 3799 "-" "Mozilla/5.0 (compatible; bingbot/2.0; +http://www.bing.com/bingbot.htm)"
128.59.40.117 - - [17/Apr/2016:06:29:01 -0400] "GET /robots.txt HTTP/1.0" 200 469 "-" "gsa-crawler (Enterprise; T4-BWMXW7XQDYSQL; search-admin@columbia.edu)"
207.46.13.74 - - [17/Apr/2016:06:29:02 -0400] "GET /cs/ContentServer/jrn/1165270075521/page/1165270075396/JRNSimplePage2.htm HTTP/1.1" 303 546 "-" "Mozilla/5.0 (compatible; bingbot/2.0; +http://www.bing.com/bingbot.htm)"
207.46.13.74 - - [17/Apr/2016:06:29:04 -0400] "GET /site_map HTTP/1.1" 200 5212 "-" "Mozilla/5.0 (compatible; bingbot/2.0; +http://www.bing.com/bingbot.htm)"
69.162.124.235 - - [17/Apr/2016:06:29:19 -0400] "HEAD / HTTP/1.1" 301 281 "-" "Mozilla/5.0+(compatible; UptimeRobot/2.0; http://www.uptimerobot.com/)"
87.211.107.246 - - [17/Apr/2016:06:29:22 -0400] "GET /cs/ContentServer/jrn/1165270051304/page/1165270114687/JRNLandingPage2.htm HTTP/1.1" 301 575 "http://www.vvoj.nl/kenniscentrum/prijzen/" "Mozilla/5.0 (Windows NT 6.3; WOW64) AppleWebKit/537.36 (KHTML, like Gecko) Chrome/49.0.2623.112 Safari/537.36"
87.211.107.246 - - [17/Apr/2016:06:29:22 -0400] "GET /page/9-journalism-awards/9 HTTP/1.1" 200 5673 "http://www.vvoj.nl/kenniscentrum/prijzen/" "Mozilla/5.0 (Windows NT 6.3; WOW64) AppleWebKit/537.36 (KHTML, like Gecko) Chrome/49.0.2623.112 Safari/537.36"
87.211.107.246 - - [17/Apr/2016:06:29:23 -0400] "GET /stylesheets/theme_stylesheets/mike1/style.css HTTP/1.1" 200 10239 "http://www.journalism.columbia.edu/page/9-journalism-awards/9" "Mozilla/5.0 (Windows NT 6.3; WOW64) AppleWebKit/537.36 (KHTML, like Gecko) Chrome/49.0.2623.112 Safari/537.36"
87.211.107.246 - - [17/Apr/2016:06:29:23 -0400] "GET /stylesheets/theme_stylesheets/mike1/colorbox.css HTTP/1.1" 200 1754 "http://www.journalism.columbia.edu/page/9-journalism-awards/9" "Mozilla/5.0 (Windows NT 6.3; WOW64) AppleWebKit/537.36 (KHTML, like Gecko) Chrome/49.0.2623.112 Safari/537.36"
87.211.107.246 - - [17/Apr/2016:06:29:23 -0400] "GET /javascripts/theme_scripts/mike1/jquery.flexslider.js HTTP/1.1" 200 11424 "http://www.journalism.columbia.edu/page/9-journalism-awards/9" "Mozilla/5.0 (Windows NT 6.3; WOW64) AppleWebKit/537.36 (KHTML, like Gecko) Chrome/49.0.2623.112 Safari/537.36"
87.211.107.246 - - [17/Apr/2016:06:29:23 -0400] "GET /javascripts/theme_scripts/mike1/jquery.ui.tumblr.rss.js HTTP/1.1" 200 1986 "http://www.journalism.columbia.edu/page/9-journalism-awards/9" "Mozilla/5.0 (Windows NT 6.3; WOW64) AppleWebKit/537.36 (KHTML, like Gecko) Chrome/49.0.2623.112 Safari/537.36"
87.211.107.246 - - [17/Apr/2016:06:29:24 -0400] "GET /javascripts/theme_scripts/mike1/main.js HTTP/1.1" 200 1418 "http://www.journalism.columbia.edu/page/9-journalism-awards/9" "Mozilla/5.0 (Windows NT 6.3; WOW64) AppleWebKit/537.36 (KHTML, like Gecko) Chrome/49.0.2623.112 Safari/537.36"
87.211.107.246 - - [17/Apr/2016:06:29:24 -0400] "GET /javascripts/theme_scripts/mike1/underscore-min.js HTTP/1.1" 200 5285 "http://www.journalism.columbia.edu/page/9-journalism-awards/9" "Mozilla/5.0 (Windows NT 6.3; WOW64) AppleWebKit/537.36 (KHTML, like Gecko) Chrome/49.0.2623.112 Safari/537.36"
87.211.107.246 - - [17/Apr/2016:06:29:24 -0400] "GET /images/theme_images/mike1/logo-horizontal-2.png HTTP/1.1" 200 45180 "http://www.journalism.columbia.edu/page/9-journalism-awards/9" "Mozilla/5.0 (Windows NT 6.3; WOW64) AppleWebKit/537.36 (KHTML, like Gecko) Chrome/49.0.2623.112 Safari/537.36"
87.211.107.246 - - [17/Apr/2016:06:29:24 -0400] "GET /system/photos/2643/default/duPont_Icon.jpeg?1345138102 HTTP/1.1" 200 13361 "http://www.journalism.columbia.edu/page/9-journalism-awards/9" "Mozilla/5.0 (Windows NT 6.3; WOW64) AppleWebKit/537.36 (KHTML, like Gecko) Chrome/49.0.2623.112 Safari/537.36"
87.211.107.246 - - [17/Apr/2016:06:29:24 -0400] "GET /system/photos/2642/default/Chancellor_Icon.jpeg?1345138083 HTTP/1.1" 200 10189 "http://www.journalism.columbia.edu/page/9-journalism-awards/9" "Mozilla/5.0 (Windows NT 6.3; WOW64) AppleWebKit/537.36 (KHTML, like Gecko) Chrome/49.0.2623.112 Safari/537.36"
87.211.107.246 - - [17/Apr/2016:06:29:25 -0400] "GET /fonts/theme_fonts/mike1/newsgothiccondensed-webfont.woff HTTP/1.1" 200 23377 "http://www.journalism.columbia.edu/stylesheets/theme_stylesheets/mike1/style.css" "Mozilla/5.0 (Windows NT 6.3; WOW64) AppleWebKit/537.36 (KHTML, like Gecko) Chrome/49.0.2623.112 Safari/537.36"
87.211.107.246 - - [17/Apr/2016:06:29:25 -0400] "GET /images/theme_images/mike1/header-bg.png HTTP/1.1" 200 8213 "http://www.journalism.columbia.edu/stylesheets/theme_stylesheets/mike1/style.css" "Mozilla/5.0 (Windows NT 6.3; WOW64) AppleWebKit/537.36 (KHTML, like Gecko) Chrome/49.0.2623.112 Safari/537.36"
87.211.107.246 - - [17/Apr/2016:06:29:25 -0400] "GET /images/theme_images/mike1/line3.png HTTP/1.1" 200 444 "http://www.journalism.columbia.edu/stylesheets/theme_stylesheets/mike1/style.css" "Mozilla/5.0 (Windows NT 6.3; WOW64) AppleWebKit/537.36 (KHTML, like Gecko) Chrome/49.0.2623.112 Safari/537.36"
87.211.107.246 - - [17/Apr/2016:06:29:25 -0400] "GET /images/theme_images/mike1/logo.png HTTP/1.1" 200 13780 "http://www.journalism.columbia.edu/stylesheets/theme_stylesheets/mike1/style.css" "Mozilla/5.0 (Windows NT 6.3; WOW64) AppleWebKit/537.36 (KHTML, like Gecko) Chrome/49.0.2623.112 Safari/537.36"
87.211.107.246 - - [17/Apr/2016:06:29:25 -0400] "GET /system/photos/2644/default/Lukas_Icon.jpeg?1345138128 HTTP/1.1" 200 17029 "http://www.journalism.columbia.edu/page/9-journalism-awards/9" "Mozilla/5.0 (Windows NT 6.3; WOW64) AppleWebKit/537.36 (KHTML, like Gecko) Chrome/49.0.2623.112 Safari/537.36"
87.211.107.246 - - [17/Apr/2016:06:29:26 -0400] "GET /system/photos/2640/default/Berger_Icon.jpeg?1345138050 HTTP/1.1" 200 32112 "http://www.journalism.columbia.edu/page/9-journalism-awards/9" "Mozilla/5.0 (Windows NT 6.3; WOW64) AppleWebKit/537.36 (KHTML, like Gecko) Chrome/49.0.2623.112 Safari/537.36"
87.211.107.246 - - [17/Apr/2016:06:29:26 -0400] "GET /system/photos/2648/default/Dart_Icon.jpeg?1345138383 HTTP/1.1" 200 8344 "http://www.journalism.columbia.edu/page/9-journalism-awards/9" "Mozilla/5.0 (Windows NT 6.3; WOW64) AppleWebKit/537.36 (KHTML, like Gecko) Chrome/49.0.2623.112 Safari/537.36"
87.211.107.246 - - [17/Apr/2016:06:29:27 -0400] "GET /images/theme_images/mike1/logo-footer.png HTTP/1.1" 200 1311 "http://www.journalism.columbia.edu/stylesheets/theme_stylesheets/mike1/style.css" "Mozilla/5.0 (Windows NT 6.3; WOW64) AppleWebKit/537.36 (KHTML, like Gecko) Chrome/49.0.2623.112 Safari/537.36"
87.211.107.246 - - [17/Apr/2016:06:29:27 -0400] "GET /images/theme_images/mike1//colorbox/border2.png HTTP/1.1" 200 424 "http://www.journalism.columbia.edu/stylesheets/theme_stylesheets/mike1/colorbox.css" "Mozilla/5.0 (Windows NT 6.3; WOW64) AppleWebKit/537.36 (KHTML, like Gecko) Chrome/49.0.2623.112 Safari/537.36"
157.55.39.192 - - [17/Apr/2016:06:29:34 -0400] "GET /page/1056-the-dupont-talks-inaugural-episode/9 HTTP/1.1" 200 5203 "-" "Mozilla/5.0 (compatible; bingbot/2.0; +http://www.bing.com/bingbot.htm)"
116.235.146.3 - - [17/Apr/2016:06:29:35 -0400] "GET /system/photos/2069/original/SNasar_112811.jpg?1322514324 HTTP/1.1" 200 19260 "http://www.journalism.columbia.edu/profile/56-sylvia-nasar/10?from=singlemessage&isappinstalled=0" "Mozilla/5.0 (iPhone; CPU iPhone OS 9_2 like Mac OS X) AppleWebKit/601.1.46 (KHTML, like Gecko) Mobile/13C75 MicroMessenger/6.2.6 NetType/WIFI Language/zh_CN"
133.130.54.151 - - [17/Apr/2016:06:29:41 -0400] "GET /profile/43-marguerite-holloway/10 HTTP/1.1" 200 4453 "-" "Mozilla/5.0 (Macintosh; Intel Mac OS X 10_10_3) AppleWebKit/537.36 (KHTML, like Gecko) Chrome/42.0.2311.90 Safari/537.36"
194.71.161.156 - - [17/Apr/2016:06:29:59 -0400] "GET /event/1367?class=more HTTP/1.1" 200 5498 "-" "Barbarossa Spider/Nutch-1.8"
207.46.13.69 - - [17/Apr/2016:06:30:08 -0400] "GET /photo/2172/610 HTTP/1.1" 200 4094 "-" "Mozilla/5.0 (compatible; bingbot/2.0; +http://www.bing.com/bingbot.htm)"
68.180.231.24 - - [17/Apr/2016:06:30:29 -0400] "GET /system/documents/903/original/jas_program.pdf HTTP/1.1" 304 153 "-" "Mozilla/5.0 (compatible; Yahoo! Slurp; http://help.yahoo.com/help/us/ysearch/slurp)"
87.214.216.228 - - [17/Apr/2016:06:30:33 -0400] "GET / HTTP/1.1" 200 5999 "https://www.google.nl/" "Mozilla/5.0 (Macintosh; Intel Mac OS X 10_6_8) AppleWebKit/537.36 (KHTML, like Gecko) Chrome/49.0.2623.112 Safari/537.36"
87.214.216.228 - - [17/Apr/2016:06:30:34 -0400] "GET /images/theme_images/mike1/line1.png HTTP/1.1" 200 451 "http://www.journalism.columbia.edu/stylesheets/theme_stylesheets/mike1/style.css" "Mozilla/5.0 (Macintosh; Intel Mac OS X 10_6_8) AppleWebKit/537.36 (KHTML, like Gecko) Chrome/49.0.2623.112 Safari/537.36"
87.214.216.228 - - [17/Apr/2016:06:30:34 -0400] "GET /system/photos/4580/default/tobenkin_hp.jpg?1460236876 HTTP/1.1" 200 264333 "http://www.journalism.columbia.edu/" "Mozilla/5.0 (Macintosh; Intel Mac OS X 10_6_8) AppleWebKit/537.36 (KHTML, like Gecko) Chrome/49.0.2623.112 Safari/537.36"
87.214.216.228 - - [17/Apr/2016:06:30:34 -0400] "GET /images/theme_images/mike1/social_icons/soc_lt_insta.png HTTP/1.1" 200 11218 "http://www.journalism.columbia.edu/stylesheets/theme_stylesheets/mike1/style.css" "Mozilla/5.0 (Macintosh; Intel Mac OS X 10_6_8) AppleWebKit/537.36 (KHTML, like Gecko) Chrome/49.0.2623.112 Safari/537.36"
87.214.216.228 - - [17/Apr/2016:06:30:34 -0400] "GET /system/photos/4579/default/berger_hp.jpg?1460236845 HTTP/1.1" 200 337676 "http://www.journalism.columbia.edu/" "Mozilla/5.0 (Macintosh; Intel Mac OS X 10_6_8) AppleWebKit/537.36 (KHTML, like Gecko) Chrome/49.0.2623.112 Safari/537.36"
87.214.216.228 - - [17/Apr/2016:06:30:35 -0400] "GET /system/photos/3200/default/TowCenter-Horizontal-v5.gif?1375202845 HTTP/1.1" 200 5670 "http://www.journalism.columbia.edu/" "Mozilla/5.0 (Macintosh; Intel Mac OS X 10_6_8) AppleWebKit/537.36 (KHTML, like Gecko) Chrome/49.0.2623.112 Safari/537.36"
87.214.216.228 - - [17/Apr/2016:06:30:35 -0400] "GET /images/theme_images/mike1/social_icons/soc_lt_fb.png HTTP/1.1" 200 11218 "http://www.journalism.columbia.edu/stylesheets/theme_stylesheets/mike1/style.css" "Mozilla/5.0 (Macintosh; Intel Mac OS X 10_6_8) AppleWebKit/537.36 (KHTML, like Gecko) Chrome/49.0.2623.112 Safari/537.36"
87.214.216.228 - - [17/Apr/2016:06:30:35 -0400] "GET /images/theme_images/mike1/banners/Columbia_Journalism_Review.jpg HTTP/1.1" 200 7950 "http://www.journalism.columbia.edu/" "Mozilla/5.0 (Macintosh; Intel Mac OS X 10_6_8) AppleWebKit/537.36 (KHTML, like Gecko) Chrome/49.0.2623.112 Safari/537.36"
87.214.216.228 - - [17/Apr/2016:06:30:35 -0400] "GET /images/theme_images/mike1/icon-slider-nav1.png HTTP/1.1" 200 3062 "http://www.journalism.columbia.edu/stylesheets/theme_stylesheets/mike1/flexslider.css" "Mozilla/5.0 (Macintosh; Intel Mac OS X 10_6_8) AppleWebKit/537.36 (KHTML, like Gecko) Chrome/49.0.2623.112 Safari/537.36"
87.214.216.228 - - [17/Apr/2016:06:30:35 -0400] "GET /images/theme_images/mike1/banners/The_New_York_World.jpg HTTP/1.1" 200 4822 "http://www.journalism.columbia.edu/" "Mozilla/5.0 (Macintosh; Intel Mac OS X 10_6_8) AppleWebKit/537.36 (KHTML, like Gecko) Chrome/49.0.2623.112 Safari/537.36"
100.1.205.12 - - [17/Apr/2016:06:30:37 -0400] "GET /images/theme_images/mike1/logo.png HTTP/1.1" 200 13780 "http://www.journalism.columbia.edu/page/967-for-alumni/773" "Mozilla/5.0 (iPhone; CPU iPhone OS 9_2 like Mac OS X) AppleWebKit/601.1.46 (KHTML, like Gecko) Version/9.0 Mobile/13C75 Safari/601.1"
68.180.231.24 - - [17/Apr/2016:06:30:38 -0400] "GET /news/630 HTTP/1.1" 304 211 "-" "Mozilla/5.0 (compatible; Yahoo! Slurp; http://help.yahoo.com/help/us/ysearch/slurp)"
87.214.216.228 - - [17/Apr/2016:06:30:41 -0400] "GET /images/theme_images/mike1/line4.png HTTP/1.1" 200 454 "http://www.journalism.columbia.edu/stylesheets/theme_stylesheets/mike1/style.css" "Mozilla/5.0 (Macintosh; Intel Mac OS X 10_6_8) AppleWebKit/537.36 (KHTML, like Gecko) Chrome/49.0.2623.112 Safari/537.36"
66.249.66.31 - - [17/Apr/2016:06:30:44 -0400] "GET /system/documents/684/original/CLIMATE_CHANGE_FULL_WITH_COVER.pdf HTTP/1.1" 304 153 "-" "Mozilla/5.0 (compatible; Googlebot/2.1; +http://www.google.com/bot.html)"
128.59.40.117 - - [17/Apr/2016:06:30:48 -0400] "GET /page/150-alumni-board/151 HTTP/1.0" 200 5261 "-" "gsa-crawler (Enterprise; T4-BWMXW7XQDYSQL; search-admin@columbia.edu)"
100.1.205.12 - - [17/Apr/2016:06:30:58 -0400] "GET /page/145-benefits-services/146 HTTP/1.1" 200 6203 "http://www.journalism.columbia.edu/page/967-for-alumni/773" "Mozilla/5.0 (iPhone; CPU iPhone OS 9_2 like Mac OS X) AppleWebKit/601.1.46 (KHTML, like Gecko) Version/9.0 Mobile/13C75 Safari/601.1"
207.46.13.69 - - [17/Apr/2016:06:31:03 -0400] "GET /page/486-careers-in-television/399 HTTP/1.1" 200 4114 "-" "Mozilla/5.0 (compatible; bingbot/2.0; +http://www.bing.com/bingbot.htm)"
128.59.40.117 - - [17/Apr/2016:06:31:13 -0400] "GET /event/1523 HTTP/1.0" 200 4133 "-" "gsa-crawler (Enterprise; T4-BWMXW7XQDYSQL; search-admin@columbia.edu)"
204.152.200.42 - - [17/Apr/2016:06:31:22 -0400] "GET / HTTP/1.1" 200 5999 "-" "Pingdom.com_bot_version_1.4_(http://www.pingdom.com/)"
194.71.161.156 - - [17/Apr/2016:06:31:39 -0400] "GET /system/photos/3954/default/Haider_Poster.jpg?141522529 HTTP/1.1" 200 61244 "-" "Barbarossa Spider/Nutch-1.8"
41.218.218.99 - - [17/Apr/2016:06:31:44 -0400] "GET /images/theme_images/mike1/arrow1.png HTTP/1.1" 200 557 "-" "Mozilla/5.0 (Macintosh; Intel Mac OS X 10_11_2) AppleWebKit/537.36 (KHTML, like Gecko) Chrome/49.0.2623.112 Safari/537.36"
165.242.51.192 - - [17/Apr/2016:06:31:44 -0400] "GET /stylesheets/theme_stylesheets/mike1/colorbox.css HTTP/1.1" 200 1754 "http://www.journalism.columbia.edu/profile/64-alisa-solomon/10" "Mozilla/5.0 (Macintosh; Intel Mac OS X 10_10_3) AppleWebKit/600.6.3 (KHTML, like Gecko) Version/8.0.6 Safari/600.6.3"
165.242.51.192 - - [17/Apr/2016:06:31:44 -0400] "GET /javascripts/theme_scripts/mike1/jquery.colorbox.js HTTP/1.1" 200 4590 "http://www.journalism.columbia.edu/profile/64-alisa-solomon/10" "Mozilla/5.0 (Macintosh; Intel Mac OS X 10_10_3) AppleWebKit/600.6.3 (KHTML, like Gecko) Version/8.0.6 Safari/600.6.3"
165.242.51.192 - - [17/Apr/2016:06:31:44 -0400] "GET /javascripts/theme_scripts/mike1/jquery.js HTTP/1.1" 200 33752 "http://www.journalism.columbia.edu/profile/64-alisa-solomon/10" "Mozilla/5.0 (Macintosh; Intel Mac OS X 10_10_3) AppleWebKit/600.6.3 (KHTML, like Gecko) Version/8.0.6 Safari/600.6.3"
165.242.51.192 - - [17/Apr/2016:06:31:45 -0400] "GET /javascripts/theme_scripts/mike1/underscore-min.js HTTP/1.1" 200 5285 "http://www.journalism.columbia.edu/profile/64-alisa-solomon/10" "Mozilla/5.0 (Macintosh; Intel Mac OS X 10_10_3) AppleWebKit/600.6.3 (KHTML, like Gecko) Version/8.0.6 Safari/600.6.3"
165.242.51.192 - - [17/Apr/2016:06:31:45 -0400] "GET /javascripts/theme_scripts/mike1/jquery.tablesorter.min.js HTTP/1.1" 200 5162 "http://www.journalism.columbia.edu/profile/64-alisa-solomon/10" "Mozilla/5.0 (Macintosh; Intel Mac OS X 10_10_3) AppleWebKit/600.6.3 (KHTML, like Gecko) Version/8.0.6 Safari/600.6.3"
165.242.51.192 - - [17/Apr/2016:06:31:45 -0400] "GET /javascripts/theme_scripts/mike1/moment.min.js HTTP/1.1" 200 9509 "http://www.journalism.columbia.edu/profile/64-alisa-solomon/10" "Mozilla/5.0 (Macintosh; Intel Mac OS X 10_10_3) AppleWebKit/600.6.3 (KHTML, like Gecko) Version/8.0.6 Safari/600.6.3"
165.242.51.192 - - [17/Apr/2016:06:31:45 -0400] "GET /images/theme_images/mike1/icon-donate.png HTTP/1.1" 200 1622 "http://www.journalism.columbia.edu/profile/64-alisa-solomon/10" "Mozilla/5.0 (Macintosh; Intel Mac OS X 10_10_3) AppleWebKit/600.6.3 (KHTML, like Gecko) Version/8.0.6 Safari/600.6.3"
165.242.51.192 - - [17/Apr/2016:06:31:45 -0400] "GET /images/theme_images/mike1/line4.png HTTP/1.1" 200 454 "http://www.journalism.columbia.edu/profile/64-alisa-solomon/10" "Mozilla/5.0 (Macintosh; Intel Mac OS X 10_10_3) AppleWebKit/600.6.3 (KHTML, like Gecko) Version/8.0.6 Safari/600.6.3"
165.242.51.192 - - [17/Apr/2016:06:31:45 -0400] "GET /system/photos/3004/original/Solomon_-Alisa.gif?1365706610 HTTP/1.1" 200 128017 "http://www.journalism.columbia.edu/profile/64-alisa-solomon/10" "Mozilla/5.0 (Macintosh; Intel Mac OS X 10_10_3) AppleWebKit/600.6.3 (KHTML, like Gecko) Version/8.0.6 Safari/600.6.3"
165.242.51.192 - - [17/Apr/2016:06:31:46 -0400] "GET /images/theme_images/mike1/logo-footer.png HTTP/1.1" 200 1311 "http://www.journalism.columbia.edu/profile/64-alisa-solomon/10" "Mozilla/5.0 (Macintosh; Intel Mac OS X 10_10_3) AppleWebKit/600.6.3 (KHTML, like Gecko) Version/8.0.6 Safari/600.6.3"
165.242.51.192 - - [17/Apr/2016:06:31:46 -0400] "GET /fonts/theme_fonts/mike1/newsgothicmtbold-webfont.woff HTTP/1.1" 200 44085 "http://www.journalism.columbia.edu/profile/64-alisa-solomon/10" "Mozilla/5.0 (Macintosh; Intel Mac OS X 10_10_3) AppleWebKit/600.6.3 (KHTML, like Gecko) Version/8.0.6 Safari/600.6.3"
165.242.51.192 - - [17/Apr/2016:06:31:46 -0400] "GET /images/theme_images/mike1//colorbox/border2.png HTTP/1.1" 200 424 "http://www.journalism.columbia.edu/profile/64-alisa-solomon/10" "Mozilla/5.0 (Macintosh; Intel Mac OS X 10_10_3) AppleWebKit/600.6.3 (KHTML, like Gecko) Version/8.0.6 Safari/600.6.3"
165.242.51.192 - - [17/Apr/2016:06:31:47 -0400] "GET /images/theme_images/mike1/favicon.ico HTTP/1.1" 200 1435 "http://www.journalism.columbia.edu/profile/64-alisa-solomon/10" "Mozilla/5.0 (Macintosh; Intel Mac OS X 10_10_3) AppleWebKit/600.6.3 (KHTML, like Gecko) Version/8.0.6 Safari/600.6.3"
54.177.28.124 - - [17/Apr/2016:06:31:52 -0400] "GET /feed/301.rss HTTP/1.1" 200 62822 "-" "Digg Feed Fetcher 1.0 (Mozilla/5.0 (Macintosh; Intel Mac OS X 10_7_1) AppleWebKit/534.48.3 (KHTML, like Gecko) Version/5.1 Safari/534.48.3)"
157.55.39.192 - - [17/Apr/2016:06:31:59 -0400] "GET /photo/1974/22 HTTP/1.1" 200 4067 "-" "Mozilla/5.0 (compatible; bingbot/2.0; +http://www.bing.com/bingbot.htm)"
165.242.51.192 - - [17/Apr/2016:06:32:14 -0400] "GET /page/1-about-the-school/1 HTTP/1.1" 200 5562 "http://www.journalism.columbia.edu/profile/64-alisa-solomon/10" "Mozilla/5.0 (Macintosh; Intel Mac OS X 10_10_3) AppleWebKit/600.6.3 (KHTML, like Gecko) Version/8.0.6 Safari/600.6.3"
165.242.51.192 - - [17/Apr/2016:06:32:15 -0400] "GET /system/photos/2216/default/Twitter_Web.jpg?1326137680 HTTP/1.1" 200 5113 "http://www.journalism.columbia.edu/page/1-about-the-school/1" "Mozilla/5.0 (Macintosh; Intel Mac OS X 10_10_3) AppleWebKit/600.6.3 (KHTML, like Gecko) Version/8.0.6 Safari/600.6.3"
165.242.51.192 - - [17/Apr/2016:06:32:15 -0400] "GET /system/photos/2215/default/FB_Web_New_New.jpg?1326137407 HTTP/1.1" 200 4839 "http://www.journalism.columbia.edu/page/1-about-the-school/1" "Mozilla/5.0 (Macintosh; Intel Mac OS X 10_10_3) AppleWebKit/600.6.3 (KHTML, like Gecko) Version/8.0.6 Safari/600.6.3"
165.242.51.192 - - [17/Apr/2016:06:32:15 -0400] "GET /system/photos/2218/default/blogtalkradiobutton.jpg?1326139152 HTTP/1.1" 200 4918 "http://www.journalism.columbia.edu/page/1-about-the-school/1" "Mozilla/5.0 (Macintosh; Intel Mac OS X 10_10_3) AppleWebKit/600.6.3 (KHTML, like Gecko) Version/8.0.6 Safari/600.6.3"
91.200.12.97 - - [17/Apr/2016:06:32:22 -0400] "GET / HTTP/1.0" 301 609 "http://jrn.columbia.edu/" "Mozilla/5.0 (Windows NT 10.0; WOW64) AppleWebKit/537.36 (KHTML, like Gecko) Chrome/45.0.2454.101 Safari/537.36"
128.199.53.63 - - [17/Apr/2016:06:32:25 -0400] "GET / HTTP/1.1" 200 5999 "http://www.columbia.edu/content/schools-0.html" "Mozilla/5.0 (Windows NT 6.1) AppleWebKit/537.36 (KHTML, like Gecko) Chrome/49.0.2623.112 Safari/537.36"
128.199.53.63 - - [17/Apr/2016:06:32:25 -0400] "GET /stylesheets/theme_stylesheets/mike1/flexslider.css HTTP/1.1" 200 1675 "http://www.journalism.columbia.edu/" "Mozilla/5.0 (Windows NT 6.1) AppleWebKit/537.36 (KHTML, like Gecko) Chrome/49.0.2623.112 Safari/537.36"
128.199.53.63 - - [17/Apr/2016:06:32:25 -0400] "GET /stylesheets/theme_stylesheets/mike1/colorbox.css HTTP/1.1" 200 1754 "http://www.journalism.columbia.edu/" "Mozilla/5.0 (Windows NT 6.1) AppleWebKit/537.36 (KHTML, like Gecko) Chrome/49.0.2623.112 Safari/537.36"
128.199.53.63 - - [17/Apr/2016:06:32:26 -0400] "GET /javascripts/theme_scripts/mike1/jquery.colorbox.js HTTP/1.1" 200 4590 "http://www.journalism.columbia.edu/" "Mozilla/5.0 (Windows NT 6.1) AppleWebKit/537.36 (KHTML, like Gecko) Chrome/49.0.2623.112 Safari/537.36"
128.199.53.63 - - [17/Apr/2016:06:32:27 -0400] "GET /javascripts/theme_scripts/mike1/jquery.ui.tumblr.rss.js HTTP/1.1" 200 1986 "http://www.journalism.columbia.edu/" "Mozilla/5.0 (Windows NT 6.1) AppleWebKit/537.36 (KHTML, like Gecko) Chrome/49.0.2623.112 Safari/537.36"
128.199.53.63 - - [17/Apr/2016:06:32:27 -0400] "GET /javascripts/theme_scripts/mike1/main.js HTTP/1.1" 200 1418 "http://www.journalism.columbia.edu/" "Mozilla/5.0 (Windows NT 6.1) AppleWebKit/537.36 (KHTML, like Gecko) Chrome/49.0.2623.112 Safari/537.36"
128.199.53.63 - - [17/Apr/2016:06:32:28 -0400] "GET /javascripts/theme_scripts/mike1/underscore-min.js HTTP/1.1" 200 5285 "http://www.journalism.columbia.edu/" "Mozilla/5.0 (Windows NT 6.1) AppleWebKit/537.36 (KHTML, like Gecko) Chrome/49.0.2623.112 Safari/537.36"
128.199.53.63 - - [17/Apr/2016:06:32:29 -0400] "GET /images/theme_images/mike1/logo-horizontal-2.png HTTP/1.1" 200 45180 "http://www.journalism.columbia.edu/" "Mozilla/5.0 (Windows NT 6.1) AppleWebKit/537.36 (KHTML, like Gecko) Chrome/49.0.2623.112 Safari/537.36"
128.199.53.63 - - [17/Apr/2016:06:32:29 -0400] "GET /system/photos/4580/default/tobenkin_hp.jpg?1460236876 HTTP/1.1" 200 264333 "http://www.journalism.columbia.edu/" "Mozilla/5.0 (Windows NT 6.1) AppleWebKit/537.36 (KHTML, like Gecko) Chrome/49.0.2623.112 Safari/537.36"
128.199.53.63 - - [17/Apr/2016:06:32:29 -0400] "GET /system/photos/4579/default/berger_hp.jpg?1460236845 HTTP/1.1" 200 337676 "http://www.journalism.columbia.edu/" "Mozilla/5.0 (Windows NT 6.1) AppleWebKit/537.36 (KHTML, like Gecko) Chrome/49.0.2623.112 Safari/537.36"
128.199.53.63 - - [17/Apr/2016:06:32:30 -0400] "GET /fonts/theme_fonts/mike1/newsgothicmtbold-webfont.woff HTTP/1.1" 200 44085 "http://www.journalism.columbia.edu/stylesheets/theme_stylesheets/mike1/style.css" "Mozilla/5.0 (Windows NT 6.1) AppleWebKit/537.36 (KHTML, like Gecko) Chrome/49.0.2623.112 Safari/537.36"
128.199.53.63 - - [17/Apr/2016:06:32:30 -0400] "GET /images/theme_images/mike1/line3.png HTTP/1.1" 200 444 "http://www.journalism.columbia.edu/stylesheets/theme_stylesheets/mike1/style.css" "Mozilla/5.0 (Windows NT 6.1) AppleWebKit/537.36 (KHTML, like Gecko) Chrome/49.0.2623.112 Safari/537.36"
207.46.13.69 - - [17/Apr/2016:06:32:31 -0400] "GET /system/photos/3013/original/Fishman.gif?1365724719 HTTP/1.1" 200 178629 "-" "Mozilla/5.0 (compatible; bingbot/2.0; +http://www.bing.com/bingbot.htm)"
128.199.53.63 - - [17/Apr/2016:06:32:31 -0400] "GET /images/theme_images/mike1/banners/The_New_York_World.jpg HTTP/1.1" 200 4822 "http://www.journalism.columbia.edu/" "Mozilla/5.0 (Windows NT 6.1) AppleWebKit/537.36 (KHTML, like Gecko) Chrome/49.0.2623.112 Safari/537.36"
128.199.53.63 - - [17/Apr/2016:06:32:32 -0400] "GET /images/theme_images/mike1/logo.png HTTP/1.1" 200 13780 "http://www.journalism.columbia.edu/stylesheets/theme_stylesheets/mike1/style.css" "Mozilla/5.0 (Windows NT 6.1) AppleWebKit/537.36 (KHTML, like Gecko) Chrome/49.0.2623.112 Safari/537.36"
128.199.53.63 - - [17/Apr/2016:06:32:32 -0400] "GET /images/theme_images/mike1/social_icons/soc_lt_insta.png HTTP/1.1" 200 11218 "http://www.journalism.columbia.edu/stylesheets/theme_stylesheets/mike1/style.css" "Mozilla/5.0 (Windows NT 6.1) AppleWebKit/537.36 (KHTML, like Gecko) Chrome/49.0.2623.112 Safari/537.36"
128.199.53.63 - - [17/Apr/2016:06:32:32 -0400] "GET /images/theme_images/mike1/icon-donate.png HTTP/1.1" 200 1622 "http://www.journalism.columbia.edu/stylesheets/theme_stylesheets/mike1/style.css" "Mozilla/5.0 (Windows NT 6.1) AppleWebKit/537.36 (KHTML, like Gecko) Chrome/49.0.2623.112 Safari/537.36"
128.199.53.63 - - [17/Apr/2016:06:32:32 -0400] "GET /images/theme_images/mike1/social_icons/soc_lt_gplus.png HTTP/1.1" 200 3864 "http://www.journalism.columbia.edu/stylesheets/theme_stylesheets/mike1/style.css" "Mozilla/5.0 (Windows NT 6.1) AppleWebKit/537.36 (KHTML, like Gecko) Chrome/49.0.2623.112 Safari/537.36"
207.46.13.69 - - [17/Apr/2016:06:32:33 -0400] "GET /photo/2432/123 HTTP/1.1" 200 4092 "-" "Mozilla/5.0 (compatible; bingbot/2.0; +http://www.bing.com/bingbot.htm)"
128.199.53.63 - - [17/Apr/2016:06:32:33 -0400] "GET /images/theme_images/mike1/icon-slider-nav1.png HTTP/1.1" 200 3062 "http://www.journalism.columbia.edu/stylesheets/theme_stylesheets/mike1/flexslider.css" "Mozilla/5.0 (Windows NT 6.1) AppleWebKit/537.36 (KHTML, like Gecko) Chrome/49.0.2623.112 Safari/537.36"
128.199.53.63 - - [17/Apr/2016:06:32:33 -0400] "GET /system/photos/4585/default/berger_hp.jpg?1460814085 HTTP/1.1" 200 338432 "http://www.journalism.columbia.edu/" "Mozilla/5.0 (Windows NT 6.1) AppleWebKit/537.36 (KHTML, like Gecko) Chrome/49.0.2623.112 Safari/537.36"
128.199.53.63 - - [17/Apr/2016:06:32:33 -0400] "GET /system/photos/4558/default/careerexpo2016.jpg?1460148883 HTTP/1.1" 200 212783 "http://www.journalism.columbia.edu/" "Mozilla/5.0 (Windows NT 6.1) AppleWebKit/537.36 (KHTML, like Gecko) Chrome/49.0.2623.112 Safari/537.36"
128.199.53.63 - - [17/Apr/2016:06:32:34 -0400] "GET /images/theme_images/mike1//colorbox/border1.png HTTP/1.1" 200 1313 "http://www.journalism.columbia.edu/stylesheets/theme_stylesheets/mike1/colorbox.css" "Mozilla/5.0 (Windows NT 6.1) AppleWebKit/537.36 (KHTML, like Gecko) Chrome/49.0.2623.112 Safari/537.36"
194.71.161.156 - - [17/Apr/2016:06:32:39 -0400] "GET /feed/164.rss HTTP/1.1" 200 641 "-" "Barbarossa Spider/Nutch-1.8"
128.59.40.117 - - [17/Apr/2016:06:32:44 -0400] "GET /robots.txt HTTP/1.0" 200 469 "-" "gsa-crawler (Enterprise; T4-BWMXW7XQDYSQL; search-admin@columbia.edu)"
128.59.40.117 - - [17/Apr/2016:06:32:44 -0400] "GET /system/documents/345/original/online_metrics_report.pdf HTTP/1.0" 304 153 "-" "gsa-crawler (Enterprise; T4-BWMXW7XQDYSQL; search-admin@columbia.edu)"
180.76.15.146 - - [17/Apr/2016:06:32:55 -0400] "GET /page/190-lukas-prizes-how-to-enter/191 HTTP/1.1" 200 5933 "-" "Mozilla/5.0 (compatible; Baiduspider/2.0; +http://www.baidu.com/search/spider.html)"
194.71.161.156 - - [17/Apr/2016:06:32:59 -0400] "GET /page/47-payroll/47 HTTP/1.1" 200 5137 "-" "Barbarossa Spider/Nutch-1.8"
66.249.64.158 - - [17/Apr/2016:06:33:05 -0400] "GET /page/518-2008-mark-lynton-history-prize-finalist/188?printing=true?printing=true HTTP/1.1" 200 5636 "-" "Mozilla/5.0 (compatible; Googlebot/2.1; +http://www.google.com/bot.html)"
128.59.40.117 - - [17/Apr/2016:06:33:08 -0400] "GET /chancellor HTTP/1.0" 200 7905 "-" "gsa-crawler (Enterprise; T4-BWMXW7XQDYSQL; search-admin@columbia.edu)"
194.71.161.156 - - [17/Apr/2016:06:33:24 -0400] "GET /event/1401/14 HTTP/1.1" 200 4576 "-" "Barbarossa Spider/Nutch-1.8"
194.71.161.156 - - [17/Apr/2016:06:33:27 -0400] "GET /event/1347/14 HTTP/1.1" 200 5751 "-" "Barbarossa Spider/Nutch-1.8"
207.46.13.69 - - [17/Apr/2016:06:33:33 -0400] "GET /photo/2388/211 HTTP/1.1" 200 4218 "-" "Mozilla/5.0 (compatible; bingbot/2.0; +http://www.bing.com/bingbot.htm)"
194.71.161.156 - - [17/Apr/2016:06:33:35 -0400] "GET /event/1363?class=more HTTP/1.1" 200 5050 "-" "Barbarossa Spider/Nutch-1.8"
128.59.40.117 - - [17/Apr/2016:06:33:36 -0400] "GET /page/18-technology-guide/488 HTTP/1.0" 200 4266 "-" "gsa-crawler (Enterprise; T4-BWMXW7XQDYSQL; search-admin@columbia.edu)"
194.71.161.156 - - [17/Apr/2016:06:33:41 -0400] "GET /page/276-dual-degree-journalism-computer-science/279 HTTP/1.1" 200 6684 "-" "Barbarossa Spider/Nutch-1.8"
74.71.177.140 - - [17/Apr/2016:06:33:43 -0400] "GET /stylesheets/theme_stylesheets/mike1/flexslider.css HTTP/1.1" 200 1675 "http://www.journalism.columbia.edu/" "Mozilla/5.0 (iPhone; CPU iPhone OS 9_3_1 like Mac OS X) AppleWebKit/601.1.46 (KHTML, like Gecko) Version/9.0 Mobile/13E238 Safari/601.1"
74.71.177.140 - - [17/Apr/2016:06:33:43 -0400] "GET /stylesheets/theme_stylesheets/mike1/colorbox.css HTTP/1.1" 200 1754 "http://www.journalism.columbia.edu/" "Mozilla/5.0 (iPhone; CPU iPhone OS 9_3_1 like Mac OS X) AppleWebKit/601.1.46 (KHTML, like Gecko) Version/9.0 Mobile/13E238 Safari/601.1"
74.71.177.140 - - [17/Apr/2016:06:33:43 -0400] "GET /javascripts/theme_scripts/mike1/jquery.colorbox.js HTTP/1.1" 200 4590 "http://www.journalism.columbia.edu/" "Mozilla/5.0 (iPhone; CPU iPhone OS 9_3_1 like Mac OS X) AppleWebKit/601.1.46 (KHTML, like Gecko) Version/9.0 Mobile/13E238 Safari/601.1"
74.71.177.140 - - [17/Apr/2016:06:33:43 -0400] "GET /javascripts/theme_scripts/mike1/jquery.ui.tumblr.rss.js HTTP/1.1" 200 1986 "http://www.journalism.columbia.edu/" "Mozilla/5.0 (iPhone; CPU iPhone OS 9_3_1 like Mac OS X) AppleWebKit/601.1.46 (KHTML, like Gecko) Version/9.0 Mobile/13E238 Safari/601.1"
74.71.177.140 - - [17/Apr/2016:06:33:43 -0400] "GET /javascripts/theme_scripts/mike1/moment.min.js HTTP/1.1" 200 9509 "http://www.journalism.columbia.edu/" "Mozilla/5.0 (iPhone; CPU iPhone OS 9_3_1 like Mac OS X) AppleWebKit/601.1.46 (KHTML, like Gecko) Version/9.0 Mobile/13E238 Safari/601.1"
74.71.177.140 - - [17/Apr/2016:06:33:43 -0400] "GET /javascripts/theme_scripts/mike1/jquery.tablesorter.min.js HTTP/1.1" 200 5162 "http://www.journalism.columbia.edu/" "Mozilla/5.0 (iPhone; CPU iPhone OS 9_3_1 like Mac OS X) AppleWebKit/601.1.46 (KHTML, like Gecko) Version/9.0 Mobile/13E238 Safari/601.1"
74.71.177.140 - - [17/Apr/2016:06:33:43 -0400] "GET /images/theme_images/mike1/banners/Columbia_Journalism_Review.jpg HTTP/1.1" 200 7950 "http://www.journalism.columbia.edu/" "Mozilla/5.0 (iPhone; CPU iPhone OS 9_3_1 like Mac OS X) AppleWebKit/601.1.46 (KHTML, like Gecko) Version/9.0 Mobile/13E238 Safari/601.1"
74.71.177.140 - - [17/Apr/2016:06:33:43 -0400] "GET /system/photos/3200/default/TowCenter-Horizontal-v5.gif?1375202845 HTTP/1.1" 200 5670 "http://www.journalism.columbia.edu/" "Mozilla/5.0 (iPhone; CPU iPhone OS 9_3_1 like Mac OS X) AppleWebKit/601.1.46 (KHTML, like Gecko) Version/9.0 Mobile/13E238 Safari/601.1"
74.71.177.140 - - [17/Apr/2016:06:33:43 -0400] "GET /system/photos/4584/default/towcenter_report2016.jpg?1460661625 HTTP/1.1" 200 163280 "http://www.journalism.columbia.edu/" "Mozilla/5.0 (iPhone; CPU iPhone OS 9_3_1 like Mac OS X) AppleWebKit/601.1.46 (KHTML, like Gecko) Version/9.0 Mobile/13E238 Safari/601.1"
74.71.177.140 - - [17/Apr/2016:06:33:43 -0400] "GET /system/photos/4580/default/tobenkin_hp.jpg?1460236876 HTTP/1.1" 200 264333 "http://www.journalism.columbia.edu/" "Mozilla/5.0 (iPhone; CPU iPhone OS 9_3_1 like Mac OS X) AppleWebKit/601.1.46 (KHTML, like Gecko) Version/9.0 Mobile/13E238 Safari/601.1"
74.71.177.140 - - [17/Apr/2016:06:33:43 -0400] "GET /system/photos/4579/default/berger_hp.jpg?1460236845 HTTP/1.1" 200 337676 "http://www.journalism.columbia.edu/" "Mozilla/5.0 (iPhone; CPU iPhone OS 9_3_1 like Mac OS X) AppleWebKit/601.1.46 (KHTML, like Gecko) Version/9.0 Mobile/13E238 Safari/601.1"
74.71.177.140 - - [17/Apr/2016:06:33:44 -0400] "GET /fonts/theme_fonts/mike1/newsgothiccondensed-webfont.woff HTTP/1.1" 200 23377 "http://www.journalism.columbia.edu/" "Mozilla/5.0 (iPhone; CPU iPhone OS 9_3_1 like Mac OS X) AppleWebKit/601.1.46 (KHTML, like Gecko) Version/9.0 Mobile/13E238 Safari/601.1"
74.71.177.140 - - [17/Apr/2016:06:33:43 -0400] "GET /system/photos/3394/default/mobile-hp-image-1.jpg?1431445080 HTTP/1.1" 200 1318426 "http://www.journalism.columbia.edu/" "Mozilla/5.0 (iPhone; CPU iPhone OS 9_3_1 like Mac OS X) AppleWebKit/601.1.46 (KHTML, like Gecko) Version/9.0 Mobile/13E238 Safari/601.1"
101.58.21.11 - - [17/Apr/2016:06:33:47 -0400] "GET /page/802-tobenkin-award-past-winners/613 HTTP/1.1" 200 12217 "https://www.google.co.in/" "Mozilla/5.0 (Linux; Android 5.1; Atom 2 Build/LMY47D) AppleWebKit/537.36 (KHTML, like Gecko) Chrome/43.0.2357.93 Mobile Safari/537.36"
194.71.161.156 - - [17/Apr/2016:06:33:51 -0400] "GET /system/photos/4170/default/etan_hp.jpg?1425320228 HTTP/1.1" 200 181940 "-" "Barbarossa Spider/Nutch-1.8"
101.58.21.11 - - [17/Apr/2016:06:33:53 -0400] "GET /javascripts/theme_scripts/mike1/jquery.flexslider.js HTTP/1.1" 200 11424 "http://www.journalism.columbia.edu/page/802-tobenkin-award-past-winners/613" "Mozilla/5.0 (Linux; Android 5.1; Atom 2 Build/LMY47D) AppleWebKit/537.36 (KHTML, like Gecko) Chrome/43.0.2357.93 Mobile Safari/537.36"
101.58.21.11 - - [17/Apr/2016:06:33:53 -0400] "GET /javascripts/theme_scripts/mike1/jquery.js HTTP/1.1" 200 33752 "http://www.journalism.columbia.edu/page/802-tobenkin-award-past-winners/613" "Mozilla/5.0 (Linux; Android 5.1; Atom 2 Build/LMY47D) AppleWebKit/537.36 (KHTML, like Gecko) Chrome/43.0.2357.93 Mobile Safari/537.36"
74.71.177.140 - - [17/Apr/2016:06:33:55 -0400] "GET /javascripts/theme_scripts/jquery.masonry.js?1366664152 HTTP/1.1" 200 2983 "http://www.journalism.columbia.edu/site_map" "Mozilla/5.0 (iPhone; CPU iPhone OS 9_3_1 like Mac OS X) AppleWebKit/601.1.46 (KHTML, like Gecko) Version/9.0 Mobile/13E238 Safari/601.1"
101.58.21.11 - - [17/Apr/2016:06:33:57 -0400] "GET /javascripts/theme_scripts/mike1/jquery.ui.tumblr.rss.js HTTP/1.1" 200 1986 "http://www.journalism.columbia.edu/page/802-tobenkin-award-past-winners/613" "Mozilla/5.0 (Linux; Android 5.1; Atom 2 Build/LMY47D) AppleWebKit/537.36 (KHTML, like Gecko) Chrome/43.0.2357.93 Mobile Safari/537.36"
101.58.21.11 - - [17/Apr/2016:06:33:58 -0400] "GET /system/photos/4251/default/Puente.jpg?1428956574 HTTP/1.1" 200 24676 "http://www.journalism.columbia.edu/page/802-tobenkin-award-past-winners/613" "Mozilla/5.0 (Linux; Android 5.1; Atom 2 Build/LMY47D) AppleWebKit/537.36 (KHTML, like Gecko) Chrome/43.0.2357.93 Mobile Safari/537.36"
101.58.21.11 - - [17/Apr/2016:06:33:58 -0400] "GET /javascripts/theme_scripts/mike1/main.js HTTP/1.1" 200 1418 "http://www.journalism.columbia.edu/page/802-tobenkin-award-past-winners/613" "Mozilla/5.0 (Linux; Android 5.1; Atom 2 Build/LMY47D) AppleWebKit/537.36 (KHTML, like Gecko) Chrome/43.0.2357.93 Mobile Safari/537.36"
101.58.21.11 - - [17/Apr/2016:06:34:00 -0400] "GET /javascripts/theme_scripts/mike1/underscore-min.js HTTP/1.1" 200 5285 "http://www.journalism.columbia.edu/page/802-tobenkin-award-past-winners/613" "Mozilla/5.0 (Linux; Android 5.1; Atom 2 Build/LMY47D) AppleWebKit/537.36 (KHTML, like Gecko) Chrome/43.0.2357.93 Mobile Safari/537.36"
74.71.177.140 - - [17/Apr/2016:06:34:01 -0400] "GET /page/62-contact-us/828 HTTP/1.1" 200 6641 "http://www.journalism.columbia.edu/site_map" "Mozilla/5.0 (iPhone; CPU iPhone OS 9_3_1 like Mac OS X) AppleWebKit/601.1.46 (KHTML, like Gecko) Version/9.0 Mobile/13E238 Safari/601.1"
74.71.177.140 - - [17/Apr/2016:06:34:02 -0400] "GET /system/photos/2891/default/Gina.jpg?1358280805 HTTP/1.1" 200 60344 "http://www.journalism.columbia.edu/page/62-contact-us/828" "Mozilla/5.0 (iPhone; CPU iPhone OS 9_3_1 like Mac OS X) AppleWebKit/601.1.46 (KHTML, like Gecko) Version/9.0 Mobile/13E238 Safari/601.1"
74.71.177.140 - - [17/Apr/2016:06:34:02 -0400] "GET /system/photos/3369/default/izabela.jpg?1381854124 HTTP/1.1" 200 54092 "http://www.journalism.columbia.edu/page/62-contact-us/828" "Mozilla/5.0 (iPhone; CPU iPhone OS 9_3_1 like Mac OS X) AppleWebKit/601.1.46 (KHTML, like Gecko) Version/9.0 Mobile/13E238 Safari/601.1"
199.104.126.60 - - [17/Apr/2016:06:34:07 -0400] "GET /test/wp-admin/ HTTP/1.1" 301 618 "-" "-"
101.58.21.11 - - [17/Apr/2016:06:34:13 -0400] "GET /system/photos/4248/default/sferriss.jpg?1428955674 HTTP/1.1" 200 7877 "http://www.journalism.columbia.edu/page/802-tobenkin-award-past-winners/613" "Mozilla/5.0 (Linux; Android 5.1; Atom 2 Build/LMY47D) AppleWebKit/537.36 (KHTML, like Gecko) Chrome/43.0.2357.93 Mobile Safari/537.36"
194.71.161.156 - - [17/Apr/2016:06:34:13 -0400] "GET /page/789-tobenkin-award-how-to-enter/598 HTTP/1.1" 200 5621 "-" "Barbarossa Spider/Nutch-1.8"
101.58.21.11 - - [17/Apr/2016:06:34:13 -0400] "GET /fonts/theme_fonts/mike1/newsgothiccondensed-webfont.woff HTTP/1.1" 200 23377 "http://www.journalism.columbia.edu/stylesheets/theme_stylesheets/mike1/style.css" "Mozilla/5.0 (Linux; Android 5.1; Atom 2 Build/LMY47D) AppleWebKit/537.36 (KHTML, like Gecko) Chrome/43.0.2357.93 Mobile Safari/537.36"
101.58.21.11 - - [17/Apr/2016:06:34:14 -0400] "GET /system/photos/3071/default/HannahJones.jpg?1369154099 HTTP/1.1" 200 13880 "http://www.journalism.columbia.edu/page/802-tobenkin-award-past-winners/613" "Mozilla/5.0 (Linux; Android 5.1; Atom 2 Build/LMY47D) AppleWebKit/537.36 (KHTML, like Gecko) Chrome/43.0.2357.93 Mobile Safari/537.36"
101.58.21.11 - - [17/Apr/2016:06:34:14 -0400] "GET /system/photos/1715/default/ColumnshotsGriego_CM.jpg?1305554091 HTTP/1.1" 200 33587 "http://www.journalism.columbia.edu/page/802-tobenkin-award-past-winners/613" "Mozilla/5.0 (Linux; Android 5.1; Atom 2 Build/LMY47D) AppleWebKit/537.36 (KHTML, like Gecko) Chrome/43.0.2357.93 Mobile Safari/537.36"
69.162.124.235 - - [17/Apr/2016:06:34:19 -0400] "HEAD / HTTP/1.1" 301 281 "-" "Mozilla/5.0+(compatible; UptimeRobot/2.0; http://www.uptimerobot.com/)"
207.46.13.92 - - [17/Apr/2016:06:34:22 -0400] "GET /page/10/10?category_ids=2&tags=PHOTOJOURNALISM HTTP/1.1" 200 5103 "-" "Mozilla/5.0 (compatible; bingbot/2.0; +http://www.bing.com/bingbot.htm)"
101.58.21.11 - - [17/Apr/2016:06:34:28 -0400] "GET /system/photos/535/default/Read_Bernstein.jpg?1278621140 HTTP/1.1" 200 11845 "http://www.journalism.columbia.edu/page/802-tobenkin-award-past-winners/613" "Mozilla/5.0 (Linux; Android 5.1; Atom 2 Build/LMY47D) AppleWebKit/537.36 (KHTML, like Gecko) Chrome/43.0.2357.93 Mobile Safari/537.36"
101.58.21.11 - - [17/Apr/2016:06:34:37 -0400] "GET /images/theme_images/mike1/icon-donate.png HTTP/1.1" 200 1622 "http://www.journalism.columbia.edu/stylesheets/theme_stylesheets/mike1/style.css" "Mozilla/5.0 (Linux; Android 5.1; Atom 2 Build/LMY47D) AppleWebKit/537.36 (KHTML, like Gecko) Chrome/43.0.2357.93 Mobile Safari/537.36"
74.71.177.140 - - [17/Apr/2016:06:34:39 -0400] "GET /system/photos/2961/default/ABedrick.jpg?1364245121 HTTP/1.1" 200 14742 "http://www.journalism.columbia.edu/page/146-contact-us/147" "Mozilla/5.0 (iPhone; CPU iPhone OS 9_3_1 like Mac OS X) AppleWebKit/601.1.46 (KHTML, like Gecko) Version/9.0 Mobile/13E238 Safari/601.1"
