74.71.177.140 - - [17/Apr/2016:06:34:38 -0400] "GET /system/photos/2973/default/Janine.jpg?1365015761 HTTP/1.1" 200 31547 "http://www.journalism.columbia.edu/page/146-contact-us/147" "Mozilla/5.0 (iPhone; CPU iPhone OS 9_3_1 like Mac OS X) AppleWebKit/601.1.46 (KHTML, like Gecko) Version/9.0 Mobile/13E238 Safari/601.1"
74.71.177.140 - - [17/Apr/2016:06:34:39 -0400] "GET /system/photos/2974/default/Addeley.jpg?1365015784 HTTP/1.1" 200 26173 "http://www.journalism.columbia.edu/page/146-contact-us/147" "Mozilla/5.0 (iPhone; CPU iPhone OS 9_3_1 like Mac OS X) AppleWebKit/601.1.46 (KHTML, like Gecko) Version/9.0 Mobile/13E238 Safari/601.1"
74.71.177.140 - - [17/Apr/2016:06:34:39 -0400] "GET /system/photos/4136/default/Ethan_2.jpg?1424104657 HTTP/1.1" 200 59423 "http://www.journalism.columbia.edu/page/146-contact-us/147" "Mozilla/5.0 (iPhone; CPU iPhone OS 9_3_1 like Mac OS X) AppleWebKit/601.1.46 (KHTML, like Gecko) Version/9.0 Mobile/13E238 Safari/601.1"
101.58.21.11 - - [17/Apr/2016:06:34:41 -0400] "GET /images/theme_images/mike1/line3.png HTTP/1.1" 200 444 "http://www.journalism.columbia.edu/stylesheets/theme_stylesheets/mike1/style.css" "Mozilla/5.0 (Linux; Android 5.1; Atom 2 Build/LMY47D) AppleWebKit/537.36 (KHTML, like Gecko) Chrome/43.0.2357.93 Mobile Safari/537.36"
101.58.21.11 - - [17/Apr/2016:06:34:43 -0400] "GET /images/theme_images/mike1/apply-button-bg.png HTTP/1.1" 200 7681 "http://www.journalism.columbia.edu/stylesheets/theme_stylesheets/mike1/style.css" "Mozilla/5.0 (Linux; Android 5.1; Atom 2 Build/LMY47D) AppleWebKit/537.36 (KHTML, like Gecko) Chrome/43.0.2357.93 Mobile Safari/537.36"
101.58.21.11 - - [17/Apr/2016:06:34:43 -0400] "GET /images/theme_images/mike1//colorbox/border2.png HTTP/1.1" 200 424 "http://www.journalism.columbia.edu/stylesheets/theme_stylesheets/mike1/colorbox.css" "Mozilla/5.0 (Linux; Android 5.1; Atom 2 Build/LMY47D) AppleWebKit/537.36 (KHTML, like Gecko) Chrome/43.0.2357.93 Mobile Safari/537.36"
128.59.40.117 - - [17/Apr/2016:06:34:50 -0400] "GET /robots.txt HTTP/1.0" 200 469 "-" "gsa-crawler (Enterprise; T4-BWMXW7XQDYSQL; search-admin@columbia.edu)"
207.46.13.69 - - [17/Apr/2016:06:34:50 -0400] "GET /event/1169/14 HTTP/1.1" 200 4981 "-" "Mozilla/5.0 (compatible; bingbot/2.0; +http://www.bing.com/bingbot.htm)"
101.58.21.11 - - [17/Apr/2016:06:35:00 -0400] "GET /images/theme_images/mike1/favicon.ico HTTP/1.1" 200 1435 "http://www.journalism.columbia.edu/page/802-tobenkin-award-past-winners/613" "Mozilla/5.0 (Linux; Android 5.1; Atom 2 Build/LMY47D) AppleWebKit/537.36 (KHTML, like Gecko) Chrome/43.0.2357.93 Mobile Safari/537.36"
207.46.13.74 - - [17/Apr/2016:06:35:03 -0400] "GET /cs/ContentServer/jrn/1165270109971/page/1212609902670/simplepage.htm HTTP/1.1" 303 546 "-" "Mozilla/5.0 (compatible; bingbot/2.0; +http://www.bing.com/bingbot.htm)"
41.77.79.58 - - [17/Apr/2016:06:35:07 -0400] "GET /page/1184-the-energy-and-environment-reporting-fellowship/8 HTTP/1.1" 200 8614 "https://www.google.com" "Mozilla/5.0 (Windows NT 6.1; rv:45.0) Gecko/20100101 Firefox/45.0"
41.77.79.58 - - [17/Apr/2016:06:35:08 -0400] "GET /stylesheets/theme_stylesheets/mike1/colorbox.css HTTP/1.1" 200 1754 "http://www.journalism.columbia.edu/page/1184-the-energy-and-environment-reporting-fellowship/8" "Mozilla/5.0 (Windows NT 6.1; rv:45.0) Gecko/20100101 Firefox/45.0"
41.77.79.58 - - [17/Apr/2016:06:35:09 -0400] "GET /javascripts/theme_scripts/mike1/jquery.flexslider.js HTTP/1.1" 200 11424 "http://www.journalism.columbia.edu/page/1184-the-energy-and-environment-reporting-fellowship/8" "Mozilla/5.0 (Windows NT 6.1; rv:45.0) Gecko/20100101 Firefox/45.0"
41.77.79.58 - - [17/Apr/2016:06:35:09 -0400] "GET /javascripts/theme_scripts/mike1/jquery.js HTTP/1.1" 200 33752 "http://www.journalism.columbia.edu/page/1184-the-energy-and-environment-reporting-fellowship/8" "Mozilla/5.0 (Windows NT 6.1; rv:45.0) Gecko/20100101 Firefox/45.0"
41.77.79.58 - - [17/Apr/2016:06:35:09 -0400] "GET /javascripts/theme_scripts/mike1/jquery.tablesorter.min.js HTTP/1.1" 200 5162 "http://www.journalism.columbia.edu/page/1184-the-energy-and-environment-reporting-fellowship/8" "Mozilla/5.0 (Windows NT 6.1; rv:45.0) Gecko/20100101 Firefox/45.0"
41.77.79.58 - - [17/Apr/2016:06:35:09 -0400] "GET /javascripts/theme_scripts/mike1/moment.min.js HTTP/1.1" 200 9509 "http://www.journalism.columbia.edu/page/1184-the-energy-and-environment-reporting-fellowship/8" "Mozilla/5.0 (Windows NT 6.1; rv:45.0) Gecko/20100101 Firefox/45.0"
41.77.79.58 - - [17/Apr/2016:06:35:09 -0400] "GET /javascripts/theme_scripts/mike1/clndr.min.js HTTP/1.1" 200 3752 "http://www.journalism.columbia.edu/page/1184-the-energy-and-environment-reporting-fellowship/8" "Mozilla/5.0 (Windows NT 6.1; rv:45.0) Gecko/20100101 Firefox/45.0"
41.77.79.58 - - [17/Apr/2016:06:35:11 -0400] "GET /system/photos/4434/default/mphillis.jpg?1444412517 HTTP/1.1" 200 58825 "http://www.journalism.columbia.edu/page/1184-the-energy-and-environment-reporting-fellowship/8" "Mozilla/5.0 (Windows NT 6.1; rv:45.0) Gecko/20100101 Firefox/45.0"
41.77.79.58 - - [17/Apr/2016:06:35:11 -0400] "GET /system/photos/4478/default/asif.jpg?1449684418 HTTP/1.1" 200 59384 "http://www.journalism.columbia.edu/page/1184-the-energy-and-environment-reporting-fellowship/8" "Mozilla/5.0 (Windows NT 6.1; rv:45.0) Gecko/20100101 Firefox/45.0"
41.77.79.58 - - [17/Apr/2016:06:35:11 -0400] "GET /system/photos/4430/default/dgrandoni.jpg?1444412472 HTTP/1.1" 200 72521 "http://www.journalism.columbia.edu/page/1184-the-energy-and-environment-reporting-fellowship/8" "Mozilla/5.0 (Windows NT 6.1; rv:45.0) Gecko/20100101 Firefox/45.0"
41.77.79.58 - - [17/Apr/2016:06:35:11 -0400] "GET /images/theme_images/mike1/arrow1.png HTTP/1.1" 200 557 "http://www.journalism.columbia.edu/stylesheets/theme_stylesheets/mike1/style.css" "Mozilla/5.0 (Windows NT 6.1; rv:45.0) Gecko/20100101 Firefox/45.0"
41.77.79.58 - - [17/Apr/2016:06:35:11 -0400] "GET /images/theme_images/mike1/line4.png HTTP/1.1" 200 454 "http://www.journalism.columbia.edu/stylesheets/theme_stylesheets/mike1/style.css" "Mozilla/5.0 (Windows NT 6.1; rv:45.0) Gecko/20100101 Firefox/45.0"
41.77.79.58 - - [17/Apr/2016:06:35:11 -0400] "GET /system/photos/4436/default/srust.jpg?1444412536 HTTP/1.1" 200 69083 "http://www.journalism.columbia.edu/page/1184-the-energy-and-environment-reporting-fellowship/8" "Mozilla/5.0 (Windows NT 6.1; rv:45.0) Gecko/20100101 Firefox/45.0"
41.77.79.58 - - [17/Apr/2016:06:35:14 -0400] "GET /system/photos/4432/default/kjennings.jpg?1444412494 HTTP/1.1" 200 62749 "http://www.journalism.columbia.edu/page/1184-the-energy-and-environment-reporting-fellowship/8" "Mozilla/5.0 (Windows NT 6.1; rv:45.0) Gecko/20100101 Firefox/45.0"
41.77.79.58 - - [17/Apr/2016:06:35:14 -0400] "GET /system/photos/4435/default/sjerving.jpg?1444412526 HTTP/1.1" 200 69208 "http://www.journalism.columbia.edu/page/1184-the-energy-and-environment-reporting-fellowship/8" "Mozilla/5.0 (Windows NT 6.1; rv:45.0) Gecko/20100101 Firefox/45.0"
66.249.66.31 - - [17/Apr/2016:06:35:24 -0400] "GET /news/781 HTTP/1.1" 200 4715 "-" "Mozilla/5.0 (compatible; Googlebot/2.1; +http://www.google.com/bot.html)"
128.59.40.117 - - [17/Apr/2016:06:35:36 -0400] "GET /robots.txt HTTP/1.0" 200 469 "-" "gsa-crawler (Enterprise; T4-BWMXW7XQDYSQL; search-admin@columbia.edu)"
178.255.153.2 - - [17/Apr/2016:06:35:42 -0400] "GET / HTTP/1.1" 200 5999 "-" "Pingdom.com_bot_version_1.4_(http://www.pingdom.com/)"
194.71.161.156 - - [17/Apr/2016:06:35:44 -0400] "GET /page/184-chancellor-award-past-winners/185 HTTP/1.1" 200 10907 "-" "Barbarossa Spider/Nutch-1.8"
194.71.161.156 - - [17/Apr/2016:06:36:15 -0400] "GET /page/111-thank-you-notes/112 HTTP/1.1" 200 4116 "-" "Barbarossa Spider/Nutch-1.8"
207.46.13.92 - - [17/Apr/2016:06:36:18 -0400] "GET /page/430-press-room/352 HTTP/1.1" 404 4351 "-" "Mozilla/5.0 (compatible; bingbot/2.0; +http://www.bing.com/bingbot.htm)"
128.59.40.117 - - [17/Apr/2016:06:36:20 -0400] "GET /cs/ContentServer/jrn/1165270051346/page/1175295297393/JRNHomePage.htm HTTP/1.0" 200 6095 "-" "gsa-crawler (Enterprise; T4-BWMXW7XQDYSQL; search-admin@columbia.edu)"
5.143.231.13 - - [17/Apr/2016:06:36:41 -0400] "GET /robots.txt HTTP/1.1" 200 469 "-" "Mozilla/5.0 (compatible; SputnikBot/2.3; +http://corp.sputnik.ru/webmaster)"
5.143.231.13 - - [17/Apr/2016:06:36:44 -0400] "GET /event/1137/14 HTTP/1.1" 304 211 "-" "Mozilla/5.0 (compatible; SputnikBot/2.3; +http://corp.sputnik.ru/webmaster)"
5.143.231.13 - - [17/Apr/2016:06:36:49 -0400] "GET /event/1108/14 HTTP/1.1" 304 211 "-" "Mozilla/5.0 (compatible; SputnikBot/2.3; +http://corp.sputnik.ru/webmaster)"
194.71.161.156 - - [17/Apr/2016:06:36:49 -0400] "GET /profile/427-nina-berman/10 HTTP/1.1" 200 4757 "-" "Barbarossa Spider/Nutch-1.8"
5.143.231.13 - - [17/Apr/2016:06:36:53 -0400] "GET /page/1082/11 HTTP/1.1" 304 211 "-" "Mozilla/5.0 (compatible; SputnikBot/2.3; +http://corp.sputnik.ru/webmaster)"
5.143.231.13 - - [17/Apr/2016:06:36:56 -0400] "GET /page/1061-cost-of-attendance-the-lede-program/910 HTTP/1.1" 304 211 "-" "Mozilla/5.0 (compatible; SputnikBot/2.3; +http://corp.sputnik.ru/webmaster)"
207.46.13.74 - - [17/Apr/2016:06:37:00 -0400] "GET /photo/2540/592 HTTP/1.1" 200 4154 "-" "Mozilla/5.0 (compatible; bingbot/2.0; +http://www.bing.com/bingbot.htm)"
5.143.231.13 - - [17/Apr/2016:06:37:01 -0400] "GET /page/517-2008-mark-lynton-history-prize-winner/188 HTTP/1.1" 200 5924 "-" "Mozilla/5.0 (compatible; SputnikBot/2.3; +http://corp.sputnik.ru/webmaster)"
65.52.129.59 - - [17/Apr/2016:06:37:04 -0400] "GET / HTTP/1.1" 200 21065 "-" "-"
54.210.147.136 - - [17/Apr/2016:06:37:04 -0400] "GET /page/1070-j-school-live/920 HTTP/1.1" 200 4618 "-" "Mozilla/5.0 (Macintosh; Intel Mac OS X 10.9; rv:28.0) Gecko/20100101 Firefox/28.0 (FlipboardProxy/1.1; +http://flipboard.com/browserproxy)"
5.143.231.13 - - [17/Apr/2016:06:37:07 -0400] "GET /profile/48-david-klatell/ HTTP/1.1" 304 211 "-" "Mozilla/5.0 (compatible; SputnikBot/2.3; +http://corp.sputnik.ru/webmaster)"
207.46.13.92 - - [17/Apr/2016:06:37:27 -0400] "GET /feed/416.rss HTTP/1.1" 200 652 "-" "Mozilla/5.0 (compatible; bingbot/2.0; +http://www.bing.com/bingbot.htm)"
128.59.40.117 - - [17/Apr/2016:06:37:28 -0400] "GET /cs/ContentServer/jrn/1165270052298/JRN_News_C/1212611760779/JRNNewsDetail.htm HTTP/1.0" 303 546 "-" "gsa-crawler (Enterprise; T4-BWMXW7XQDYSQL; search-admin@columbia.edu)"
128.59.40.117 - - [17/Apr/2016:06:37:28 -0400] "GET /alumni/weekend2015 HTTP/1.0" 200 10602 "-" "gsa-crawler (Enterprise; T4-BWMXW7XQDYSQL; search-admin@columbia.edu)"
194.71.161.156 - - [17/Apr/2016:06:37:45 -0400] "GET /profile/9 HTTP/1.1" 200 4306 "-" "Barbarossa Spider/Nutch-1.8"
66.249.64.158 - - [17/Apr/2016:06:37:48 -0400] "GET /page/514-2008-winner-press-release/188 HTTP/1.1" 200 8397 "-" "Mozilla/5.0 (compatible; Googlebot/2.1; +http://www.google.com/bot.html)"
128.59.40.117 - - [17/Apr/2016:06:37:53 -0400] "GET /event/1523 HTTP/1.0" 200 4133 "-" "gsa-crawler (Enterprise; T4-BWMXW7XQDYSQL; search-admin@columbia.edu)"
66.249.66.130 - - [17/Apr/2016:06:38:03 -0400] "GET /page/572-check-requests/741 HTTP/1.1" 200 4135 "-" "Mozilla/5.0 (compatible; Googlebot/2.1; +http://www.google.com/bot.html)"
207.46.13.92 - - [17/Apr/2016:06:38:05 -0400] "GET /photo/2528/125 HTTP/1.1" 200 4116 "-" "Mozilla/5.0 (compatible; bingbot/2.0; +http://www.bing.com/bingbot.htm)"
194.71.161.156 - - [17/Apr/2016:06:38:06 -0400] "GET /page/66-job-hunting-links/66 HTTP/1.1" 200 4118 "-" "Barbarossa Spider/Nutch-1.8"
77.75.79.32 - - [17/Apr/2016:06:38:07 -0400] "GET /page/169-lukas-prizes/170 HTTP/1.1" 200 8047 "-" "Mozilla/5.0 (compatible; SeznamBot/3.2; +http://fulltext.sblog.cz/)"
111.196.221.217 - - [17/Apr/2016:06:38:26 -0400] "GET /favicon.ico HTTP/1.1" 404 1244 "-" "Mozilla/4.0 (compatible; MSIE 7.0; Windows NT 5.1; Trident/4.0; .NET CLR 2.0.50727; 360space)"
100.11.29.146 - - [17/Apr/2016:06:38:29 -0400] "GET /stylesheets/theme_stylesheets/mike1/style.css HTTP/1.1" 200 10239 "http://www.journalism.columbia.edu/page/164-pulitzer-prizes/165" "Mozilla/5.0 (Windows NT 10.0; Win64; x64) AppleWebKit/537.36 (KHTML, like Gecko) Chrome/42.0.2311.135 Safari/537.36 Edge/12.10240"
100.11.29.146 - - [17/Apr/2016:06:38:29 -0400] "GET /stylesheets/theme_stylesheets/mike1/colorbox.css HTTP/1.1" 200 1754 "http://www.journalism.columbia.edu/page/164-pulitzer-prizes/165" "Mozilla/5.0 (Windows NT 10.0; Win64; x64) AppleWebKit/537.36 (KHTML, like Gecko) Chrome/42.0.2311.135 Safari/537.36 Edge/12.10240"
100.11.29.146 - - [17/Apr/2016:06:38:29 -0400] "GET /javascripts/theme_scripts/mike1/jquery.flexslider.js HTTP/1.1" 200 11424 "http://www.journalism.columbia.edu/page/164-pulitzer-prizes/165" "Mozilla/5.0 (Windows NT 10.0; Win64; x64) AppleWebKit/537.36 (KHTML, like Gecko) Chrome/42.0.2311.135 Safari/537.36 Edge/12.10240"
100.11.29.146 - - [17/Apr/2016:06:38:29 -0400] "GET /javascripts/theme_scripts/mike1/jquery.ui.tumblr.rss.js HTTP/1.1" 200 1986 "http://www.journalism.columbia.edu/page/164-pulitzer-prizes/165" "Mozilla/5.0 (Windows NT 10.0; Win64; x64) AppleWebKit/537.36 (KHTML, like Gecko) Chrome/42.0.2311.135 Safari/537.36 Edge/12.10240"
100.11.29.146 - - [17/Apr/2016:06:38:29 -0400] "GET /javascripts/theme_scripts/mike1/jquery.tablesorter.min.js HTTP/1.1" 200 5162 "http://www.journalism.columbia.edu/page/164-pulitzer-prizes/165" "Mozilla/5.0 (Windows NT 10.0; Win64; x64) AppleWebKit/537.36 (KHTML, like Gecko) Chrome/42.0.2311.135 Safari/537.36 Edge/12.10240"
100.11.29.146 - - [17/Apr/2016:06:38:29 -0400] "GET /javascripts/theme_scripts/mike1/moment.min.js HTTP/1.1" 200 9509 "http://www.journalism.columbia.edu/page/164-pulitzer-prizes/165" "Mozilla/5.0 (Windows NT 10.0; Win64; x64) AppleWebKit/537.36 (KHTML, like Gecko) Chrome/42.0.2311.135 Safari/537.36 Edge/12.10240"
100.11.29.146 - - [17/Apr/2016:06:38:29 -0400] "GET /images/theme_images/mike1/logo-horizontal-2.png HTTP/1.1" 200 45180 "http://www.journalism.columbia.edu/page/164-pulitzer-prizes/165" "Mozilla/5.0 (Windows NT 10.0; Win64; x64) AppleWebKit/537.36 (KHTML, like Gecko) Chrome/42.0.2311.135 Safari/537.36 Edge/12.10240"
100.11.29.146 - - [17/Apr/2016:06:38:29 -0400] "GET /fonts/theme_fonts/mike1/newsgothicmtbold-webfont.woff HTTP/1.1" 200 44085 "http://www.journalism.columbia.edu/page/164-pulitzer-prizes/165" "Mozilla/5.0 (Windows NT 10.0; Win64; x64) AppleWebKit/537.36 (KHTML, like Gecko) Chrome/42.0.2311.135 Safari/537.36 Edge/12.10240"
100.11.29.146 - - [17/Apr/2016:06:38:29 -0400] "GET /fonts/theme_fonts/mike1/newsgothiccondensed-webfont.woff HTTP/1.1" 200 23377 "http://www.journalism.columbia.edu/page/164-pulitzer-prizes/165" "Mozilla/5.0 (Windows NT 10.0; Win64; x64) AppleWebKit/537.36 (KHTML, like Gecko) Chrome/42.0.2311.135 Safari/537.36 Edge/12.10240"
100.11.29.146 - - [17/Apr/2016:06:38:29 -0400] "GET /images/theme_images/mike1/line4.png HTTP/1.1" 200 454 "http://www.journalism.columbia.edu/page/164-pulitzer-prizes/165" "Mozilla/5.0 (Windows NT 10.0; Win64; x64) AppleWebKit/537.36 (KHTML, like Gecko) Chrome/42.0.2311.135 Safari/537.36 Edge/12.10240"
100.11.29.146 - - [17/Apr/2016:06:38:29 -0400] "GET /images/theme_images/mike1/arrow1.png HTTP/1.1" 200 557 "http://www.journalism.columbia.edu/page/164-pulitzer-prizes/165" "Mozilla/5.0 (Windows NT 10.0; Win64; x64) AppleWebKit/537.36 (KHTML, like Gecko) Chrome/42.0.2311.135 Safari/537.36 Edge/12.10240"
100.11.29.146 - - [17/Apr/2016:06:38:31 -0400] "GET /images/theme_images/mike1/apply-button-bg.png HTTP/1.1" 200 7681 "http://www.journalism.columbia.edu/page/164-pulitzer-prizes/165" "Mozilla/5.0 (Windows NT 10.0; Win64; x64) AppleWebKit/537.36 (KHTML, like Gecko) Chrome/42.0.2311.135 Safari/537.36 Edge/12.10240"
100.11.29.146 - - [17/Apr/2016:06:38:31 -0400] "GET /images/theme_images/mike1/favicon.ico HTTP/1.1" 200 1435 "-" "Mozilla/5.0 (Windows NT 10.0; Win64; x64) AppleWebKit/537.36 (KHTML, like Gecko) Chrome/42.0.2311.135 Safari/537.36 Edge/12.10240"
100.11.29.146 - - [17/Apr/2016:06:38:31 -0400] "GET /images/theme_images/mike1//colorbox/border2.png HTTP/1.1" 200 424 "http://www.journalism.columbia.edu/page/164-pulitzer-prizes/165" "Mozilla/5.0 (Windows NT 10.0; Win64; x64) AppleWebKit/537.36 (KHTML, like Gecko) Chrome/42.0.2311.135 Safari/537.36 Edge/12.10240"
194.71.161.156 - - [17/Apr/2016:06:38:42 -0400] "GET /event/1360/14 HTTP/1.1" 200 6470 "-" "Barbarossa Spider/Nutch-1.8"
194.71.161.156 - - [17/Apr/2016:06:38:44 -0400] "GET /page/51-new-faculty-and-staff/51 HTTP/1.1" 200 6282 "-" "Barbarossa Spider/Nutch-1.8"
217.73.208.148 - - [17/Apr/2016:06:39:08 -0400] "GET /profile/29-helen-benedict/ HTTP/1.0" 200 5974 "-" "istellabot/t.1"
69.162.124.235 - - [17/Apr/2016:06:39:19 -0400] "HEAD / HTTP/1.1" 301 281 "-" "Mozilla/5.0+(compatible; UptimeRobot/2.0; http://www.uptimerobot.com/)"
65.17.253.220 - - [17/Apr/2016:06:39:19 -0400] "GET / HTTP/1.0" 200 21065 "-" "Mozilla/4.0 (compatible; MSIE 8.0; Windows NT 5.1; Trident/4.0)"
95.63.16.179 - - [17/Apr/2016:06:39:25 -0400] "GET /stylesheets/theme_stylesheets/mike1/style.css HTTP/1.1" 200 10239 "http://www.journalism.columbia.edu/page/199-master-of-arts-in-journalism/200" "Mozilla/5.0 (Macintosh; Intel Mac OS X 10.9; rv:45.0) Gecko/20100101 Firefox/45.0"
95.63.16.179 - - [17/Apr/2016:06:39:25 -0400] "GET /stylesheets/theme_stylesheets/mike1/colorbox.css HTTP/1.1" 200 1754 "http://www.journalism.columbia.edu/page/199-master-of-arts-in-journalism/200" "Mozilla/5.0 (Macintosh; Intel Mac OS X 10.9; rv:45.0) Gecko/20100101 Firefox/45.0"
95.63.16.179 - - [17/Apr/2016:06:39:25 -0400] "GET /javascripts/theme_scripts/mike1/jquery.flexslider.js HTTP/1.1" 200 11424 "http://www.journalism.columbia.edu/page/199-master-of-arts-in-journalism/200" "Mozilla/5.0 (Macintosh; Intel Mac OS X 10.9; rv:45.0) Gecko/20100101 Firefox/45.0"
95.63.16.179 - - [17/Apr/2016:06:39:25 -0400] "GET /javascripts/theme_scripts/mike1/jquery.tablesorter.min.js HTTP/1.1" 200 5162 "http://www.journalism.columbia.edu/page/199-master-of-arts-in-journalism/200" "Mozilla/5.0 (Macintosh; Intel Mac OS X 10.9; rv:45.0) Gecko/20100101 Firefox/45.0"
95.63.16.179 - - [17/Apr/2016:06:39:25 -0400] "GET /javascripts/theme_scripts/mike1/underscore-min.js HTTP/1.1" 200 5285 "http://www.journalism.columbia.edu/page/199-master-of-arts-in-journalism/200" "Mozilla/5.0 (Macintosh; Intel Mac OS X 10.9; rv:45.0) Gecko/20100101 Firefox/45.0"
95.63.16.179 - - [17/Apr/2016:06:39:25 -0400] "GET /javascripts/theme_scripts/mike1/main.js HTTP/1.1" 200 1418 "http://www.journalism.columbia.edu/page/199-master-of-arts-in-journalism/200" "Mozilla/5.0 (Macintosh; Intel Mac OS X 10.9; rv:45.0) Gecko/20100101 Firefox/45.0"
95.63.16.179 - - [17/Apr/2016:06:39:26 -0400] "GET /javascripts/theme_scripts/mike1/clndr.min.js HTTP/1.1" 200 3752 "http://www.journalism.columbia.edu/page/199-master-of-arts-in-journalism/200" "Mozilla/5.0 (Macintosh; Intel Mac OS X 10.9; rv:45.0) Gecko/20100101 Firefox/45.0"
95.63.16.179 - - [17/Apr/2016:06:39:26 -0400] "GET /images/theme_images/mike1/logo.png HTTP/1.1" 200 13780 "http://www.journalism.columbia.edu/stylesheets/theme_stylesheets/mike1/style.css" "Mozilla/5.0 (Macintosh; Intel Mac OS X 10.9; rv:45.0) Gecko/20100101 Firefox/45.0"
95.63.16.179 - - [17/Apr/2016:06:39:26 -0400] "GET /fonts/theme_fonts/mike1/newsgothiccondensed-webfont.woff HTTP/1.1" 200 23377 "http://www.journalism.columbia.edu/stylesheets/theme_stylesheets/mike1/style.css" "Mozilla/5.0 (Macintosh; Intel Mac OS X 10.9; rv:45.0) Gecko/20100101 Firefox/45.0"
95.63.16.179 - - [17/Apr/2016:06:39:26 -0400] "GET /images/theme_images/mike1/logo-footer.png HTTP/1.1" 200 1311 "http://www.journalism.columbia.edu/stylesheets/theme_stylesheets/mike1/style.css" "Mozilla/5.0 (Macintosh; Intel Mac OS X 10.9; rv:45.0) Gecko/20100101 Firefox/45.0"
95.63.16.179 - - [17/Apr/2016:06:39:26 -0400] "GET /images/theme_images/mike1/icon-donate.png HTTP/1.1" 200 1622 "http://www.journalism.columbia.edu/stylesheets/theme_stylesheets/mike1/style.css" "Mozilla/5.0 (Macintosh; Intel Mac OS X 10.9; rv:45.0) Gecko/20100101 Firefox/45.0"
66.249.66.31 - - [17/Apr/2016:06:39:26 -0400] "GET /feed/301.rss HTTP/1.1" 304 211 "-" "Mozilla/5.0 (compatible; Googlebot/2.1; +http://www.google.com/bot.html)"
46.183.222.93 - - [17/Apr/2016:06:39:43 -0400] "GET / HTTP/1.1" 301 613 "-" "Mozilla/4.0 (compatible; MSIE 5.0; Windows NT; DigExt; DTS Agent"
128.59.40.117 - - [17/Apr/2016:06:40:01 -0400] "GET /home HTTP/1.0" 200 5999 "-" "gsa-crawler (Enterprise; T4-BWMXW7XQDYSQL; search-admin@columbia.edu)"
66.249.66.28 - - [17/Apr/2016:06:40:05 -0400] "GET /system/documents/585/original/it2104_fill_in.pdf HTTP/1.1" 304 153 "-" "Mozilla/5.0 (compatible; Googlebot/2.1; +http://www.google.com/bot.html)"
172.246.33.74 - - [17/Apr/2016:06:40:12 -0400] "GET /stylesheets/theme_stylesheets/mike1/style.css HTTP/1.1" 200 10239 "http://www.journalism.columbia.edu/page/203-doctor-of-philosophy-in-communications/204" "Mozilla/5.0 (Macintosh; Intel Mac OS X 10_11_4) AppleWebKit/537.36 (KHTML, like Gecko) Chrome/49.0.2623.112 Safari/537.36"
172.246.33.74 - - [17/Apr/2016:06:40:13 -0400] "GET /stylesheets/theme_stylesheets/mike1/colorbox.css HTTP/1.1" 200 1754 "http://www.journalism.columbia.edu/page/203-doctor-of-philosophy-in-communications/204" "Mozilla/5.0 (Macintosh; Intel Mac OS X 10_11_4) AppleWebKit/537.36 (KHTML, like Gecko) Chrome/49.0.2623.112 Safari/537.36"
172.246.33.74 - - [17/Apr/2016:06:40:13 -0400] "GET /javascripts/theme_scripts/mike1/jquery.flexslider.js HTTP/1.1" 200 11424 "http://www.journalism.columbia.edu/page/203-doctor-of-philosophy-in-communications/204" "Mozilla/5.0 (Macintosh; Intel Mac OS X 10_11_4) AppleWebKit/537.36 (KHTML, like Gecko) Chrome/49.0.2623.112 Safari/537.36"
172.246.33.74 - - [17/Apr/2016:06:40:13 -0400] "GET /javascripts/theme_scripts/mike1/jquery.ui.tumblr.rss.js HTTP/1.1" 200 1986 "http://www.journalism.columbia.edu/page/203-doctor-of-philosophy-in-communications/204" "Mozilla/5.0 (Macintosh; Intel Mac OS X 10_11_4) AppleWebKit/537.36 (KHTML, like Gecko) Chrome/49.0.2623.112 Safari/537.36"
172.246.33.74 - - [17/Apr/2016:06:40:14 -0400] "GET /javascripts/theme_scripts/mike1/jquery.tablesorter.min.js HTTP/1.1" 200 5162 "http://www.journalism.columbia.edu/page/203-doctor-of-philosophy-in-communications/204" "Mozilla/5.0 (Macintosh; Intel Mac OS X 10_11_4) AppleWebKit/537.36 (KHTML, like Gecko) Chrome/49.0.2623.112 Safari/537.36"
172.246.33.74 - - [17/Apr/2016:06:40:15 -0400] "GET /javascripts/theme_scripts/mike1/moment.min.js HTTP/1.1" 200 9509 "http://www.journalism.columbia.edu/page/203-doctor-of-philosophy-in-communications/204" "Mozilla/5.0 (Macintosh; Intel Mac OS X 10_11_4) AppleWebKit/537.36 (KHTML, like Gecko) Chrome/49.0.2623.112 Safari/537.36"
172.246.33.74 - - [17/Apr/2016:06:40:15 -0400] "GET /javascripts/theme_scripts/mike1/clndr.min.js HTTP/1.1" 200 3752 "http://www.journalism.columbia.edu/page/203-doctor-of-philosophy-in-communications/204" "Mozilla/5.0 (Macintosh; Intel Mac OS X 10_11_4) AppleWebKit/537.36 (KHTML, like Gecko) Chrome/49.0.2623.112 Safari/537.36"
172.246.33.74 - - [17/Apr/2016:06:40:18 -0400] "GET /fonts/theme_fonts/mike1/newsgothiccondensed-webfont.woff HTTP/1.1" 200 23377 "http://www.journalism.columbia.edu/stylesheets/theme_stylesheets/mike1/style.css" "Mozilla/5.0 (Macintosh; Intel Mac OS X 10_11_4) AppleWebKit/537.36 (KHTML, like Gecko) Chrome/49.0.2623.112 Safari/537.36"
172.246.33.74 - - [17/Apr/2016:06:40:18 -0400] "GET /images/theme_images/mike1/line3.png HTTP/1.1" 200 444 "http://www.journalism.columbia.edu/stylesheets/theme_stylesheets/mike1/style.css" "Mozilla/5.0 (Macintosh; Intel Mac OS X 10_11_4) AppleWebKit/537.36 (KHTML, like Gecko) Chrome/49.0.2623.112 Safari/537.36"
172.246.33.74 - - [17/Apr/2016:06:40:19 -0400] "GET /images/theme_images/mike1/logo-horizontal-2.png HTTP/1.1" 200 45180 "http://www.journalism.columbia.edu/page/203-doctor-of-philosophy-in-communications/204" "Mozilla/5.0 (Macintosh; Intel Mac OS X 10_11_4) AppleWebKit/537.36 (KHTML, like Gecko) Chrome/49.0.2623.112 Safari/537.36"
172.246.33.74 - - [17/Apr/2016:06:40:19 -0400] "GET /images/theme_images/mike1/apply-button-bg.png HTTP/1.1" 200 7681 "http://www.journalism.columbia.edu/stylesheets/theme_stylesheets/mike1/style.css" "Mozilla/5.0 (Macintosh; Intel Mac OS X 10_11_4) AppleWebKit/537.36 (KHTML, like Gecko) Chrome/49.0.2623.112 Safari/537.36"
157.55.39.192 - - [17/Apr/2016:06:40:19 -0400] "GET /site_map HTTP/1.1" 200 5212 "-" "Mozilla/5.0 (compatible; bingbot/2.0; +http://www.bing.com/bingbot.htm)"
172.246.33.74 - - [17/Apr/2016:06:40:21 -0400] "GET /images/theme_images/mike1/logo.png HTTP/1.1" 200 13780 "http://www.journalism.columbia.edu/stylesheets/theme_stylesheets/mike1/style.css" "Mozilla/5.0 (Macintosh; Intel Mac OS X 10_11_4) AppleWebKit/537.36 (KHTML, like Gecko) Chrome/49.0.2623.112 Safari/537.36"
172.246.33.74 - - [17/Apr/2016:06:40:21 -0400] "GET /images/theme_images/mike1/logo-footer.png HTTP/1.1" 200 1311 "http://www.journalism.columbia.edu/stylesheets/theme_stylesheets/mike1/style.css" "Mozilla/5.0 (Macintosh; Intel Mac OS X 10_11_4) AppleWebKit/537.36 (KHTML, like Gecko) Chrome/49.0.2623.112 Safari/537.36"
172.246.33.74 - - [17/Apr/2016:06:40:22 -0400] "GET /images/theme_images/mike1//colorbox/border2.png HTTP/1.1" 200 424 "http://www.journalism.columbia.edu/stylesheets/theme_stylesheets/mike1/colorbox.css" "Mozilla/5.0 (Macintosh; Intel Mac OS X 10_11_4) AppleWebKit/537.36 (KHTML, like Gecko) Chrome/49.0.2623.112 Safari/537.36"
207.46.13.92 - - [17/Apr/2016:06:40:30 -0400] "GET /system/documents/263/original/August_2010_ENews.pdf HTTP/1.1" 200 62698 "-" "Mozilla/5.0 (iPhone; CPU iPhone OS 7_0 like Mac OS X) AppleWebKit/537.51.1 (KHTML, like Gecko) Version/7.0 Mobile/11A465 Safari/9537.53 (compatible; bingbot/2.0; +http://www.bing.com/bingbot.htm)"
72.46.153.26 - - [17/Apr/2016:06:40:42 -0400] "GET / HTTP/1.1" 200 5999 "-" "Pingdom.com_bot_version_1.4_(http://www.pingdom.com/)"
70.214.96.88 - - [17/Apr/2016:06:40:45 -0400] "GET /javascripts/theme_scripts/mike1/jquery.js HTTP/1.1" 200 33752 "http://www.journalism.columbia.edu/" "Mozilla/5.0 (iPhone; CPU iPhone OS 9_3_1 like Mac OS X) AppleWebKit/601.1.46 (KHTML, like Gecko) Version/9.0 Mobile/13E238 Safari/601.1"
70.214.96.88 - - [17/Apr/2016:06:40:45 -0400] "GET /stylesheets/theme_stylesheets/mike1/flexslider.css HTTP/1.1" 200 1675 "http://www.journalism.columbia.edu/" "Mozilla/5.0 (iPhone; CPU iPhone OS 9_3_1 like Mac OS X) AppleWebKit/601.1.46 (KHTML, like Gecko) Version/9.0 Mobile/13E238 Safari/601.1"
70.214.96.88 - - [17/Apr/2016:06:40:45 -0400] "GET /stylesheets/theme_stylesheets/mike1/style.css HTTP/1.1" 200 10239 "http://www.journalism.columbia.edu/" "Mozilla/5.0 (iPhone; CPU iPhone OS 9_3_1 like Mac OS X) AppleWebKit/601.1.46 (KHTML, like Gecko) Version/9.0 Mobile/13E238 Safari/601.1"
194.71.161.156 - - [17/Apr/2016:06:40:45 -0400] "GET /system/photos/191/default/International_Gates.jpg?1276270291 HTTP/1.1" 200 20039 "-" "Barbarossa Spider/Nutch-1.8"
207.46.13.74 - - [17/Apr/2016:06:40:56 -0400] "GET /photo/2368/501 HTTP/1.1" 200 4053 "-" "Mozilla/5.0 (compatible; bingbot/2.0; +http://www.bing.com/bingbot.htm)"
117.201.88.147 - - [17/Apr/2016:06:41:00 -0400] "GET /images/theme_images/mike1/arrow1.png HTTP/1.1" 200 557 "http://www.journalism.columbia.edu/stylesheets/theme_stylesheets/mike1/style.css" "Mozilla/5.0 (Macintosh; Intel Mac OS X 10_10_5) AppleWebKit/537.36 (KHTML, like Gecko) Chrome/49.0.2623.110 Safari/537.36"
194.71.161.156 - - [17/Apr/2016:06:41:07 -0400] "GET /system/photos/3492/default/cs-employers-1.jpg?1389305574 HTTP/1.1" 200 134542 "-" "Barbarossa Spider/Nutch-1.8"
117.201.88.147 - - [17/Apr/2016:06:41:00 -0400] "GET /system/photos/4509/default/aw16header.jpg HTTP/1.1" 200 271925 "http://www.journalism.columbia.edu/page/12-alumni-and-friends/12" "Mozilla/5.0 (Macintosh; Intel Mac OS X 10_10_5) AppleWebKit/537.36 (KHTML, like Gecko) Chrome/49.0.2623.110 Safari/537.36"
66.249.66.137 - - [17/Apr/2016:06:41:38 -0400] "GET /news/367 HTTP/1.1" 200 5599 "-" "Mozilla/5.0 (compatible; Googlebot/2.1; +http://www.google.com/bot.html)"
24.63.241.42 - - [17/Apr/2016:06:41:39 -0400] "GET /stylesheets/theme_stylesheets/mike1/colorbox.css HTTP/1.1" 200 1754 "http://www.journalism.columbia.edu/" "Mozilla/5.0 (iPhone; CPU iPhone OS 9_3_1 like Mac OS X) AppleWebKit/601.1.46 (KHTML, like Gecko) Version/9.0 Mobile/13E238 Safari/601.1"
24.63.241.42 - - [17/Apr/2016:06:41:39 -0400] "GET /javascripts/theme_scripts/mike1/jquery.colorbox.js HTTP/1.1" 200 4590 "http://www.journalism.columbia.edu/" "Mozilla/5.0 (iPhone; CPU iPhone OS 9_3_1 like Mac OS X) AppleWebKit/601.1.46 (KHTML, like Gecko) Version/9.0 Mobile/13E238 Safari/601.1"
24.63.241.42 - - [17/Apr/2016:06:41:39 -0400] "GET /images/theme_images/mike1/banners/Columbia_Journalism_Review.jpg HTTP/1.1" 200 7950 "http://www.journalism.columbia.edu/" "Mozilla/5.0 (iPhone; CPU iPhone OS 9_3_1 like Mac OS X) AppleWebKit/601.1.46 (KHTML, like Gecko) Version/9.0 Mobile/13E238 Safari/601.1"
24.63.241.42 - - [17/Apr/2016:06:41:39 -0400] "GET /system/photos/4557/default/panama_homepage.jpg?1459880343 HTTP/1.1" 200 241411 "http://www.journalism.columbia.edu/" "Mozilla/5.0 (iPhone; CPU iPhone OS 9_3_1 like Mac OS X) AppleWebKit/601.1.46 (KHTML, like Gecko) Version/9.0 Mobile/13E238 Safari/601.1"
24.63.241.42 - - [17/Apr/2016:06:41:39 -0400] "GET /system/photos/4550/default/hearstspring2016.jpg?1459796440 HTTP/1.1" 200 38787 "http://www.journalism.columbia.edu/" "Mozilla/5.0 (iPhone; CPU iPhone OS 9_3_1 like Mac OS X) AppleWebKit/601.1.46 (KHTML, like Gecko) Version/9.0 Mobile/13E238 Safari/601.1"
24.63.241.42 - - [17/Apr/2016:06:41:39 -0400] "GET /system/photos/4579/default/berger_hp.jpg?1460236845 HTTP/1.1" 200 337676 "http://www.journalism.columbia.edu/" "Mozilla/5.0 (iPhone; CPU iPhone OS 9_3_1 like Mac OS X) AppleWebKit/601.1.46 (KHTML, like Gecko) Version/9.0 Mobile/13E238 Safari/601.1"
24.63.241.42 - - [17/Apr/2016:06:41:39 -0400] "GET /images/theme_images/mike1/line3.png HTTP/1.1" 200 444 "http://www.journalism.columbia.edu/" "Mozilla/5.0 (iPhone; CPU iPhone OS 9_3_1 like Mac OS X) AppleWebKit/601.1.46 (KHTML, like Gecko) Version/9.0 Mobile/13E238 Safari/601.1"
24.63.241.42 - - [17/Apr/2016:06:41:39 -0400] "GET /system/photos/3394/default/mobile-hp-image-1.jpg?1431445080 HTTP/1.1" 200 605264 "http://www.journalism.columbia.edu/" "Mozilla/5.0 (iPhone; CPU iPhone OS 9_3_1 like Mac OS X) AppleWebKit/601.1.46 (KHTML, like Gecko) Version/9.0 Mobile/13E238 Safari/601.1"
59.56.89.231 - - [17/Apr/2016:06:39:51 -0400] "GET /system/documents/445/original/private_enterprise.pdf HTTP/1.1" 200 996224 "http://www.journalism.columbia.edu/" "Mozilla/5.0 (Windows NT 6.3; WOW64) AppleWebKit/537.36 (KHTML, like Gecko) Chrome/39.0.2171.71 Safari/537.36"
117.201.88.147 - - [17/Apr/2016:06:41:48 -0400] "GET /page/637-m-s-dual-degree-computer-science-required-application-materials/440 HTTP/1.1" 404 7077 "http://www.journalism.columbia.edu/page/72-apply/923" "Mozilla/5.0 (Macintosh; Intel Mac OS X 10_10_5) AppleWebKit/537.36 (KHTML, like Gecko) Chrome/49.0.2623.110 Safari/537.36"
207.46.13.92 - - [17/Apr/2016:06:41:54 -0400] "GET /page/372-tv-video-lab-and-studio-facilities/15 HTTP/1.1" 200 6389 "-" "Mozilla/5.0 (compatible; bingbot/2.0; +http://www.bing.com/bingbot.htm)"
119.57.158.139 - - [17/Apr/2016:06:42:00 -0400] "GET / HTTP/1.1" 200 5999 "-" "Mozilla/5.0 (Windows NT 6.1) AppleWebKit/537.36 (KHTML, like Gecko) Chrome/35.0.1916.153 Safari/537.36"
46.119.127.129 - - [17/Apr/2016:06:42:12 -0400] "GET /xmlrpc.php?rsd HTTP/1.1" 404 1244 "-" "Mozilla/5.0 (Windows 10; WOW64; rv:41.0) Gecko/20100101 Firefox/41.0"
46.119.127.129 - - [17/Apr/2016:06:42:13 -0400] "GET /blog/ HTTP/1.1" 404 1244 "-" "Mozilla/5.0 (Windows 10; WOW64; rv:41.0) Gecko/20100101 Firefox/41.0"
46.119.127.129 - - [17/Apr/2016:06:42:13 -0400] "GET /wp/ HTTP/1.1" 404 1244 "-" "Mozilla/5.0 (Windows 10; WOW64; rv:41.0) Gecko/20100101 Firefox/41.0"
207.46.13.74 - - [17/Apr/2016:06:42:15 -0400] "GET /page/113-clips-websites-and-reels/114 HTTP/1.1" 200 4126 "-" "Mozilla/5.0 (compatible; bingbot/2.0; +http://www.bing.com/bingbot.htm)"
207.46.13.69 - - [17/Apr/2016:06:42:25 -0400] "GET /cs/ContentServer?pagename=JRN/Render/PrintThisPage&childpagename=Journalism/JRN_Profile_C/JRNFacultyDetail&cid=1165270108880&c=JRN_Profile_C HTTP/1.1" 303 752 "-" "Mozilla/5.0 (compatible; bingbot/2.0; +http://www.bing.com/bingbot.htm)"
207.46.13.69 - - [17/Apr/2016:06:42:27 -0400] "GET /site_map?pagename=JRN/Render/PrintThisPage&childpagename=Journalism/JRN_Profile_C/JRNFacultyDetail&cid=1165270108880&c=JRN_Profile_C HTTP/1.1" 200 5212 "-" "Mozilla/5.0 (compatible; bingbot/2.0; +http://www.bing.com/bingbot.htm)"
141.0.15.248 - - [17/Apr/2016:06:42:35 -0400] "GET /feed/199.rss HTTP/1.1" 200 643 "-" "Mozilla/4.0 (Windows 98; US) Opera 10.00 [en]"
141.0.15.248 - - [17/Apr/2016:06:42:36 -0400] "GET /feed/211.rss HTTP/1.1" 200 644 "-" "Mozilla/4.0 (Windows 98; US) Opera 10.00 [en]"
194.71.161.156 - - [17/Apr/2016:06:42:37 -0400] "GET /system/photos/2974/default/Addeley.jpg?1365015784 HTTP/1.1" 200 26173 "-" "Barbarossa Spider/Nutch-1.8"
91.200.12.97 - - [17/Apr/2016:06:43:01 -0400] "GET / HTTP/1.0" 200 21065 "http://www.journalism.columbia.edu/" "Mozilla/5.0 (Windows NT 6.1; rv:40.0) Gecko/20100101 Firefox/40.0"
151.80.31.160 - - [17/Apr/2016:06:43:06 -0400] "GET /profile/213-christopher-drew/ HTTP/1.1" 200 4041 "-" "Mozilla/5.0 (compatible; AhrefsBot/5.1; +http://ahrefs.com/robot/)"
207.46.13.74 - - [17/Apr/2016:06:43:15 -0400] "GET /photo/2457/201 HTTP/1.1" 200 4208 "-" "Mozilla/5.0 (compatible; bingbot/2.0; +http://www.bing.com/bingbot.htm)"
77.245.58.28 - - [17/Apr/2016:06:43:33 -0400] "GET / HTTP/1.0" 200 21065 "-" "Mozilla/4.0 (compatible; MSIE 8.0; Windows NT 5.1; Trident/4.0)"
81.91.253.250 - - [17/Apr/2016:06:43:39 -0400] "GET / HTTP/1.0" 200 21065 "-" "Mozilla/4.0 (compatible; MSIE 8.0; Windows NT 5.1; Trident/4.0)"
212.95.226.66 - - [17/Apr/2016:06:43:44 -0400] "GET / HTTP/1.0" 200 21065 "-" "Mozilla/4.0 (compatible; MSIE 8.0; Windows NT 5.1; Trident/4.0)"
207.46.13.92 - - [17/Apr/2016:06:43:49 -0400] "GET /photo/2433/101 HTTP/1.1" 200 4091 "-" "Mozilla/5.0 (compatible; bingbot/2.0; +http://www.bing.com/bingbot.htm)"
66.249.64.146 - - [17/Apr/2016:06:43:59 -0400] "GET /feed/514.rss HTTP/1.1" 200 648 "-" "Mozilla/5.0 (compatible; Googlebot/2.1; +http://www.google.com/bot.html)"
209.235.213.246 - - [17/Apr/2016:06:44:01 -0400] "GET / HTTP/1.0" 200 21065 "-" "Mozilla/4.0 (compatible; MSIE 8.0; Windows NT 5.1; Trident/4.0)"
64.90.160.178 - - [17/Apr/2016:06:44:03 -0400] "GET / HTTP/1.0" 200 21065 "-" "Mozilla/4.0 (compatible; MSIE 8.0; Windows NT 5.1; Trident/4.0)"
194.71.161.156 - - [17/Apr/2016:06:44:16 -0400] "GET /page/106-resumes/107 HTTP/1.1" 200 4106 "-" "Barbarossa Spider/Nutch-1.8"
69.162.124.235 - - [17/Apr/2016:06:44:19 -0400] "GET / HTTP/1.1" 200 5999 "-" "Mozilla/5.0+(compatible; UptimeRobot/2.0; http://www.uptimerobot.com/)"
128.59.99.2 - - [17/Apr/2016:06:44:21 -0400] "GET / HTTP/1.1" 200 5999 "-" "Mozilla/5.0 (Macintosh; Intel Mac OS X 10_9_5) AppleWebKit/537.36 (KHTML, like Gecko) Chrome/49.0.2623.112 Safari/537.36"
128.59.99.2 - - [17/Apr/2016:06:44:24 -0400] "GET /system/photos/4580/default/tobenkin_hp.jpg?1460236876 HTTP/1.1" 200 264333 "http://www.journalism.columbia.edu/" "Mozilla/5.0 (Macintosh; Intel Mac OS X 10_9_5) AppleWebKit/537.36 (KHTML, like Gecko) Chrome/49.0.2623.112 Safari/537.36"
128.59.99.2 - - [17/Apr/2016:06:44:24 -0400] "GET /system/photos/4579/default/berger_hp.jpg?1460236845 HTTP/1.1" 200 337676 "http://www.journalism.columbia.edu/" "Mozilla/5.0 (Macintosh; Intel Mac OS X 10_9_5) AppleWebKit/537.36 (KHTML, like Gecko) Chrome/49.0.2623.112 Safari/537.36"
58.20.192.227 - - [17/Apr/2016:06:44:26 -0400] "GET / HTTP/1.1" 200 5999 "https://www.google.co.jp/" "Mozilla/5.0 (Windows NT 10.0; WOW64) AppleWebKit/537.36 (KHTML, like Gecko) Chrome/49.0.2623.112 Safari/537.36"
58.20.192.227 - - [17/Apr/2016:06:44:27 -0400] "GET /javascripts/theme_scripts/mike1/jquery.js HTTP/1.1" 200 33752 "http://www.journalism.columbia.edu/" "Mozilla/5.0 (Windows NT 10.0; WOW64) AppleWebKit/537.36 (KHTML, like Gecko) Chrome/49.0.2623.112 Safari/537.36"
58.20.192.227 - - [17/Apr/2016:06:44:28 -0400] "GET /stylesheets/theme_stylesheets/mike1/flexslider.css HTTP/1.1" 200 1675 "http://www.journalism.columbia.edu/" "Mozilla/5.0 (Windows NT 10.0; WOW64) AppleWebKit/537.36 (KHTML, like Gecko) Chrome/49.0.2623.112 Safari/537.36"
58.20.192.227 - - [17/Apr/2016:06:44:29 -0400] "GET /javascripts/theme_scripts/mike1/jquery.flexslider.js HTTP/1.1" 200 11424 "http://www.journalism.columbia.edu/" "Mozilla/5.0 (Windows NT 10.0; WOW64) AppleWebKit/537.36 (KHTML, like Gecko) Chrome/49.0.2623.112 Safari/537.36"
58.20.192.227 - - [17/Apr/2016:06:44:31 -0400] "GET /javascripts/theme_scripts/mike1/jquery.ui.tumblr.rss.js HTTP/1.1" 200 1986 "http://www.journalism.columbia.edu/" "Mozilla/5.0 (Windows NT 10.0; WOW64) AppleWebKit/537.36 (KHTML, like Gecko) Chrome/49.0.2623.112 Safari/537.36"
128.59.40.117 - - [17/Apr/2016:06:44:32 -0400] "GET /robots.txt HTTP/1.0" 200 469 "-" "gsa-crawler (Enterprise; T4-BWMXW7XQDYSQL; search-admin@columbia.edu)"
128.59.40.117 - - [17/Apr/2016:06:44:32 -0400] "GET /site_map HTTP/1.0" 200 5212 "-" "gsa-crawler (Enterprise; T4-BWMXW7XQDYSQL; search-admin@columbia.edu)"
58.20.192.227 - - [17/Apr/2016:06:44:33 -0400] "GET /javascripts/theme_scripts/mike1/moment.min.js HTTP/1.1" 200 9509 "http://www.journalism.columbia.edu/" "Mozilla/5.0 (Windows NT 10.0; WOW64) AppleWebKit/537.36 (KHTML, like Gecko) Chrome/49.0.2623.112 Safari/537.36"
58.20.192.227 - - [17/Apr/2016:06:44:33 -0400] "GET /javascripts/theme_scripts/mike1/underscore-min.js HTTP/1.1" 200 5285 "http://www.journalism.columbia.edu/" "Mozilla/5.0 (Windows NT 10.0; WOW64) AppleWebKit/537.36 (KHTML, like Gecko) Chrome/49.0.2623.112 Safari/537.36"
58.20.192.227 - - [17/Apr/2016:06:44:35 -0400] "GET /images/theme_images/mike1/logo.png HTTP/1.1" 200 13780 "http://www.journalism.columbia.edu/stylesheets/theme_stylesheets/mike1/style.css" "Mozilla/5.0 (Windows NT 10.0; WOW64) AppleWebKit/537.36 (KHTML, like Gecko) Chrome/49.0.2623.112 Safari/537.36"
58.20.192.227 - - [17/Apr/2016:06:44:35 -0400] "GET /system/photos/3200/default/TowCenter-Horizontal-v5.gif?1375202845 HTTP/1.1" 200 5670 "http://www.journalism.columbia.edu/" "Mozilla/5.0 (Windows NT 10.0; WOW64) AppleWebKit/537.36 (KHTML, like Gecko) Chrome/49.0.2623.112 Safari/537.36"
58.20.192.227 - - [17/Apr/2016:06:44:35 -0400] "GET /images/theme_images/mike1/social_icons/soc_lt_insta.png HTTP/1.1" 200 11218 "http://www.journalism.columbia.edu/stylesheets/theme_stylesheets/mike1/style.css" "Mozilla/5.0 (Windows NT 10.0; WOW64) AppleWebKit/537.36 (KHTML, like Gecko) Chrome/49.0.2623.112 Safari/537.36"
58.20.192.227 - - [17/Apr/2016:06:44:35 -0400] "GET /images/theme_images/mike1/logo-horizontal-2.png HTTP/1.1" 200 45180 "http://www.journalism.columbia.edu/" "Mozilla/5.0 (Windows NT 10.0; WOW64) AppleWebKit/537.36 (KHTML, like Gecko) Chrome/49.0.2623.112 Safari/537.36"
58.20.192.227 - - [17/Apr/2016:06:44:36 -0400] "GET /images/theme_images/mike1/banners/Columbia_Journalism_Review.jpg HTTP/1.1" 200 7950 "http://www.journalism.columbia.edu/" "Mozilla/5.0 (Windows NT 10.0; WOW64) AppleWebKit/537.36 (KHTML, like Gecko) Chrome/49.0.2623.112 Safari/537.36"
58.20.192.227 - - [17/Apr/2016:06:44:36 -0400] "GET /images/theme_images/mike1/banners/The_New_York_World.jpg HTTP/1.1" 200 4822 "http://www.journalism.columbia.edu/" "Mozilla/5.0 (Windows NT 10.0; WOW64) AppleWebKit/537.36 (KHTML, like Gecko) Chrome/49.0.2623.112 Safari/537.36"
58.20.192.227 - - [17/Apr/2016:06:44:36 -0400] "GET /images/theme_images/mike1/icon-donate.png HTTP/1.1" 200 1622 "http://www.journalism.columbia.edu/stylesheets/theme_stylesheets/mike1/style.css" "Mozilla/5.0 (Windows NT 10.0; WOW64) AppleWebKit/537.36 (KHTML, like Gecko) Chrome/49.0.2623.112 Safari/537.36"
58.20.192.227 - - [17/Apr/2016:06:44:37 -0400] "GET /images/theme_images/mike1/social_icons/soc_lt_tw.png HTTP/1.1" 200 11218 "http://www.journalism.columbia.edu/stylesheets/theme_stylesheets/mike1/style.css" "Mozilla/5.0 (Windows NT 10.0; WOW64) AppleWebKit/537.36 (KHTML, like Gecko) Chrome/49.0.2623.112 Safari/537.36"
58.20.192.227 - - [17/Apr/2016:06:44:37 -0400] "GET /system/photos/4584/default/towcenter_report2016.jpg?1460661625 HTTP/1.1" 200 163280 "http://www.journalism.columbia.edu/" "Mozilla/5.0 (Windows NT 10.0; WOW64) AppleWebKit/537.36 (KHTML, like Gecko) Chrome/49.0.2623.112 Safari/537.36"
58.20.192.227 - - [17/Apr/2016:06:44:38 -0400] "GET /system/photos/4558/default/careerexpo2016.jpg?1460148883 HTTP/1.1" 200 212783 "http://www.journalism.columbia.edu/" "Mozilla/5.0 (Windows NT 10.0; WOW64) AppleWebKit/537.36 (KHTML, like Gecko) Chrome/49.0.2623.112 Safari/537.36"
58.20.192.227 - - [17/Apr/2016:06:44:36 -0400] "GET /system/photos/4585/default/berger_hp.jpg?1460814085 HTTP/1.1" 200 338432 "http://www.journalism.columbia.edu/" "Mozilla/5.0 (Windows NT 10.0; WOW64) AppleWebKit/537.36 (KHTML, like Gecko) Chrome/49.0.2623.112 Safari/537.36"
58.20.192.227 - - [17/Apr/2016:06:44:40 -0400] "GET /fonts/theme_fonts/mike1/newsgothiccondensed-webfont.woff HTTP/1.1" 200 23377 "http://www.journalism.columbia.edu/stylesheets/theme_stylesheets/mike1/style.css" "Mozilla/5.0 (Windows NT 10.0; WOW64) AppleWebKit/537.36 (KHTML, like Gecko) Chrome/49.0.2623.112 Safari/537.36"
58.20.192.227 - - [17/Apr/2016:06:44:41 -0400] "GET /images/theme_images/mike1/logo-footer.png HTTP/1.1" 200 1311 "http://www.journalism.columbia.edu/stylesheets/theme_stylesheets/mike1/style.css" "Mozilla/5.0 (Windows NT 10.0; WOW64) AppleWebKit/537.36 (KHTML, like Gecko) Chrome/49.0.2623.112 Safari/537.36"
58.20.192.227 - - [17/Apr/2016:06:44:41 -0400] "GET /images/theme_images/mike1//colorbox/border1.png HTTP/1.1" 200 1313 "http://www.journalism.columbia.edu/stylesheets/theme_stylesheets/mike1/colorbox.css" "Mozilla/5.0 (Windows NT 10.0; WOW64) AppleWebKit/537.36 (KHTML, like Gecko) Chrome/49.0.2623.112 Safari/537.36"
58.20.192.227 - - [17/Apr/2016:06:44:37 -0400] "GET /system/photos/3394/default/mobile-hp-image-1.jpg?1431445080 HTTP/1.1" 200 1318426 "http://www.journalism.columbia.edu/" "Mozilla/5.0 (Windows NT 10.0; WOW64) AppleWebKit/537.36 (KHTML, like Gecko) Chrome/49.0.2623.112 Safari/537.36"
66.249.66.28 - - [17/Apr/2016:06:44:45 -0400] "GET /profile/29-helen-benedict/10 HTTP/1.1" 200 6021 "-" "Mozilla/5.0 (compatible; Googlebot/2.1; +http://www.google.com/bot.html)"
194.71.161.156 - - [17/Apr/2016:06:44:50 -0400] "GET /system/photos/482/default/Pulitzer_Banner.jpg?1278532831 HTTP/1.1" 200 59990 "-" "Barbarossa Spider/Nutch-1.8"
62.149.225.67 - - [17/Apr/2016:06:45:07 -0400] "GET / HTTP/1.0" 200 21065 "-" "Mozilla/4.0 (compatible; MSIE 8.0; Windows NT 5.1; Trident/4.0)"
194.71.161.156 - - [17/Apr/2016:06:45:15 -0400] "GET /system/documents/176/original/Meyer_Berger_Obit_5B1_5D.pdf HTTP/1.1" 200 252912 "-" "Barbarossa Spider/Nutch-1.8"
108.168.196.54 - - [17/Apr/2016:06:45:19 -0400] "GET / HTTP/1.1" 200 21065 "-" "Mozilla/5.0 (compatible; Wazzup1.0.4127; http://50.22.201.16/Wazzup)"
194.71.161.156 - - [17/Apr/2016:06:45:24 -0400] "GET /system/photos/483/default/Tobenkin_Banner.jpg?1278532849 HTTP/1.1" 200 34335 "-" "Barbarossa Spider/Nutch-1.8"
194.71.161.156 - - [17/Apr/2016:06:45:34 -0400] "GET /page/1178-punch-sulzberger-program/1112 HTTP/1.1" 404 17016 "-" "Barbarossa Spider/Nutch-1.8"
46.20.45.18 - - [17/Apr/2016:06:45:42 -0400] "GET / HTTP/1.1" 200 5999 "-" "Pingdom.com_bot_version_1.4_(http://www.pingdom.com/)"
66.249.92.29 - - [17/Apr/2016:06:45:44 -0400] "GET /feed/76.rss HTTP/1.1" 200 648 "-" "Feedfetcher-Google; (+http://www.google.com/feedfetcher.html; 1 subscribers; feed-id=4965879918358540864)"
46.28.137.72, 46.28.137.72 - - [17/Apr/2016:06:45:57 -0400] "GET /stylesheets/theme_stylesheets/mike1/style.css HTTP/1.1" 200 10239 "http://www.journalism.columbia.edu/page/1175-m-a-thesis-published-in-the-new-yorker/748" "Mozilla/5.0 (Windows NT 6.1; WOW64) AppleWebKit/537.36 (KHTML, like Gecko) Chrome/49.0.2623.112 Safari/537.36"
46.28.137.72, 46.28.137.72 - - [17/Apr/2016:06:45:57 -0400] "GET /stylesheets/theme_stylesheets/mike1/colorbox.css HTTP/1.1" 200 1754 "http://www.journalism.columbia.edu/page/1175-m-a-thesis-published-in-the-new-yorker/748" "Mozilla/5.0 (Windows NT 6.1; WOW64) AppleWebKit/537.36 (KHTML, like Gecko) Chrome/49.0.2623.112 Safari/537.36"
46.28.137.72, 46.28.137.72 - - [17/Apr/2016:06:45:57 -0400] "GET /javascripts/theme_scripts/mike1/jquery.flexslider.js HTTP/1.1" 200 11424 "http://www.journalism.columbia.edu/page/1175-m-a-thesis-published-in-the-new-yorker/748" "Mozilla/5.0 (Windows NT 6.1; WOW64) AppleWebKit/537.36 (KHTML, like Gecko) Chrome/49.0.2623.112 Safari/537.36"
46.28.137.72, 46.28.137.72 - - [17/Apr/2016:06:45:58 -0400] "GET /javascripts/theme_scripts/mike1/jquery.ui.tumblr.rss.js HTTP/1.1" 200 1986 "http://www.journalism.columbia.edu/page/1175-m-a-thesis-published-in-the-new-yorker/748" "Mozilla/5.0 (Windows NT 6.1; WOW64) AppleWebKit/537.36 (KHTML, like Gecko) Chrome/49.0.2623.112 Safari/537.36"
46.28.137.72, 46.28.137.72 - - [17/Apr/2016:06:45:59 -0400] "GET /javascripts/theme_scripts/mike1/jquery.tablesorter.min.js HTTP/1.1" 304 174 "http://www.journalism.columbia.edu/page/1175-m-a-thesis-published-in-the-new-yorker/748" "Mozilla/5.0 (Windows NT 6.1; WOW64) AppleWebKit/537.36 (KHTML, like Gecko) Chrome/49.0.2623.112 Safari/537.36"
46.28.137.72, 46.28.137.72 - - [17/Apr/2016:06:45:59 -0400] "GET /javascripts/theme_scripts/mike1/main.js HTTP/1.1" 200 1418 "http://www.journalism.columbia.edu/page/1175-m-a-thesis-published-in-the-new-yorker/748" "Mozilla/5.0 (Windows NT 6.1; WOW64) AppleWebKit/537.36 (KHTML, like Gecko) Chrome/49.0.2623.112 Safari/537.36"
46.28.137.72, 46.28.137.72 - - [17/Apr/2016:06:46:00 -0400] "GET /images/theme_images/mike1/logo-horizontal-2.png HTTP/1.1" 200 45180 "http://www.journalism.columbia.edu/page/1175-m-a-thesis-published-in-the-new-yorker/748" "Mozilla/5.0 (Windows NT 6.1; WOW64) AppleWebKit/537.36 (KHTML, like Gecko) Chrome/49.0.2623.112 Safari/537.36"
46.28.137.72, 46.28.137.72 - - [17/Apr/2016:06:46:01 -0400] "GET /images/theme_images/mike1/logo.png HTTP/1.1" 304 152 "http://www.journalism.columbia.edu/stylesheets/theme_stylesheets/mike1/style.css" "Mozilla/5.0 (Windows NT 6.1; WOW64) AppleWebKit/537.36 (KHTML, like Gecko) Chrome/49.0.2623.112 Safari/537.36"
46.28.137.72, 46.28.137.72 - - [17/Apr/2016:06:46:01 -0400] "GET /images/theme_images/mike1/icon-donate.png HTTP/1.1" 200 1622 "http://www.journalism.columbia.edu/stylesheets/theme_stylesheets/mike1/style.css" "Mozilla/5.0 (Windows NT 6.1; WOW64) AppleWebKit/537.36 (KHTML, like Gecko) Chrome/49.0.2623.112 Safari/537.36"
46.28.137.72, 46.28.137.72 - - [17/Apr/2016:06:46:02 -0400] "GET /images/theme_images/mike1/line3.png HTTP/1.1" 200 444 "http://www.journalism.columbia.edu/stylesheets/theme_stylesheets/mike1/style.css" "Mozilla/5.0 (Windows NT 6.1; WOW64) AppleWebKit/537.36 (KHTML, like Gecko) Chrome/49.0.2623.112 Safari/537.36"
46.28.137.72, 46.28.137.72 - - [17/Apr/2016:06:46:03 -0400] "GET /images/theme_images/mike1/logo-footer.png HTTP/1.1" 304 151 "http://www.journalism.columbia.edu/stylesheets/theme_stylesheets/mike1/style.css" "Mozilla/5.0 (Windows NT 6.1; WOW64) AppleWebKit/537.36 (KHTML, like Gecko) Chrome/49.0.2623.112 Safari/537.36"
46.28.137.72, 46.28.137.72 - - [17/Apr/2016:06:46:03 -0400] "GET /images/theme_images/mike1//colorbox/border2.png HTTP/1.1" 200 424 "http://www.journalism.columbia.edu/stylesheets/theme_stylesheets/mike1/colorbox.css" "Mozilla/5.0 (Windows NT 6.1; WOW64) AppleWebKit/537.36 (KHTML, like Gecko) Chrome/49.0.2623.112 Safari/537.36"
46.28.137.72, 46.28.137.72 - - [17/Apr/2016:06:46:06 -0400] "GET /images/theme_images/mike1/favicon.ico HTTP/1.1" 200 1435 "http://www.journalism.columbia.edu/page/1175-m-a-thesis-published-in-the-new-yorker/748" "Mozilla/5.0 (Windows NT 6.1; WOW64) AppleWebKit/537.36 (KHTML, like Gecko) Chrome/49.0.2623.112 Safari/537.36"
144.76.14.43 - - [17/Apr/2016:06:46:17 -0400] "GET /page/2 HTTP/1.1" 200 6226 "-" "Mozilla/5.0 (Windows; U; Windows NT 6.0; en-GB; rv:1.0; trendictionbot0.5.0; trendiction search; http://www.trendiction.de/bot; please let us know of any problems; web at trendiction.com) Gecko/20071127 Firefox/3.0.0.11"
66.249.66.28 - - [17/Apr/2016:06:46:22 -0400] "GET /feed/167.rss HTTP/1.1" 200 639 "-" "Mozilla/5.0 (compatible; Googlebot/2.1; +http://www.google.com/bot.html)"
194.71.161.156 - - [17/Apr/2016:06:46:30 -0400] "GET /system/photos/4560/default/Krudy.jpg?1460139281 HTTP/1.1" 200 202946 "-" "Barbarossa Spider/Nutch-1.8"
194.71.161.156 - - [17/Apr/2016:06:46:36 -0400] "GET /page/1019/7 HTTP/1.1" 200 4620 "-" "Barbarossa Spider/Nutch-1.8"
207.46.13.74 - - [17/Apr/2016:06:46:41 -0400] "GET /photo/2524/50 HTTP/1.1" 200 4144 "-" "Mozilla/5.0 (compatible; bingbot/2.0; +http://www.bing.com/bingbot.htm)"
83.161.202.171 - - [17/Apr/2016:06:46:52 -0400] "GET /page/90-the-documentary-project/90 HTTP/1.1" 200 6763 "https://www.google.nl" "Mozilla/5.0 (Windows NT 6.3; WOW64; rv:45.0) Gecko/20100101 Firefox/45.0"
83.161.202.171 - - [17/Apr/2016:06:46:53 -0400] "GET /stylesheets/theme_stylesheets/mike1/colorbox.css HTTP/1.1" 200 1754 "http://www.journalism.columbia.edu/page/90-the-documentary-project/90" "Mozilla/5.0 (Windows NT 6.3; WOW64; rv:45.0) Gecko/20100101 Firefox/45.0"
83.161.202.171 - - [17/Apr/2016:06:46:53 -0400] "GET /javascripts/theme_scripts/mike1/jquery.colorbox.js HTTP/1.1" 200 4590 "http://www.journalism.columbia.edu/page/90-the-documentary-project/90" "Mozilla/5.0 (Windows NT 6.3; WOW64; rv:45.0) Gecko/20100101 Firefox/45.0"
