132.66.38.12 - - [17/Apr/2016:06:56:35 -0400] "GET /javascripts/theme_scripts/mike1/underscore-min.js HTTP/1.1" 200 5285 "http://www.journalism.columbia.edu/profile/38-todd-gitlin/10" "Mozilla/5.0 (compatible; MSIE 10.0; Windows NT 6.1; WOW64; Trident/6.0)"
132.66.38.12 - - [17/Apr/2016:06:56:35 -0400] "GET /images/theme_images/mike1/logo-horizontal-2.png HTTP/1.1" 200 45180 "http://www.journalism.columbia.edu/profile/38-todd-gitlin/10" "Mozilla/5.0 (compatible; MSIE 10.0; Windows NT 6.1; WOW64; Trident/6.0)"
132.66.38.12 - - [17/Apr/2016:06:56:36 -0400] "GET /fonts/theme_fonts/mike1/newsgothicmtbold-webfont.eot HTTP/1.1" 200 86189 "http://www.journalism.columbia.edu/profile/38-todd-gitlin/10" "Mozilla/5.0 (compatible; MSIE 10.0; Windows NT 6.1; WOW64; Trident/6.0)"
132.66.38.12 - - [17/Apr/2016:06:56:36 -0400] "GET /images/theme_images/mike1/line4.png HTTP/1.1" 200 454 "http://www.journalism.columbia.edu/profile/38-todd-gitlin/10" "Mozilla/5.0 (compatible; MSIE 10.0; Windows NT 6.1; WOW64; Trident/6.0)"
132.66.38.12 - - [17/Apr/2016:06:56:36 -0400] "GET /images/theme_images/mike1/logo.png HTTP/1.1" 200 13780 "http://www.journalism.columbia.edu/profile/38-todd-gitlin/10" "Mozilla/5.0 (compatible; MSIE 10.0; Windows NT 6.1; WOW64; Trident/6.0)"
132.66.38.12 - - [17/Apr/2016:06:56:36 -0400] "GET /images/theme_images/mike1/icon-donate.png HTTP/1.1" 200 1622 "http://www.journalism.columbia.edu/profile/38-todd-gitlin/10" "Mozilla/5.0 (compatible; MSIE 10.0; Windows NT 6.1; WOW64; Trident/6.0)"
132.66.38.12 - - [17/Apr/2016:06:56:36 -0400] "GET /images/theme_images/mike1/logo-footer.png HTTP/1.1" 200 1311 "http://www.journalism.columbia.edu/profile/38-todd-gitlin/10" "Mozilla/5.0 (compatible; MSIE 10.0; Windows NT 6.1; WOW64; Trident/6.0)"
132.66.38.12 - - [17/Apr/2016:06:56:37 -0400] "GET /images/theme_images/mike1/apply-button-bg.png HTTP/1.1" 200 7681 "http://www.journalism.columbia.edu/profile/38-todd-gitlin/10" "Mozilla/5.0 (compatible; MSIE 10.0; Windows NT 6.1; WOW64; Trident/6.0)"
132.66.38.12 - - [17/Apr/2016:06:56:37 -0400] "GET /images/theme_images/mike1//colorbox/border2.png HTTP/1.1" 200 424 "http://www.journalism.columbia.edu/profile/38-todd-gitlin/10" "Mozilla/5.0 (compatible; MSIE 10.0; Windows NT 6.1; WOW64; Trident/6.0)"
207.46.13.69 - - [17/Apr/2016:06:56:45 -0400] "GET /page/4-admissions/4?printing=true HTTP/1.1" 200 9150 "-" "Mozilla/5.0 (compatible; bingbot/2.0; +http://www.bing.com/bingbot.htm)"
184.153.87.9 - - [17/Apr/2016:06:56:51 -0400] "GET /page/14-events-calendar/14 HTTP/1.1" 200 5870 "https://www.google.com/" "Mozilla/5.0 (X11; CrOS armv7l 7834.66.0) AppleWebKit/537.36 (KHTML, like Gecko) Chrome/49.0.2623.111 Safari/537.36"
184.153.87.9 - - [17/Apr/2016:06:56:52 -0400] "GET /stylesheets/theme_stylesheets/mike1/flexslider.css HTTP/1.1" 200 1675 "http://www.journalism.columbia.edu/page/14-events-calendar/14" "Mozilla/5.0 (X11; CrOS armv7l 7834.66.0) AppleWebKit/537.36 (KHTML, like Gecko) Chrome/49.0.2623.111 Safari/537.36"
184.153.87.9 - - [17/Apr/2016:06:56:52 -0400] "GET /javascripts/theme_scripts/mike1/jquery.colorbox.js HTTP/1.1" 200 4590 "http://www.journalism.columbia.edu/page/14-events-calendar/14" "Mozilla/5.0 (X11; CrOS armv7l 7834.66.0) AppleWebKit/537.36 (KHTML, like Gecko) Chrome/49.0.2623.111 Safari/537.36"
184.153.87.9 - - [17/Apr/2016:06:56:52 -0400] "GET /javascripts/theme_scripts/mike1/jquery.js HTTP/1.1" 200 33752 "http://www.journalism.columbia.edu/page/14-events-calendar/14" "Mozilla/5.0 (X11; CrOS armv7l 7834.66.0) AppleWebKit/537.36 (KHTML, like Gecko) Chrome/49.0.2623.111 Safari/537.36"
184.153.87.9 - - [17/Apr/2016:06:56:52 -0400] "GET /javascripts/theme_scripts/mike1/jquery.tablesorter.min.js HTTP/1.1" 200 5162 "http://www.journalism.columbia.edu/page/14-events-calendar/14" "Mozilla/5.0 (X11; CrOS armv7l 7834.66.0) AppleWebKit/537.36 (KHTML, like Gecko) Chrome/49.0.2623.111 Safari/537.36"
184.153.87.9 - - [17/Apr/2016:06:56:52 -0400] "GET /javascripts/theme_scripts/mike1/moment.min.js HTTP/1.1" 200 9509 "http://www.journalism.columbia.edu/page/14-events-calendar/14" "Mozilla/5.0 (X11; CrOS armv7l 7834.66.0) AppleWebKit/537.36 (KHTML, like Gecko) Chrome/49.0.2623.111 Safari/537.36"
184.153.87.9 - - [17/Apr/2016:06:56:52 -0400] "GET /javascripts/theme_scripts/mike1/clndr.min.js HTTP/1.1" 200 3752 "http://www.journalism.columbia.edu/page/14-events-calendar/14" "Mozilla/5.0 (X11; CrOS armv7l 7834.66.0) AppleWebKit/537.36 (KHTML, like Gecko) Chrome/49.0.2623.111 Safari/537.36"
81.153.203.83 - - [17/Apr/2016:06:56:52 -0400] "GET /page/9-journalism-awards/9 HTTP/1.1" 200 5673 "http://www.journalism.columbia.edu/page/4-prospective-students/4" "Mozilla/5.0 (Macintosh; Intel Mac OS X 10_11_4) AppleWebKit/601.5.17 (KHTML, like Gecko) Version/9.1 Safari/601.5.17"
184.153.87.9 - - [17/Apr/2016:06:56:52 -0400] "GET /fonts/theme_fonts/mike1/newsgothicmtbold-webfont.woff HTTP/1.1" 200 44085 "http://www.journalism.columbia.edu/stylesheets/theme_stylesheets/mike1/style.css" "Mozilla/5.0 (X11; CrOS armv7l 7834.66.0) AppleWebKit/537.36 (KHTML, like Gecko) Chrome/49.0.2623.111 Safari/537.36"
184.153.87.9 - - [17/Apr/2016:06:56:52 -0400] "GET /images/theme_images/mike1/logo.png HTTP/1.1" 200 13780 "http://www.journalism.columbia.edu/stylesheets/theme_stylesheets/mike1/style.css" "Mozilla/5.0 (X11; CrOS armv7l 7834.66.0) AppleWebKit/537.36 (KHTML, like Gecko) Chrome/49.0.2623.111 Safari/537.36"
184.153.87.9 - - [17/Apr/2016:06:56:52 -0400] "GET /images/theme_images/mike1/line4.png HTTP/1.1" 200 454 "http://www.journalism.columbia.edu/stylesheets/theme_stylesheets/mike1/style.css" "Mozilla/5.0 (X11; CrOS armv7l 7834.66.0) AppleWebKit/537.36 (KHTML, like Gecko) Chrome/49.0.2623.111 Safari/537.36"
81.153.203.83 - - [17/Apr/2016:06:56:53 -0400] "GET /system/photos/2643/default/duPont_Icon.jpeg?1345138102 HTTP/1.1" 200 13361 "http://www.journalism.columbia.edu/page/9-journalism-awards/9" "Mozilla/5.0 (Macintosh; Intel Mac OS X 10_11_4) AppleWebKit/601.5.17 (KHTML, like Gecko) Version/9.1 Safari/601.5.17"
81.153.203.83 - - [17/Apr/2016:06:56:53 -0400] "GET /system/photos/2646/default/Pulitzer_Icon.jpeg?1345138168 HTTP/1.1" 200 13801 "http://www.journalism.columbia.edu/page/9-journalism-awards/9" "Mozilla/5.0 (Macintosh; Intel Mac OS X 10_11_4) AppleWebKit/601.5.17 (KHTML, like Gecko) Version/9.1 Safari/601.5.17"
81.153.203.83 - - [17/Apr/2016:06:56:53 -0400] "GET /system/photos/2645/default/Oakes_Icon.jpeg?1345138150 HTTP/1.1" 200 6831 "http://www.journalism.columbia.edu/page/9-journalism-awards/9" "Mozilla/5.0 (Macintosh; Intel Mac OS X 10_11_4) AppleWebKit/601.5.17 (KHTML, like Gecko) Version/9.1 Safari/601.5.17"
81.153.203.83 - - [17/Apr/2016:06:56:53 -0400] "GET /system/photos/2648/default/Dart_Icon.jpeg?1345138383 HTTP/1.1" 200 8344 "http://www.journalism.columbia.edu/page/9-journalism-awards/9" "Mozilla/5.0 (Macintosh; Intel Mac OS X 10_11_4) AppleWebKit/601.5.17 (KHTML, like Gecko) Version/9.1 Safari/601.5.17"
81.153.203.83 - - [17/Apr/2016:06:56:53 -0400] "GET /system/photos/4412/default/logotype_bluebox70x70.jpg HTTP/1.1" 200 576031 "http://www.journalism.columbia.edu/page/9-journalism-awards/9" "Mozilla/5.0 (Macintosh; Intel Mac OS X 10_11_4) AppleWebKit/601.5.17 (KHTML, like Gecko) Version/9.1 Safari/601.5.17"
46.32.15.4 - - [17/Apr/2016:06:56:54 -0400] "GET /page/10-full-time-adjunct-visiting-faculty/10 HTTP/1.1" 301 547 "http://www.journalism.columbia.edu/page/72-apply/924" "Mozilla/5.0 (Windows NT 6.1) AppleWebKit/537.36 (KHTML, like Gecko) Chrome/49.0.2623.112 Safari/537.36"
184.153.87.9 - - [17/Apr/2016:06:56:55 -0400] "GET /images/theme_images/mike1/apply-button-bg.png HTTP/1.1" 200 7681 "http://www.journalism.columbia.edu/stylesheets/theme_stylesheets/mike1/style.css" "Mozilla/5.0 (X11; CrOS armv7l 7834.66.0) AppleWebKit/537.36 (KHTML, like Gecko) Chrome/49.0.2623.111 Safari/537.36"
184.153.87.9 - - [17/Apr/2016:06:56:55 -0400] "GET /images/theme_images/mike1//colorbox/border1.png HTTP/1.1" 200 1313 "http://www.journalism.columbia.edu/stylesheets/theme_stylesheets/mike1/colorbox.css" "Mozilla/5.0 (X11; CrOS armv7l 7834.66.0) AppleWebKit/537.36 (KHTML, like Gecko) Chrome/49.0.2623.111 Safari/537.36"
184.153.87.9 - - [17/Apr/2016:06:56:56 -0400] "GET /images/theme_images/mike1/favicon.ico HTTP/1.1" 200 1435 "http://www.journalism.columbia.edu/page/14-events-calendar/14" "Mozilla/5.0 (X11; CrOS armv7l 7834.66.0) AppleWebKit/537.36 (KHTML, like Gecko) Chrome/49.0.2623.111 Safari/537.36"
81.153.203.83 - - [17/Apr/2016:06:57:00 -0400] "GET /page/7-our-programs/7 HTTP/1.1" 200 5130 "http://www.journalism.columbia.edu/page/9-journalism-awards/9" "Mozilla/5.0 (Macintosh; Intel Mac OS X 10_11_4) AppleWebKit/601.5.17 (KHTML, like Gecko) Version/9.1 Safari/601.5.17"
81.153.203.83 - - [17/Apr/2016:06:57:01 -0400] "GET /system/photos/70/default/Knight-Bagehot.jpg?1275411514 HTTP/1.1" 200 60647 "http://www.journalism.columbia.edu/page/7-our-programs/7" "Mozilla/5.0 (Macintosh; Intel Mac OS X 10_11_4) AppleWebKit/601.5.17 (KHTML, like Gecko) Version/9.1 Safari/601.5.17"
81.153.203.83 - - [17/Apr/2016:06:57:01 -0400] "GET /system/photos/68/default/International.jpg?1275411342 HTTP/1.1" 200 37635 "http://www.journalism.columbia.edu/page/7-our-programs/7" "Mozilla/5.0 (Macintosh; Intel Mac OS X 10_11_4) AppleWebKit/601.5.17 (KHTML, like Gecko) Version/9.1 Safari/601.5.17"
81.153.203.83 - - [17/Apr/2016:06:57:01 -0400] "GET /system/photos/1888/default/colloqium_web_banner.jpg?1317849702 HTTP/1.1" 200 117473 "http://www.journalism.columbia.edu/page/7-our-programs/7" "Mozilla/5.0 (Macintosh; Intel Mac OS X 10_11_4) AppleWebKit/601.5.17 (KHTML, like Gecko) Version/9.1 Safari/601.5.17"
46.32.15.4 - - [17/Apr/2016:06:57:10 -0400] "GET /system/photos/2056/default/EBell_112811.jpg?1322508884 HTTP/1.1" 200 14757 "http://www.journalism.columbia.edu/faculty" "Mozilla/5.0 (Windows NT 6.1) AppleWebKit/537.36 (KHTML, like Gecko) Chrome/49.0.2623.112 Safari/537.36"
46.32.15.4 - - [17/Apr/2016:06:57:10 -0400] "GET /system/photos/2725/default/Nina-Berman.gif?1365711635 HTTP/1.1" 200 208712 "http://www.journalism.columbia.edu/faculty" "Mozilla/5.0 (Windows NT 6.1) AppleWebKit/537.36 (KHTML, like Gecko) Chrome/49.0.2623.112 Safari/537.36"
46.32.15.4 - - [17/Apr/2016:06:57:12 -0400] "GET /system/photos/147/default/AnnCooper2.jpg?1276009818 HTTP/1.1" 200 11267 "http://www.journalism.columbia.edu/faculty" "Mozilla/5.0 (Windows NT 6.1) AppleWebKit/537.36 (KHTML, like Gecko) Chrome/49.0.2623.112 Safari/537.36"
46.32.15.4 - - [17/Apr/2016:06:57:14 -0400] "GET /system/photos/2059/default/JCross_112811.jpg?1322510850 HTTP/1.1" 200 14475 "http://www.journalism.columbia.edu/faculty" "Mozilla/5.0 (Windows NT 6.1) AppleWebKit/537.36 (KHTML, like Gecko) Chrome/49.0.2623.112 Safari/537.36"
46.32.15.4 - - [17/Apr/2016:06:57:16 -0400] "GET /system/photos/93/default/HFrench.jpg?1291237303 HTTP/1.1" 200 14496 "http://www.journalism.columbia.edu/faculty" "Mozilla/5.0 (Windows NT 6.1) AppleWebKit/537.36 (KHTML, like Gecko) Chrome/49.0.2623.112 Safari/537.36"
46.32.15.4 - - [17/Apr/2016:06:57:18 -0400] "GET /system/photos/113/default/TGitlin.jpg?1291237356 HTTP/1.1" 200 13431 "http://www.journalism.columbia.edu/faculty" "Mozilla/5.0 (Windows NT 6.1) AppleWebKit/537.36 (KHTML, like Gecko) Chrome/49.0.2623.112 Safari/537.36"
46.32.15.4 - - [17/Apr/2016:06:57:19 -0400] "GET /system/photos/88/default/WGrueskin.jpg?1291236298 HTTP/1.1" 200 45668 "http://www.journalism.columbia.edu/faculty" "Mozilla/5.0 (Windows NT 6.1) AppleWebKit/537.36 (KHTML, like Gecko) Chrome/49.0.2623.112 Safari/537.36"
46.32.15.4 - - [17/Apr/2016:06:57:22 -0400] "GET /system/photos/97/default/LynNell-faculty.jpg?1368455738 HTTP/1.1" 200 13599 "http://www.journalism.columbia.edu/faculty" "Mozilla/5.0 (Windows NT 6.1) AppleWebKit/537.36 (KHTML, like Gecko) Chrome/49.0.2623.112 Safari/537.36"
46.32.15.4 - - [17/Apr/2016:06:57:24 -0400] "GET /system/photos/155/default/mholloway2015.jpg?1438353363 HTTP/1.1" 200 69312 "http://www.journalism.columbia.edu/faculty" "Mozilla/5.0 (Windows NT 6.1) AppleWebKit/537.36 (KHTML, like Gecko) Chrome/49.0.2623.112 Safari/537.36"
122.57.127.66 - - [17/Apr/2016:06:57:25 -0400] "GET /system/photos/2644/default/Lukas_Icon.jpeg?1345138128 HTTP/1.1" 200 17029 "-" "Mozilla/5.0 (Windows NT 5.1; rv:45.0) Gecko/20100101 Firefox/45.0"
81.153.203.83 - - [17/Apr/2016:06:57:28 -0400] "GET /page/199-master-of-arts-in-journalism/200 HTTP/1.1" 200 7892 "http://www.journalism.columbia.edu/page/7-our-programs/7" "Mozilla/5.0 (Macintosh; Intel Mac OS X 10_11_4) AppleWebKit/601.5.17 (KHTML, like Gecko) Version/9.1 Safari/601.5.17"
46.32.15.4 - - [17/Apr/2016:06:57:30 -0400] "GET /system/photos/2065/default/NLemann_112811.jpg?1322513292 HTTP/1.1" 200 10714 "http://www.journalism.columbia.edu/faculty" "Mozilla/5.0 (Windows NT 6.1) AppleWebKit/537.36 (KHTML, like Gecko) Chrome/49.0.2623.112 Safari/537.36"
46.32.15.4 - - [17/Apr/2016:06:57:31 -0400] "GET /system/photos/1805/default/Susan_McGregor.png?1442594937 HTTP/1.1" 200 131853 "http://www.journalism.columbia.edu/faculty" "Mozilla/5.0 (Windows NT 6.1) AppleWebKit/537.36 (KHTML, like Gecko) Chrome/49.0.2623.112 Safari/537.36"
46.32.15.4 - - [17/Apr/2016:06:57:36 -0400] "GET /system/photos/2075/default/MSchudson_112811.jpg?1322517107 HTTP/1.1" 200 23931 "http://www.journalism.columbia.edu/faculty" "Mozilla/5.0 (Windows NT 6.1) AppleWebKit/537.36 (KHTML, like Gecko) Chrome/49.0.2623.112 Safari/537.36"
128.59.40.117 - - [17/Apr/2016:06:57:38 -0400] "GET /profile/549-tim-wu/10 HTTP/1.0" 200 4219 "-" "gsa-crawler (Enterprise; T4-BWMXW7XQDYSQL; search-admin@columbia.edu)"
46.32.15.4 - - [17/Apr/2016:06:57:41 -0400] "GET /system/photos/2077/default/MShapiro_112811.jpg?1322518042 HTTP/1.1" 200 18676 "http://www.journalism.columbia.edu/faculty" "Mozilla/5.0 (Windows NT 6.1) AppleWebKit/537.36 (KHTML, like Gecko) Chrome/49.0.2623.112 Safari/537.36"
81.153.203.83 - - [17/Apr/2016:06:57:42 -0400] "GET /page/8-training-programs/8 HTTP/1.1" 200 7554 "http://www.journalism.columbia.edu/page/199-master-of-arts-in-journalism/200" "Mozilla/5.0 (Macintosh; Intel Mac OS X 10_11_4) AppleWebKit/601.5.17 (KHTML, like Gecko) Version/9.1 Safari/601.5.17"
46.32.15.4 - - [17/Apr/2016:06:57:43 -0400] "GET /system/photos/82/default/Stille.gif?1365718788 HTTP/1.1" 200 129249 "http://www.journalism.columbia.edu/faculty" "Mozilla/5.0 (Windows NT 6.1) AppleWebKit/537.36 (KHTML, like Gecko) Chrome/49.0.2623.112 Safari/537.36"
46.32.15.4 - - [17/Apr/2016:06:57:44 -0400] "GET /system/photos/91/default/Duy_headshot-2web.jpg?1423507352 HTTP/1.1" 200 79181 "http://www.journalism.columbia.edu/faculty" "Mozilla/5.0 (Windows NT 6.1) AppleWebKit/537.36 (KHTML, like Gecko) Chrome/49.0.2623.112 Safari/537.36"
100.1.205.12 - - [17/Apr/2016:06:57:45 -0400] "GET /page/507/501 HTTP/1.1" 200 8782 "https://www.google.com/" "Mozilla/5.0 (iPhone; CPU iPhone OS 9_2 like Mac OS X) AppleWebKit/601.1.46 (KHTML, like Gecko) Version/9.0 Mobile/13C75 Safari/601.1"
46.32.15.4 - - [17/Apr/2016:06:57:49 -0400] "GET /system/photos/128/default/Betsy_West2.jpg?1275668385 HTTP/1.1" 200 9878 "http://www.journalism.columbia.edu/faculty" "Mozilla/5.0 (Windows NT 6.1) AppleWebKit/537.36 (KHTML, like Gecko) Chrome/49.0.2623.112 Safari/537.36"
207.46.13.74 - - [17/Apr/2016:06:58:06 -0400] "GET /event/1315?class=more HTTP/1.1" 200 3966 "-" "Mozilla/5.0 (compatible; bingbot/2.0; +http://www.bing.com/bingbot.htm)"
49.230.19.145 - - [17/Apr/2016:06:58:20 -0400] "GET / HTTP/1.1" 200 5999 "https://www.google.co.th/" "Mozilla/5.0 (Windows NT 6.3; WOW64) AppleWebKit/537.36 (KHTML, like Gecko) Chrome/49.0.2623.112 Safari/537.36"
49.230.19.145 - - [17/Apr/2016:06:58:21 -0400] "GET /javascripts/theme_scripts/mike1/jquery.flexslider.js HTTP/1.1" 304 175 "http://www.journalism.columbia.edu/" "Mozilla/5.0 (Windows NT 6.3; WOW64) AppleWebKit/537.36 (KHTML, like Gecko) Chrome/49.0.2623.112 Safari/537.36"
49.230.19.145 - - [17/Apr/2016:06:58:21 -0400] "GET /stylesheets/theme_stylesheets/mike1/style.css HTTP/1.1" 304 175 "http://www.journalism.columbia.edu/" "Mozilla/5.0 (Windows NT 6.3; WOW64) AppleWebKit/537.36 (KHTML, like Gecko) Chrome/49.0.2623.112 Safari/537.36"
49.230.19.145 - - [17/Apr/2016:06:58:22 -0400] "GET /stylesheets/theme_stylesheets/mike1/flexslider.css HTTP/1.1" 200 1675 "http://www.journalism.columbia.edu/" "Mozilla/5.0 (Windows NT 6.3; WOW64) AppleWebKit/537.36 (KHTML, like Gecko) Chrome/49.0.2623.112 Safari/537.36"
49.230.19.145 - - [17/Apr/2016:06:58:22 -0400] "GET /javascripts/theme_scripts/mike1/jquery.tablesorter.min.js HTTP/1.1" 304 174 "http://www.journalism.columbia.edu/" "Mozilla/5.0 (Windows NT 6.3; WOW64) AppleWebKit/537.36 (KHTML, like Gecko) Chrome/49.0.2623.112 Safari/537.36"
49.230.19.145 - - [17/Apr/2016:06:58:22 -0400] "GET /javascripts/theme_scripts/mike1/moment.min.js HTTP/1.1" 200 9509 "http://www.journalism.columbia.edu/" "Mozilla/5.0 (Windows NT 6.3; WOW64) AppleWebKit/537.36 (KHTML, like Gecko) Chrome/49.0.2623.112 Safari/537.36"
49.230.19.145 - - [17/Apr/2016:06:58:23 -0400] "GET /javascripts/theme_scripts/mike1/clndr.min.js HTTP/1.1" 304 174 "http://www.journalism.columbia.edu/" "Mozilla/5.0 (Windows NT 6.3; WOW64) AppleWebKit/537.36 (KHTML, like Gecko) Chrome/49.0.2623.112 Safari/537.36"
49.230.19.145 - - [17/Apr/2016:06:58:24 -0400] "GET /system/photos/4584/default/towcenter_report2016.jpg?1460661625 HTTP/1.1" 200 163280 "http://www.journalism.columbia.edu/" "Mozilla/5.0 (Windows NT 6.3; WOW64) AppleWebKit/537.36 (KHTML, like Gecko) Chrome/49.0.2623.112 Safari/537.36"
49.230.19.145 - - [17/Apr/2016:06:58:24 -0400] "GET /system/photos/4558/default/careerexpo2016.jpg?1460148883 HTTP/1.1" 200 212783 "http://www.journalism.columbia.edu/" "Mozilla/5.0 (Windows NT 6.3; WOW64) AppleWebKit/537.36 (KHTML, like Gecko) Chrome/49.0.2623.112 Safari/537.36"
49.230.19.145 - - [17/Apr/2016:06:58:24 -0400] "GET /fonts/theme_fonts/mike1/newsgothiccondensed-webfont.woff HTTP/1.1" 304 152 "http://www.journalism.columbia.edu/stylesheets/theme_stylesheets/mike1/style.css" "Mozilla/5.0 (Windows NT 6.3; WOW64) AppleWebKit/537.36 (KHTML, like Gecko) Chrome/49.0.2623.112 Safari/537.36"
49.230.19.145 - - [17/Apr/2016:06:58:25 -0400] "GET /fonts/theme_fonts/mike1/newsgothicmtbold-webfont.woff HTTP/1.1" 200 44085 "http://www.journalism.columbia.edu/stylesheets/theme_stylesheets/mike1/style.css" "Mozilla/5.0 (Windows NT 6.3; WOW64) AppleWebKit/537.36 (KHTML, like Gecko) Chrome/49.0.2623.112 Safari/537.36"
49.230.19.145 - - [17/Apr/2016:06:58:27 -0400] "GET /system/photos/4557/default/panama_homepage.jpg?1459880343 HTTP/1.1" 200 241411 "http://www.journalism.columbia.edu/" "Mozilla/5.0 (Windows NT 6.3; WOW64) AppleWebKit/537.36 (KHTML, like Gecko) Chrome/49.0.2623.112 Safari/537.36"
49.230.19.145 - - [17/Apr/2016:06:58:28 -0400] "GET /images/theme_images/mike1/header-bg.png HTTP/1.1" 304 152 "http://www.journalism.columbia.edu/stylesheets/theme_stylesheets/mike1/style.css" "Mozilla/5.0 (Windows NT 6.3; WOW64) AppleWebKit/537.36 (KHTML, like Gecko) Chrome/49.0.2623.112 Safari/537.36"
132.66.38.12 - - [17/Apr/2016:06:58:28 -0400] "HEAD /profile/38-todd-gitlin/10 HTTP/1.1" 200 377 "-" "Microsoft Office Word 2013"
49.230.19.145 - - [17/Apr/2016:06:58:24 -0400] "GET /system/photos/3394/default/mobile-hp-image-1.jpg?1431445080 HTTP/1.1" 200 1318426 "http://www.journalism.columbia.edu/" "Mozilla/5.0 (Windows NT 6.3; WOW64) AppleWebKit/537.36 (KHTML, like Gecko) Chrome/49.0.2623.112 Safari/537.36"
49.230.19.145 - - [17/Apr/2016:06:58:29 -0400] "GET /images/theme_images/mike1/icon-donate.png HTTP/1.1" 200 1622 "http://www.journalism.columbia.edu/stylesheets/theme_stylesheets/mike1/style.css" "Mozilla/5.0 (Windows NT 6.3; WOW64) AppleWebKit/537.36 (KHTML, like Gecko) Chrome/49.0.2623.112 Safari/537.36"
81.153.203.83 - - [17/Apr/2016:06:58:29 -0400] "GET /page/7-our-programs/7 HTTP/1.1" 304 211 "http://www.journalism.columbia.edu/page/9-journalism-awards/9" "Mozilla/5.0 (Macintosh; Intel Mac OS X 10_11_4) AppleWebKit/601.5.17 (KHTML, like Gecko) Version/9.1 Safari/601.5.17"
49.230.19.145 - - [17/Apr/2016:06:58:29 -0400] "GET /images/theme_images/mike1/icon-tags-small.png HTTP/1.1" 200 1246 "http://www.journalism.columbia.edu/stylesheets/theme_stylesheets/mike1/style.css" "Mozilla/5.0 (Windows NT 6.3; WOW64) AppleWebKit/537.36 (KHTML, like Gecko) Chrome/49.0.2623.112 Safari/537.36"
132.66.38.12 - - [17/Apr/2016:06:58:30 -0400] "GET /profile/38-todd-gitlin/10 HTTP/1.1" 304 211 "-" "Mozilla/5.0 (compatible; MSIE 10.0; Windows NT 6.1; WOW64; Trident/6.0)"
49.230.19.145 - - [17/Apr/2016:06:58:30 -0400] "GET /system/photos/3200/default/TowCenter-Horizontal-v5.gif?1375202845 HTTP/1.1" 200 5670 "http://www.journalism.columbia.edu/" "Mozilla/5.0 (Windows NT 6.3; WOW64) AppleWebKit/537.36 (KHTML, like Gecko) Chrome/49.0.2623.112 Safari/537.36"
49.230.19.145 - - [17/Apr/2016:06:58:30 -0400] "GET /images/theme_images/mike1/icon-slider-nav1.png HTTP/1.1" 200 3062 "http://www.journalism.columbia.edu/stylesheets/theme_stylesheets/mike1/flexslider.css" "Mozilla/5.0 (Windows NT 6.3; WOW64) AppleWebKit/537.36 (KHTML, like Gecko) Chrome/49.0.2623.112 Safari/537.36"
49.230.19.145 - - [17/Apr/2016:06:58:31 -0400] "GET /images/theme_images/mike1/social_icons/soc_lt_insta.png HTTP/1.1" 200 11218 "http://www.journalism.columbia.edu/stylesheets/theme_stylesheets/mike1/style.css" "Mozilla/5.0 (Windows NT 6.3; WOW64) AppleWebKit/537.36 (KHTML, like Gecko) Chrome/49.0.2623.112 Safari/537.36"
49.230.19.145 - - [17/Apr/2016:06:58:31 -0400] "GET /images/theme_images/mike1/social_icons/soc_lt_fb.png HTTP/1.1" 200 11218 "http://www.journalism.columbia.edu/stylesheets/theme_stylesheets/mike1/style.css" "Mozilla/5.0 (Windows NT 6.3; WOW64) AppleWebKit/537.36 (KHTML, like Gecko) Chrome/49.0.2623.112 Safari/537.36"
49.230.19.145 - - [17/Apr/2016:06:58:31 -0400] "GET /images/theme_images/mike1//colorbox/border1.png HTTP/1.1" 304 151 "http://www.journalism.columbia.edu/stylesheets/theme_stylesheets/mike1/colorbox.css" "Mozilla/5.0 (Windows NT 6.3; WOW64) AppleWebKit/537.36 (KHTML, like Gecko) Chrome/49.0.2623.112 Safari/537.36"
208.109.21.238 - - [17/Apr/2016:06:58:33 -0400] "GET / HTTP/1.0" 200 21065 "-" "Mozilla/4.0 (compatible; MSIE 8.0; Windows NT 5.1; Trident/4.0)"
81.153.203.83 - - [17/Apr/2016:06:58:39 -0400] "GET /page/199-master-of-arts-in-journalism/200 HTTP/1.1" 304 211 "http://www.journalism.columbia.edu/page/7-our-programs/7" "Mozilla/5.0 (Macintosh; Intel Mac OS X 10_11_4) AppleWebKit/601.5.17 (KHTML, like Gecko) Version/9.1 Safari/601.5.17"
212.95.226.66 - - [17/Apr/2016:06:58:44 -0400] "GET / HTTP/1.0" 200 21065 "-" "Mozilla/4.0 (compatible; MSIE 8.0; Windows NT 5.1; Trident/4.0)"
128.59.40.117 - - [17/Apr/2016:06:58:48 -0400] "GET /robots.txt HTTP/1.0" 200 469 "-" "gsa-crawler (Enterprise; T4-BWMXW7XQDYSQL; search-admin@columbia.edu)"
70.16.220.141 - - [17/Apr/2016:06:58:50 -0400] "GET /publishing HTTP/1.1" 200 6873 "-" "Mozilla/5.0 (Macintosh; Intel Mac OS X 10_11_4) AppleWebKit/601.5.17 (KHTML, like Gecko)"
70.16.220.141 - - [17/Apr/2016:06:58:51 -0400] "GET /apple-touch-icon.png HTTP/1.1" 404 898 "-" "Safari/11601.5.17.1 CFNetwork/760.4.2 Darwin/15.4.0 (x86_64)"
70.16.220.141 - - [17/Apr/2016:06:58:52 -0400] "GET /apple-touch-icon-precomposed.png HTTP/1.1" 404 898 "-" "Safari/11601.5.17.1 CFNetwork/760.4.2 Darwin/15.4.0 (x86_64)"
23.106.239.161 - - [17/Apr/2016:06:58:53 -0400] "GET /dupont HTTP/1.1" 200 58848 "-" "Mozilla/5.0 (compatible; MSIE 9.0; Windows NT 6.0; Trident/5.0; chromeframe/11.0.696.57)"
81.153.203.83 - - [17/Apr/2016:06:58:55 -0400] "GET /system/photos/4390/default/ma_tab.jpg HTTP/1.1" 200 53578 "http://www.journalism.columbia.edu/page/200-m-a-curriculum/201" "Mozilla/5.0 (Macintosh; Intel Mac OS X 10_11_4) AppleWebKit/601.5.17 (KHTML, like Gecko) Version/9.1 Safari/601.5.17"
209.235.213.246 - - [17/Apr/2016:06:59:01 -0400] "GET / HTTP/1.0" 200 21065 "-" "Mozilla/4.0 (compatible; MSIE 8.0; Windows NT 5.1; Trident/4.0)"
184.153.87.9 - - [17/Apr/2016:06:59:05 -0400] "GET /page/8-training-programs/8 HTTP/1.1" 200 7554 "http://www.journalism.columbia.edu/page/14-events-calendar/14" "Mozilla/5.0 (X11; CrOS armv7l 7834.66.0) AppleWebKit/537.36 (KHTML, like Gecko) Chrome/49.0.2623.111 Safari/537.36"
184.153.87.9 - - [17/Apr/2016:06:59:06 -0400] "GET /images/theme_images/mike1/arrow1.png HTTP/1.1" 200 557 "http://www.journalism.columbia.edu/stylesheets/theme_stylesheets/mike1/style.css" "Mozilla/5.0 (X11; CrOS armv7l 7834.66.0) AppleWebKit/537.36 (KHTML, like Gecko) Chrome/49.0.2623.111 Safari/537.36"
81.153.203.83 - - [17/Apr/2016:06:59:11 -0400] "GET /system/photos/3250/default/Thank-you-photo-banner.gif?1375890513 HTTP/1.1" 200 187845 "http://www.journalism.columbia.edu/page/16-the-annual-fund/16" "Mozilla/5.0 (Macintosh; Intel Mac OS X 10_11_4) AppleWebKit/601.5.17 (KHTML, like Gecko) Version/9.1 Safari/601.5.17"
100.1.205.12 - - [17/Apr/2016:06:59:10 -0400] "GET /system/documents/800/original/alumni-newsletter-fall-2013.pdf HTTP/1.1" 200 3079300 "https://www.google.com/" "Mozilla/5.0 (iPhone; CPU iPhone OS 9_2 like Mac OS X) AppleWebKit/601.1.46 (KHTML, like Gecko) Version/9.0 Mobile/13C75 Safari/601.1"
125.209.235.171 - - [17/Apr/2016:06:59:13 -0400] "GET /cs/ContentServer/jrn/1165270071374/page/1175374096177/JRNTabPage.htm HTTP/1.1" 301 542 "-" "Mozilla/5.0 (compatible; Yeti/1.1; +http://help.naver.com/robots/)"
69.162.124.235 - - [17/Apr/2016:06:59:19 -0400] "HEAD / HTTP/1.1" 301 281 "-" "Mozilla/5.0+(compatible; UptimeRobot/2.0; http://www.uptimerobot.com/)"
75.101.131.28 - - [17/Apr/2016:06:59:20 -0400] "GET /page/12-alumni-and-friends/12?utm_content=buffer2bf42&utm_medium=social&utm_source=twitter.com&utm_campaign=buffer HTTP/1.1" 200 33313 "-" "-"
75.101.131.28 - - [17/Apr/2016:06:59:21 -0400] "GET /page/12-alumni-and-friends/12?utm_content=buffer2bf42&utm_medium=social&utm_source=twitter.com&utm_campaign=buffer HTTP/1.1" 200 33313 "-" "-"
81.153.203.83 - - [17/Apr/2016:06:59:22 -0400] "GET /system/photos/3953/default/francis_nyt_student_article.jpg?1415225281 HTTP/1.1" 200 66773 "http://www.journalism.columbia.edu/page/162-student-work/748" "Mozilla/5.0 (Macintosh; Intel Mac OS X 10_11_4) AppleWebKit/601.5.17 (KHTML, like Gecko) Version/9.1 Safari/601.5.17"
81.153.203.83 - - [17/Apr/2016:06:59:22 -0400] "GET /system/photos/3987/default/hardy_student.jpg?1415830396 HTTP/1.1" 200 79095 "http://www.journalism.columbia.edu/page/162-student-work/748" "Mozilla/5.0 (Macintosh; Intel Mac OS X 10_11_4) AppleWebKit/601.5.17 (KHTML, like Gecko) Version/9.1 Safari/601.5.17"
68.180.231.24 - - [17/Apr/2016:06:59:30 -0400] "GET /page/286-international-affiliates/288 HTTP/1.1" 304 211 "-" "Mozilla/5.0 (compatible; Yahoo! Slurp; http://help.yahoo.com/help/us/ysearch/slurp)"
184.153.87.9 - - [17/Apr/2016:06:59:48 -0400] "GET /system/photos/3226/default/Jschool_red_01_.gif?1375368881 HTTP/1.1" 200 321744 "http://www.journalism.columbia.edu/page/277-contacts/281" "Mozilla/5.0 (X11; CrOS armv7l 7834.66.0) AppleWebKit/537.36 (KHTML, like Gecko) Chrome/49.0.2623.111 Safari/537.36"
128.59.40.117 - - [17/Apr/2016:06:59:53 -0400] "GET /page/1135-2015-dupont-award-winners/986 HTTP/1.0" 200 15694 "-" "gsa-crawler (Enterprise; T4-BWMXW7XQDYSQL; search-admin@columbia.edu)"
62.149.225.67 - - [17/Apr/2016:07:00:07 -0400] "GET / HTTP/1.0" 200 21065 "-" "Mozilla/4.0 (compatible; MSIE 8.0; Windows NT 5.1; Trident/4.0)"
178.255.215.92 - - [17/Apr/2016:07:00:16 -0400] "GET /profile/333-melvin-mencher/video4.asp HTTP/1.1" 404 898 "-" "Mozilla/5.0 (compatible; Exabot/3.0; +http://www.exabot.com/go/robot)"
178.255.215.92 - - [17/Apr/2016:07:00:18 -0400] "GET /profile/333-melvin-mencher/video3.asp HTTP/1.1" 404 898 "-" "Mozilla/5.0 (compatible; Exabot/3.0; +http://www.exabot.com/go/robot)"
81.153.203.83 - - [17/Apr/2016:07:00:22 -0400] "GET /system/photos/4177/default/movement_article.jpg?1425932067 HTTP/1.1" 200 170068 "http://www.journalism.columbia.edu/page/1155-student-project-gets-published-on-salon/748" "Mozilla/5.0 (Macintosh; Intel Mac OS X 10_11_4) AppleWebKit/601.5.17 (KHTML, like Gecko) Version/9.1 Safari/601.5.17"
8.37.70.105 - - [17/Apr/2016:07:00:37 -0400] "GET /page/236-frequently-asked-questions/1087 HTTP/1.1" 200 7137 "-" "AddThis.com (http://support.addthis.com/)"
123.125.71.21 - - [17/Apr/2016:07:00:46 -0400] "GET /page/1070-j-school-live/920 HTTP/1.1" 200 4618 "-" "Mozilla/5.0 (compatible; Baiduspider/2.0; +http://www.baidu.com/search/spider.html)"
41.46.67.160 - - [17/Apr/2016:07:00:53 -0400] "GET /system/documents/255/original/Performance_Appraisal_Presentation_042110_282_29.ppt HTTP/1.1" 206 136621 "https://www.google.com.eg/" "Mozilla/5.0 (Windows NT 10.0; WOW64) AppleWebKit/537.36 (KHTML, like Gecko) Chrome/49.0.2623.112 Safari/537.36"
41.46.67.160 - - [17/Apr/2016:07:00:54 -0400] "GET /system/documents/255/original/Performance_Appraisal_Presentation_042110_282_29.ppt HTTP/1.1" 206 27431 "https://www.google.com.eg/" "Mozilla/5.0 (Windows NT 10.0; WOW64) AppleWebKit/537.36 (KHTML, like Gecko) Chrome/49.0.2623.112 Safari/537.36"
151.80.31.176 - - [17/Apr/2016:07:01:02 -0400] "GET /page/114-how-to-get-a-job/115 HTTP/1.1" 200 7768 "-" "Mozilla/5.0 (compatible; AhrefsBot/5.1; +http://ahrefs.com/robot/)"
68.180.231.24 - - [17/Apr/2016:07:01:09 -0400] "GET /feed/1093.rss HTTP/1.1" 304 211 "-" "Mozilla/5.0 (compatible; Yahoo! Slurp; http://help.yahoo.com/help/us/ysearch/slurp)"
124.41.241.212 - - [17/Apr/2016:07:01:11 -0400] "GET /stylesheets/theme_stylesheets/mike1/flexslider.css HTTP/1.1" 200 1675 "http://www.journalism.columbia.edu/page/63-frequently-asked-questions-p" "Mozilla/5.0 (Windows NT 6.0; WOW64; rv:45.0) Gecko/20100101 Firefox/45.0"
124.41.241.212 - - [17/Apr/2016:07:01:11 -0400] "GET /stylesheets/theme_stylesheets/mike1/colorbox.css HTTP/1.1" 200 1754 "http://www.journalism.columbia.edu/page/63-frequently-asked-questions-p" "Mozilla/5.0 (Windows NT 6.0; WOW64; rv:45.0) Gecko/20100101 Firefox/45.0"
124.41.241.212 - - [17/Apr/2016:07:01:13 -0400] "GET /javascripts/theme_scripts/mike1/jquery.flexslider.js HTTP/1.1" 200 11424 "http://www.journalism.columbia.edu/page/63-frequently-asked-questions-p" "Mozilla/5.0 (Windows NT 6.0; WOW64; rv:45.0) Gecko/20100101 Firefox/45.0"
124.41.241.212 - - [17/Apr/2016:07:01:14 -0400] "GET /javascripts/theme_scripts/mike1/jquery.ui.tumblr.rss.js HTTP/1.1" 200 1986 "http://www.journalism.columbia.edu/page/63-frequently-asked-questions-p" "Mozilla/5.0 (Windows NT 6.0; WOW64; rv:45.0) Gecko/20100101 Firefox/45.0"
124.41.241.212 - - [17/Apr/2016:07:01:15 -0400] "GET /javascripts/theme_scripts/mike1/main.js HTTP/1.1" 200 1418 "http://www.journalism.columbia.edu/page/63-frequently-asked-questions-p" "Mozilla/5.0 (Windows NT 6.0; WOW64; rv:45.0) Gecko/20100101 Firefox/45.0"
124.41.241.212 - - [17/Apr/2016:07:01:15 -0400] "GET /javascripts/theme_scripts/mike1/underscore-min.js HTTP/1.1" 200 5285 "http://www.journalism.columbia.edu/page/63-frequently-asked-questions-p" "Mozilla/5.0 (Windows NT 6.0; WOW64; rv:45.0) Gecko/20100101 Firefox/45.0"
124.41.241.212 - - [17/Apr/2016:07:01:15 -0400] "GET /images/theme_images/mike1/favicon.ico HTTP/1.1" 200 1435 "-" "Mozilla/5.0 (Windows NT 6.0; WOW64; rv:45.0) Gecko/20100101 Firefox/45.0"
124.41.241.212 - - [17/Apr/2016:07:01:16 -0400] "GET /fonts/theme_fonts/mike1/newsgothiccondensed-webfont.woff HTTP/1.1" 200 23377 "http://www.journalism.columbia.edu/stylesheets/theme_stylesheets/mike1/style.css" "Mozilla/5.0 (Windows NT 6.0; WOW64; rv:45.0) Gecko/20100101 Firefox/45.0"
124.41.241.212 - - [17/Apr/2016:07:01:16 -0400] "GET /images/theme_images/mike1/header-bg.png HTTP/1.1" 200 8213 "http://www.journalism.columbia.edu/stylesheets/theme_stylesheets/mike1/style.css" "Mozilla/5.0 (Windows NT 6.0; WOW64; rv:45.0) Gecko/20100101 Firefox/45.0"
124.41.241.212 - - [17/Apr/2016:07:01:16 -0400] "GET /images/theme_images/mike1/icon-donate.png HTTP/1.1" 200 1622 "http://www.journalism.columbia.edu/stylesheets/theme_stylesheets/mike1/style.css" "Mozilla/5.0 (Windows NT 6.0; WOW64; rv:45.0) Gecko/20100101 Firefox/45.0"
124.41.241.212 - - [17/Apr/2016:07:01:17 -0400] "GET /images/theme_images/mike1/apply-button-bg.png HTTP/1.1" 200 7681 "http://www.journalism.columbia.edu/stylesheets/theme_stylesheets/mike1/style.css" "Mozilla/5.0 (Windows NT 6.0; WOW64; rv:45.0) Gecko/20100101 Firefox/45.0"
41.218.218.99 - - [17/Apr/2016:07:01:33 -0400] "GET /page/155-newly-admitted-students/493 HTTP/1.1" 404 14813 "-" "Mozilla/5.0 (Macintosh; Intel Mac OS X 10_11_2) AppleWebKit/537.36 (KHTML, like Gecko) Chrome/49.0.2623.112 Safari/537.36"
41.218.218.99 - - [17/Apr/2016:07:01:34 -0400] "GET /stylesheets/theme_stylesheets/mike1/flexslider.css HTTP/1.1" 200 1675 "http://www.journalism.columbia.edu/page/155-newly-admitted-students/493" "Mozilla/5.0 (Macintosh; Intel Mac OS X 10_11_2) AppleWebKit/537.36 (KHTML, like Gecko) Chrome/49.0.2623.112 Safari/537.36"
31.220.243.66 - - [17/Apr/2016:07:01:33 -0400] "GET /page/199-master-of-arts-in-journalism/200 HTTP/1.1" 200 7892 "https://www.google.nl/" "Mozilla/5.0 (Windows NT 10.0; WOW64) AppleWebKit/537.36 (KHTML, like Gecko) Chrome/49.0.2623.112 Safari/537.36"
41.218.218.99 - - [17/Apr/2016:07:01:34 -0400] "GET /javascripts/theme_scripts/mike1/jquery.js HTTP/1.1" 200 33752 "http://www.journalism.columbia.edu/page/155-newly-admitted-students/493" "Mozilla/5.0 (Macintosh; Intel Mac OS X 10_11_2) AppleWebKit/537.36 (KHTML, like Gecko) Chrome/49.0.2623.112 Safari/537.36"
31.220.243.66 - - [17/Apr/2016:07:01:34 -0400] "GET /stylesheets/theme_stylesheets/mike1/style.css HTTP/1.1" 200 10239 "http://www.journalism.columbia.edu/page/199-master-of-arts-in-journalism/200" "Mozilla/5.0 (Windows NT 10.0; WOW64) AppleWebKit/537.36 (KHTML, like Gecko) Chrome/49.0.2623.112 Safari/537.36"
31.220.243.66 - - [17/Apr/2016:07:01:34 -0400] "GET /stylesheets/theme_stylesheets/mike1/colorbox.css HTTP/1.1" 200 1754 "http://www.journalism.columbia.edu/page/199-master-of-arts-in-journalism/200" "Mozilla/5.0 (Windows NT 10.0; WOW64) AppleWebKit/537.36 (KHTML, like Gecko) Chrome/49.0.2623.112 Safari/537.36"
31.220.243.66 - - [17/Apr/2016:07:01:34 -0400] "GET /javascripts/theme_scripts/mike1/jquery.flexslider.js HTTP/1.1" 200 11424 "http://www.journalism.columbia.edu/page/199-master-of-arts-in-journalism/200" "Mozilla/5.0 (Windows NT 10.0; WOW64) AppleWebKit/537.36 (KHTML, like Gecko) Chrome/49.0.2623.112 Safari/537.36"
41.218.218.99 - - [17/Apr/2016:07:01:34 -0400] "GET /javascripts/theme_scripts/mike1/jquery.colorbox.js HTTP/1.1" 200 4590 "http://www.journalism.columbia.edu/page/155-newly-admitted-students/493" "Mozilla/5.0 (Macintosh; Intel Mac OS X 10_11_2) AppleWebKit/537.36 (KHTML, like Gecko) Chrome/49.0.2623.112 Safari/537.36"
31.220.243.66 - - [17/Apr/2016:07:01:34 -0400] "GET /javascripts/theme_scripts/mike1/jquery.ui.tumblr.rss.js HTTP/1.1" 200 1986 "http://www.journalism.columbia.edu/page/199-master-of-arts-in-journalism/200" "Mozilla/5.0 (Windows NT 10.0; WOW64) AppleWebKit/537.36 (KHTML, like Gecko) Chrome/49.0.2623.112 Safari/537.36"
31.220.243.66 - - [17/Apr/2016:07:01:34 -0400] "GET /javascripts/theme_scripts/mike1/main.js HTTP/1.1" 200 1418 "http://www.journalism.columbia.edu/page/199-master-of-arts-in-journalism/200" "Mozilla/5.0 (Windows NT 10.0; WOW64) AppleWebKit/537.36 (KHTML, like Gecko) Chrome/49.0.2623.112 Safari/537.36"
41.218.218.99 - - [17/Apr/2016:07:01:34 -0400] "GET /javascripts/theme_scripts/mike1/jquery.tablesorter.min.js HTTP/1.1" 200 5162 "http://www.journalism.columbia.edu/page/155-newly-admitted-students/493" "Mozilla/5.0 (Macintosh; Intel Mac OS X 10_11_2) AppleWebKit/537.36 (KHTML, like Gecko) Chrome/49.0.2623.112 Safari/537.36"
41.218.218.99 - - [17/Apr/2016:07:01:34 -0400] "GET /javascripts/theme_scripts/mike1/main.js HTTP/1.1" 200 1418 "http://www.journalism.columbia.edu/page/155-newly-admitted-students/493" "Mozilla/5.0 (Macintosh; Intel Mac OS X 10_11_2) AppleWebKit/537.36 (KHTML, like Gecko) Chrome/49.0.2623.112 Safari/537.36"
31.220.243.66 - - [17/Apr/2016:07:01:34 -0400] "GET /images/theme_images/mike1/logo-horizontal-2.png HTTP/1.1" 200 45180 "http://www.journalism.columbia.edu/page/199-master-of-arts-in-journalism/200" "Mozilla/5.0 (Windows NT 10.0; WOW64) AppleWebKit/537.36 (KHTML, like Gecko) Chrome/49.0.2623.112 Safari/537.36"
41.218.218.99 - - [17/Apr/2016:07:01:34 -0400] "GET /javascripts/theme_scripts/mike1/underscore-min.js HTTP/1.1" 200 5285 "http://www.journalism.columbia.edu/page/155-newly-admitted-students/493" "Mozilla/5.0 (Macintosh; Intel Mac OS X 10_11_2) AppleWebKit/537.36 (KHTML, like Gecko) Chrome/49.0.2623.112 Safari/537.36"
31.220.243.66 - - [17/Apr/2016:07:01:34 -0400] "GET /images/theme_images/mike1/logo.png HTTP/1.1" 200 13780 "http://www.journalism.columbia.edu/stylesheets/theme_stylesheets/mike1/style.css" "Mozilla/5.0 (Windows NT 10.0; WOW64) AppleWebKit/537.36 (KHTML, like Gecko) Chrome/49.0.2623.112 Safari/537.36"
31.220.243.66 - - [17/Apr/2016:07:01:34 -0400] "GET /images/theme_images/mike1/header-bg.png HTTP/1.1" 200 8213 "http://www.journalism.columbia.edu/stylesheets/theme_stylesheets/mike1/style.css" "Mozilla/5.0 (Windows NT 10.0; WOW64) AppleWebKit/537.36 (KHTML, like Gecko) Chrome/49.0.2623.112 Safari/537.36"
41.218.218.99 - - [17/Apr/2016:07:01:35 -0400] "GET /javascripts/theme_scripts/mike1/clndr.min.js HTTP/1.1" 200 3752 "http://www.journalism.columbia.edu/page/155-newly-admitted-students/493" "Mozilla/5.0 (Macintosh; Intel Mac OS X 10_11_2) AppleWebKit/537.36 (KHTML, like Gecko) Chrome/49.0.2623.112 Safari/537.36"
31.220.243.66 - - [17/Apr/2016:07:01:35 -0400] "GET /images/theme_images/mike1/line4.png HTTP/1.1" 200 454 "http://www.journalism.columbia.edu/stylesheets/theme_stylesheets/mike1/style.css" "Mozilla/5.0 (Windows NT 10.0; WOW64) AppleWebKit/537.36 (KHTML, like Gecko) Chrome/49.0.2623.112 Safari/537.36"
31.220.243.66 - - [17/Apr/2016:07:01:35 -0400] "GET /images/theme_images/mike1/apply-button-bg.png HTTP/1.1" 200 7681 "http://www.journalism.columbia.edu/stylesheets/theme_stylesheets/mike1/style.css" "Mozilla/5.0 (Windows NT 10.0; WOW64) AppleWebKit/537.36 (KHTML, like Gecko) Chrome/49.0.2623.112 Safari/537.36"
31.220.243.66 - - [17/Apr/2016:07:01:35 -0400] "GET /images/theme_images/mike1//colorbox/border2.png HTTP/1.1" 200 424 "http://www.journalism.columbia.edu/stylesheets/theme_stylesheets/mike1/colorbox.css" "Mozilla/5.0 (Windows NT 10.0; WOW64) AppleWebKit/537.36 (KHTML, like Gecko) Chrome/49.0.2623.112 Safari/537.36"
41.218.218.99 - - [17/Apr/2016:07:01:35 -0400] "GET /fonts/theme_fonts/mike1/newsgothicmtbold-webfont.woff HTTP/1.1" 200 44085 "http://www.journalism.columbia.edu/stylesheets/theme_stylesheets/mike1/style.css" "Mozilla/5.0 (Macintosh; Intel Mac OS X 10_11_2) AppleWebKit/537.36 (KHTML, like Gecko) Chrome/49.0.2623.112 Safari/537.36"
41.218.218.99 - - [17/Apr/2016:07:01:35 -0400] "GET /images/theme_images/mike1/logo.png HTTP/1.1" 200 13780 "http://www.journalism.columbia.edu/stylesheets/theme_stylesheets/mike1/style.css" "Mozilla/5.0 (Macintosh; Intel Mac OS X 10_11_2) AppleWebKit/537.36 (KHTML, like Gecko) Chrome/49.0.2623.112 Safari/537.36"
41.218.218.99 - - [17/Apr/2016:07:01:35 -0400] "GET /images/theme_images/mike1/line3.png HTTP/1.1" 200 444 "http://www.journalism.columbia.edu/stylesheets/theme_stylesheets/mike1/style.css" "Mozilla/5.0 (Macintosh; Intel Mac OS X 10_11_2) AppleWebKit/537.36 (KHTML, like Gecko) Chrome/49.0.2623.112 Safari/537.36"
41.218.218.99 - - [17/Apr/2016:07:01:36 -0400] "GET /images/theme_images/mike1/logo-footer.png HTTP/1.1" 200 1311 "http://www.journalism.columbia.edu/stylesheets/theme_stylesheets/mike1/style.css" "Mozilla/5.0 (Macintosh; Intel Mac OS X 10_11_2) AppleWebKit/537.36 (KHTML, like Gecko) Chrome/49.0.2623.112 Safari/537.36"
41.218.218.99 - - [17/Apr/2016:07:01:36 -0400] "GET /images/theme_images/mike1//colorbox/border2.png HTTP/1.1" 200 424 "http://www.journalism.columbia.edu/stylesheets/theme_stylesheets/mike1/colorbox.css" "Mozilla/5.0 (Macintosh; Intel Mac OS X 10_11_2) AppleWebKit/537.36 (KHTML, like Gecko) Chrome/49.0.2623.112 Safari/537.36"
31.220.243.66 - - [17/Apr/2016:07:01:39 -0400] "GET /images/theme_images/mike1/favicon.ico HTTP/1.1" 200 1435 "http://www.journalism.columbia.edu/page/199-master-of-arts-in-journalism/200" "Mozilla/5.0 (Windows NT 10.0; WOW64) AppleWebKit/537.36 (KHTML, like Gecko) Chrome/49.0.2623.112 Safari/537.36"
208.115.113.84 - - [17/Apr/2016:07:02:01 -0400] "GET /cs/ContentServer/jrn/1165270069782/page/1175374446419/simplepage.htm HTTP/1.1" 303 627 "-" "Mozilla/5.0 (compatible; DotBot/1.1; http://www.opensiteexplorer.org/dotbot, help@moz.com)"
208.115.113.84 - - [17/Apr/2016:07:02:05 -0400] "GET /studentwork/cns/2002-04-17/422.asp HTTP/1.1" 301 655 "-" "Mozilla/5.0 (compatible; DotBot/1.1; http://www.opensiteexplorer.org/dotbot, help@moz.com)"
31.220.243.66 - - [17/Apr/2016:07:02:13 -0400] "GET /page/8-training-programs/8 HTTP/1.1" 200 7554 "http://www.journalism.columbia.edu/page/199-master-of-arts-in-journalism/200" "Mozilla/5.0 (Windows NT 10.0; WOW64) AppleWebKit/537.36 (KHTML, like Gecko) Chrome/49.0.2623.112 Safari/537.36"
31.220.243.66 - - [17/Apr/2016:07:02:14 -0400] "GET /images/theme_images/mike1/arrow1.png HTTP/1.1" 200 557 "http://www.journalism.columbia.edu/stylesheets/theme_stylesheets/mike1/style.css" "Mozilla/5.0 (Windows NT 10.0; WOW64) AppleWebKit/537.36 (KHTML, like Gecko) Chrome/49.0.2623.112 Safari/537.36"
31.220.243.66 - - [17/Apr/2016:07:02:22 -0400] "GET /images/theme_images/mike1/line3.png HTTP/1.1" 200 444 "http://www.journalism.columbia.edu/stylesheets/theme_stylesheets/mike1/style.css" "Mozilla/5.0 (Windows NT 10.0; WOW64) AppleWebKit/537.36 (KHTML, like Gecko) Chrome/49.0.2623.112 Safari/537.36"
124.41.241.212 - - [17/Apr/2016:07:02:27 -0400] "GET /page/491/63 HTTP/1.1" 200 8373 "http://www.journalism.columbia.edu/page/63-frequently-asked-questions-p" "Mozilla/5.0 (Windows NT 6.0; WOW64; rv:45.0) Gecko/20100101 Firefox/45.0"
182.48.49.155 - - [17/Apr/2016:07:02:41 -0400] "GET /old/wp-admin/ HTTP/1.1" 301 616 "-" "-"
68.180.231.24 - - [17/Apr/2016:07:02:50 -0400] "GET /ContinuingEducation HTTP/1.1" 304 211 "-" "Mozilla/5.0 (compatible; Yahoo! Slurp; http://help.yahoo.com/help/us/ysearch/slurp)"
207.46.13.74 - - [17/Apr/2016:07:03:12 -0400] "GET /system/photos/3718/default/Giannina_Segnini.jpg?1406325332 HTTP/1.1" 200 57698 "-" "Mozilla/5.0 (compatible; bingbot/2.0; +http://www.bing.com/bingbot.htm)"
115.87.132.168 - - [17/Apr/2016:07:03:23 -0400] "GET /page/75-ph-d-required-application-materials/75 HTTP/1.1" 404 6716 "http://www.journalism.columbia.edu/page/72-apply/924" "Mozilla/5.0 (Macintosh; Intel Mac OS X 10_11_4) AppleWebKit/537.36 (KHTML, like Gecko) Chrome/49.0.2623.112 Safari/537.36"
124.41.241.212 - - [17/Apr/2016:07:03:33 -0400] "GET /page/1097/4 HTTP/1.1" 200 4884 "http://www.journalism.columbia.edu/page/4-prospective-students/4" "Mozilla/5.0 (Windows NT 6.0; WOW64; rv:45.0) Gecko/20100101 Firefox/45.0"
124.41.241.212 - - [17/Apr/2016:07:03:40 -0400] "GET /page/1097/4 HTTP/1.1" 304 211 "http://www.journalism.columbia.edu/page/1097/4" "Mozilla/5.0 (Windows NT 6.0; WOW64; rv:45.0) Gecko/20100101 Firefox/45.0"
69.162.124.235 - - [17/Apr/2016:07:04:19 -0400] "HEAD / HTTP/1.1" 301 281 "-" "Mozilla/5.0+(compatible; UptimeRobot/2.0; http://www.uptimerobot.com/)"
128.59.40.117 - - [17/Apr/2016:07:04:20 -0400] "GET /event/1523 HTTP/1.0" 200 4133 "-" "gsa-crawler (Enterprise; T4-BWMXW7XQDYSQL; search-admin@columbia.edu)"
52.7.249.161 - - [17/Apr/2016:07:04:19 -0400] "GET /feed/301.rss HTTP/1.1" 200 62822 "-" "Mozilla/5.0 (Windows NT 6.3; WOW64; rv:33.0) Gecko/20100101 Firefox/33.0"
109.173.125.227 - - [17/Apr/2016:07:04:23 -0400] "GET /index.php/component/users/?view=registration HTTP/1.0" 404 1244 "http://www.journalism.columbia.edu/index.php/component/users/?view=registration" "Mozilla/5.0 (Windows NT 6.3; WOW64) AppleWebKit/537.36 (KHTML, like Gecko) Chrome/48.0.2564.116 Safari/537.36"
124.41.241.212 - - [17/Apr/2016:07:04:33 -0400] "GET /system/photos/3727/default/ms_student.jpg?1406838491 HTTP/1.1" 200 150643 "http://www.journalism.columbia.edu/page/85-master-of-science-degree/85" "Mozilla/5.0 (Windows NT 6.0; WOW64; rv:45.0) Gecko/20100101 Firefox/45.0"
124.41.241.212 - - [17/Apr/2016:07:04:49 -0400] "GET /system/photos/191/default/International_Gates.jpg?1276270291 HTTP/1.1" 200 20039 "http://www.journalism.columbia.edu/page/211-international-journalism-programs/212" "Mozilla/5.0 (Windows NT 6.0; WOW64; rv:45.0) Gecko/20100101 Firefox/45.0"
69.127.186.52 - - [17/Apr/2016:07:04:54 -0400] "GET /page/503/501 HTTP/1.1" 200 8379 "https://www.google.com/" "Mozilla/5.0 (Macintosh; Intel Mac OS X 10_11_3) AppleWebKit/537.36 (KHTML, like Gecko) Chrome/49.0.2623.87 Safari/537.36"
69.127.186.52 - - [17/Apr/2016:07:04:54 -0400] "GET /stylesheets/theme_stylesheets/mike1/flexslider.css HTTP/1.1" 200 1675 "http://www.journalism.columbia.edu/page/503/501" "Mozilla/5.0 (Macintosh; Intel Mac OS X 10_11_3) AppleWebKit/537.36 (KHTML, like Gecko) Chrome/49.0.2623.87 Safari/537.36"
69.127.186.52 - - [17/Apr/2016:07:04:54 -0400] "GET /javascripts/theme_scripts/mike1/jquery.flexslider.js HTTP/1.1" 200 11424 "http://www.journalism.columbia.edu/page/503/501" "Mozilla/5.0 (Macintosh; Intel Mac OS X 10_11_3) AppleWebKit/537.36 (KHTML, like Gecko) Chrome/49.0.2623.87 Safari/537.36"
69.127.186.52 - - [17/Apr/2016:07:04:54 -0400] "GET /javascripts/theme_scripts/mike1/jquery.js HTTP/1.1" 200 33752 "http://www.journalism.columbia.edu/page/503/501" "Mozilla/5.0 (Macintosh; Intel Mac OS X 10_11_3) AppleWebKit/537.36 (KHTML, like Gecko) Chrome/49.0.2623.87 Safari/537.36"
69.127.186.52 - - [17/Apr/2016:07:04:54 -0400] "GET /javascripts/theme_scripts/mike1/jquery.tablesorter.min.js HTTP/1.1" 200 5162 "http://www.journalism.columbia.edu/page/503/501" "Mozilla/5.0 (Macintosh; Intel Mac OS X 10_11_3) AppleWebKit/537.36 (KHTML, like Gecko) Chrome/49.0.2623.87 Safari/537.36"
69.127.186.52 - - [17/Apr/2016:07:04:54 -0400] "GET /javascripts/theme_scripts/mike1/underscore-min.js HTTP/1.1" 200 5285 "http://www.journalism.columbia.edu/page/503/501" "Mozilla/5.0 (Macintosh; Intel Mac OS X 10_11_3) AppleWebKit/537.36 (KHTML, like Gecko) Chrome/49.0.2623.87 Safari/537.36"
69.127.186.52 - - [17/Apr/2016:07:04:54 -0400] "GET /javascripts/theme_scripts/mike1/clndr.min.js HTTP/1.1" 200 3752 "http://www.journalism.columbia.edu/page/503/501" "Mozilla/5.0 (Macintosh; Intel Mac OS X 10_11_3) AppleWebKit/537.36 (KHTML, like Gecko) Chrome/49.0.2623.87 Safari/537.36"
69.127.186.52 - - [17/Apr/2016:07:04:55 -0400] "GET /fonts/theme_fonts/mike1/newsgothiccondensed-webfont.woff HTTP/1.1" 200 23377 "http://www.journalism.columbia.edu/stylesheets/theme_stylesheets/mike1/style.css" "Mozilla/5.0 (Macintosh; Intel Mac OS X 10_11_3) AppleWebKit/537.36 (KHTML, like Gecko) Chrome/49.0.2623.87 Safari/537.36"
69.127.186.52 - - [17/Apr/2016:07:04:55 -0400] "GET /images/theme_images/mike1/logo.png HTTP/1.1" 200 13780 "http://www.journalism.columbia.edu/stylesheets/theme_stylesheets/mike1/style.css" "Mozilla/5.0 (Macintosh; Intel Mac OS X 10_11_3) AppleWebKit/537.36 (KHTML, like Gecko) Chrome/49.0.2623.87 Safari/537.36"
69.127.186.52 - - [17/Apr/2016:07:04:55 -0400] "GET /images/theme_images/mike1/icon-donate.png HTTP/1.1" 200 1622 "http://www.journalism.columbia.edu/stylesheets/theme_stylesheets/mike1/style.css" "Mozilla/5.0 (Macintosh; Intel Mac OS X 10_11_3) AppleWebKit/537.36 (KHTML, like Gecko) Chrome/49.0.2623.87 Safari/537.36"
69.127.186.52 - - [17/Apr/2016:07:04:55 -0400] "GET /images/theme_images/mike1/arrow1.png HTTP/1.1" 200 557 "http://www.journalism.columbia.edu/stylesheets/theme_stylesheets/mike1/style.css" "Mozilla/5.0 (Macintosh; Intel Mac OS X 10_11_3) AppleWebKit/537.36 (KHTML, like Gecko) Chrome/49.0.2623.87 Safari/537.36"
69.127.186.52 - - [17/Apr/2016:07:04:55 -0400] "GET /images/theme_images/mike1/apply-button-bg.png HTTP/1.1" 200 7681 "http://www.journalism.columbia.edu/stylesheets/theme_stylesheets/mike1/style.css" "Mozilla/5.0 (Macintosh; Intel Mac OS X 10_11_3) AppleWebKit/537.36 (KHTML, like Gecko) Chrome/49.0.2623.87 Safari/537.36"
69.127.186.52 - - [17/Apr/2016:07:04:55 -0400] "GET /images/theme_images/mike1//colorbox/border1.png HTTP/1.1" 200 1313 "http://www.journalism.columbia.edu/stylesheets/theme_stylesheets/mike1/colorbox.css" "Mozilla/5.0 (Macintosh; Intel Mac OS X 10_11_3) AppleWebKit/537.36 (KHTML, like Gecko) Chrome/49.0.2623.87 Safari/537.36"
54.165.176.73 - - [17/Apr/2016:07:04:56 -0400] "GET /feed/13.rss HTTP/1.1" 304 211 "-" "python-requests/2.5.0 CPython/2.7.9 Linux/3.14.20-20.44.amzn1.x86_64"
157.55.39.192 - - [17/Apr/2016:07:04:55 -0400] "GET /system/documents/350/original/Steele.pdf HTTP/1.1" 200 1222789 "-" "Mozilla/5.0 (iPhone; CPU iPhone OS 7_0 like Mac OS X) AppleWebKit/537.51.1 (KHTML, like Gecko) Version/7.0 Mobile/11A465 Safari/9537.53 (compatible; bingbot/2.0; +http://www.bing.com/bingbot.htm)"
52.0.19.0 - - [17/Apr/2016:07:05:22 -0400] "HEAD /profile/31-sheila-coronel/10/feed HTTP/1.1" 404 320 "-" "Apache-HttpClient/4.5.1 (Java/1.8.0_71)"
180.76.15.9 - - [17/Apr/2016:07:05:30 -0400] "GET /system/documents/842/original/june_2014.pdf HTTP/1.1" 200 145316 "-" "Mozilla/5.0 (compatible; Baiduspider/2.0; +http://www.baidu.com/search/spider.html)"
124.41.241.212 - - [17/Apr/2016:07:05:34 -0400] "GET /system/photos/192/default/Paris_Slide_1.jpg?1276270850 HTTP/1.1" 200 43523 "http://www.journalism.columbia.edu/page/212-dual-degree-sciences-po-paris/213" "Mozilla/5.0 (Windows NT 6.0; WOW64; rv:45.0) Gecko/20100101 Firefox/45.0"
66.249.66.99 - - [17/Apr/2016:07:05:48 -0400] "GET /news/696 HTTP/1.1" 200 5427 "-" "Mozilla/5.0 (compatible; Googlebot/2.1; +http://www.google.com/bot.html)"
180.76.15.154 - - [17/Apr/2016:07:05:54 -0400] "GET /news/1489 HTTP/1.1" 200 4988 "-" "Mozilla/5.0 (compatible; Baiduspider/2.0; +http://www.baidu.com/search/spider.html)"
